python rnn_pretrain.py --dset etth1 --mask_ratio 0.4 --patch_len 16 --stride 8 --hidden_size 64 --context_points 96 --batch_size 32 --n_epochs_pretrain 100
args: Namespace(batch_size=32, context_points=96, d_ff=512, d_model=128, device='cuda:0', dropout=0.2, dset_pretrain='etth1', features='M', head_dropout=0.2, hidden_size=64, lr=0.0001, mask_ratio=0.4, model_type='based_model', n_epochs_pretrain=100, n_heads=16, n_layers=3, num_workers=0, patch_len=16, pretrained_model_id=1, revin=1, scaler='standard', stride=8, target_points=96)
number of patches: 11
number of model params 10448
suggested_lr 0.0010974987654930567
number of patches: 11
number of model params 10448
          epoch     train_loss     valid_loss           time
Better model found at epoch 0 with valid_loss value: 0.7007194916264587.
              0       0.871790       0.700719          00:04
Better model found at epoch 1 with valid_loss value: 0.6068127068839767.
              1       0.703723       0.606813          00:04
Better model found at epoch 2 with valid_loss value: 0.5573912368856598.
              2       0.648337       0.557391          00:04
Better model found at epoch 3 with valid_loss value: 0.52486727866921.
              3       0.613261       0.524867          00:04
Better model found at epoch 4 with valid_loss value: 0.5147724363919435.
              4       0.587453       0.514772          00:04
Better model found at epoch 5 with valid_loss value: 0.5024183947907316.
              5       0.573239       0.502418          00:04
Better model found at epoch 6 with valid_loss value: 0.4934245522189183.
              6       0.562257       0.493425          00:04
              7       0.554565       0.495761          00:04
Better model found at epoch 8 with valid_loss value: 0.4892537361843582.
              8       0.550535       0.489254          00:04
Better model found at epoch 9 with valid_loss value: 0.4867282175718133.
              9       0.543038       0.486728          00:04
Better model found at epoch 10 with valid_loss value: 0.4809025927120736.
             10       0.539124       0.480903          00:04
             11       0.534939       0.483389          00:04
             12       0.533628       0.481143          00:04
Better model found at epoch 13 with valid_loss value: 0.4784919999018178.
             13       0.528557       0.478492          00:04
Better model found at epoch 14 with valid_loss value: 0.4733824478231598.
             14       0.528025       0.473382          00:04
Better model found at epoch 15 with valid_loss value: 0.47101651915956017.
             15       0.526842       0.471017          00:04
Better model found at epoch 16 with valid_loss value: 0.4696179922436041.
             16       0.525875       0.469618          00:04
             17       0.521734       0.485031          00:04
             18       0.521277       0.482436          00:04
Better model found at epoch 19 with valid_loss value: 0.46819702367594257.
             19       0.520050       0.468197          00:04
             20       0.520251       0.470442          00:04
             21       0.518813       0.477913          00:04
             22       0.516886       0.470868          00:04
             23       0.515271       0.472363          00:04
Better model found at epoch 24 with valid_loss value: 0.4641272389054084.
             24       0.514848       0.464127          00:04
             25       0.513246       0.477792          00:04
             26       0.512890       0.464849          00:04
             27       0.514307       0.474616          00:04
             28       0.512553       0.468456          00:03
             29       0.511653       0.478047          00:03
             30       0.510177       0.474799          00:03
             31       0.510623       0.476867          00:03
             32       0.509632       0.483720          00:03
             33       0.513188       0.471360          00:03
Better model found at epoch 34 with valid_loss value: 0.46401792351604576.
             34       0.509365       0.464018          00:03
             35       0.507757       0.475044          00:03
             36       0.506792       0.486780          00:03
             37       0.507423       0.486388          00:03
             38       0.509192       0.475311          00:03
             39       0.508527       0.466820          00:03
             40       0.507679       0.465963          00:03
             41       0.507943       0.467748          00:03
Better model found at epoch 42 with valid_loss value: 0.4619765660065081.
             42       0.505374       0.461977          00:04
             43       0.504752       0.477338          00:04
             44       0.505474       0.468430          00:04
             45       0.507906       0.474235          00:04
             46       0.504396       0.462047          00:04
Better model found at epoch 47 with valid_loss value: 0.460267756956912.
             47       0.503859       0.460268          00:04
             48       0.502890       0.467396          00:04
             49       0.503700       0.463483          00:04
             50       0.504254       0.468236          00:04
             51       0.502145       0.461532          00:04
             52       0.501497       0.465583          00:04
             53       0.501095       0.471872          00:04
             54       0.503667       0.465339          00:04
             55       0.501350       0.470370          00:04
Better model found at epoch 56 with valid_loss value: 0.45896386192773786.
             56       0.502925       0.458964          00:04
             57       0.501230       0.459575          00:04
             58       0.501472       0.464595          00:04
             59       0.499340       0.464843          00:04
             60       0.498795       0.461537          00:04
Better model found at epoch 61 with valid_loss value: 0.4518726068082361.
             61       0.501081       0.451873          00:04
             62       0.500417       0.458378          00:04
             63       0.499625       0.463205          00:04
             64       0.500974       0.466068          00:04
             65       0.499043       0.457636          00:04
             66       0.498875       0.458857          00:04
             67       0.497335       0.464402          00:04
             68       0.499203       0.458973          00:04
             69       0.496238       0.456402          00:04
             70       0.495845       0.459526          00:04
             71       0.497479       0.460625          00:04
             72       0.497228       0.458768          00:04
             73       0.495630       0.456838          00:04
             74       0.495999       0.462877          00:04
             75       0.495064       0.455522          00:04
             76       0.493905       0.462413          00:04
             77       0.494597       0.457019          00:04
             78       0.493357       0.458868          00:04
             79       0.495613       0.458597          00:04
             80       0.493225       0.455174          00:04
             81       0.494720       0.457983          00:04
             82       0.493921       0.455290          00:04
             83       0.493172       0.452789          00:04
             84       0.492141       0.456076          00:04
             85       0.494154       0.455573          00:04
             86       0.493543       0.456370          00:04
             87       0.491255       0.456410          00:04
             88       0.493915       0.454654          00:04
             89       0.492218       0.453204          00:04
             90       0.492679       0.454894          00:04
             91       0.493945       0.456702          00:04
Better model found at epoch 92 with valid_loss value: 0.450265048179421.
             92       0.491564       0.450265          00:04
             93       0.490695       0.451445          00:04
             94       0.492334       0.456902          00:04
             95       0.492933       0.451859          00:04
             96       0.491267       0.454670          00:04
Better model found at epoch 97 with valid_loss value: 0.4478031288571589.
             97       0.492007       0.447803          00:04
             98       0.490484       0.454575          00:04
             99       0.490940       0.455377          00:04
pretraining completed
(timeseries-library) customer@ubuntu:~/lxy/github/PRNN/reconstruction$ python rnn_finetune.py --dset etth1 --patch_len 16 --stride 8 --hidden_size 64 --context_poin
ts 96 --pretrained_model patchtst_pretrained_cw96_patch16_stride8_epochs-pretrain1
00_mask0.4_model1 --target_points 96 --batch_size 32 --n_epochs_finetune 100
args: Namespace(batch_size=32, context_points=96, d_ff=256, d_model=128, dropout=0.2, dset_finetune='etth1', features='M', finetuned_model_id=1, head_dropout=0.2, hidden_size=64, is_finetune=1, is_linear_probe=0, lr=0.0001, model_type='based_model', n_epochs_finetune=100, n_heads=16, n_layers=3, num_workers=0, patch_len=16, pretrained_model='patchtst_pretrained_cw96_patch16_stride8_epochs-pretrain100_mask0.4_model1', revin=1, scaler='standard', stride=8, target_points=96)
gpu 0
gpu 1
number of patches: 11
number of model params 83328
weights from saved_models/etth1/masked_patchtst/based_model/patchtst_pretrained_cw96_patch16_stride8_epochs-pretrain100_mask0.4_model1.pth successfully transferred!

suggested_lr 0.0005214008287999684
end-to-end finetuning
number of patches: 11
number of model params 83328
weights from saved_models/etth1/masked_patchtst/based_model/patchtst_pretrained_cw96_patch16_stride8_epochs-pretrain100_mask0.4_model1.pth successfully transferred!

Finetune the head
          epoch     train_loss     valid_loss      valid_mse           time
Better model found at epoch 0 with valid_loss value: 0.7584462136725763.
              0       0.491481       0.758446       0.758446          00:02
Better model found at epoch 1 with valid_loss value: 0.716573773423474.
              1       0.389949       0.716574       0.716574          00:03
              2       0.371312       0.730179       0.730179          00:03
              3       0.362607       0.722066       0.722066          00:03
Better model found at epoch 4 with valid_loss value: 0.7090603347312612.
              4       0.357461       0.709060       0.709060          00:03
              5       0.354688       0.714797       0.714797          00:03
              6       0.352199       0.711624       0.711624          00:03
Better model found at epoch 7 with valid_loss value: 0.7068067019888914.
              7       0.350374       0.706807       0.706807          00:03
Better model found at epoch 8 with valid_loss value: 0.702908911439632.
              8       0.349082       0.702909       0.702909          00:03
Better model found at epoch 9 with valid_loss value: 0.7025713223743267.
              9       0.347994       0.702571       0.702571          00:03
Finetune the entire network
          epoch     train_loss     valid_loss      valid_mse           time
Better model found at epoch 0 with valid_loss value: 0.7012317924567998.
              0       0.347653       0.701232       0.701232          00:04
              1       0.347314       0.701345       0.701345          00:04
Better model found at epoch 2 with valid_loss value: 0.7010667674203321.
              2       0.346659       0.701067       0.701067          00:04
Better model found at epoch 3 with valid_loss value: 0.6997948254460278.
              3       0.346315       0.699795       0.699795          00:04
Better model found at epoch 4 with valid_loss value: 0.6994367233084605.
              4       0.345890       0.699437       0.699437          00:04
Better model found at epoch 5 with valid_loss value: 0.6987478259649911.
              5       0.344964       0.698748       0.698748          00:04
              6       0.344358       0.704779       0.704779          00:04
              7       0.343380       0.706260       0.706260          00:04
              8       0.342910       0.700902       0.700902          00:04
              9       0.342138       0.703028       0.703028          00:04
Better model found at epoch 10 with valid_loss value: 0.6943209033466113.
             10       0.340943       0.694321       0.694321          00:04
             11       0.340003       0.698084       0.698084          00:04
             12       0.339188       0.698827       0.698827          00:03
             13       0.337903       0.716575       0.716575          00:04
Better model found at epoch 14 with valid_loss value: 0.6923988109431104.
             14       0.336678       0.692399       0.692399          00:04
             15       0.335689       0.697017       0.697017          00:04
             16       0.334380       0.699805       0.699805          00:04
             17       0.333063       0.700644       0.700644          00:04
             18       0.331362       0.725099       0.725099          00:04
             19       0.330287       0.699945       0.699946          00:04
             20       0.328607       0.712500       0.712500          00:04
             21       0.327126       0.728650       0.728650          00:04
             22       0.325366       0.716747       0.716747          00:04
             23       0.323915       0.706907       0.706907          00:03
             24       0.322627       0.733525       0.733525          00:04
             25       0.321350       0.720922       0.720922          00:03
             26       0.320032       0.721616       0.721616          00:04
             27       0.318483       0.717047       0.717047          00:03
             28       0.318152       0.720562       0.720562          00:03
             29       0.315714       0.718410       0.718409          00:03
             30       0.314402       0.723831       0.723831          00:03
             31       0.313338       0.730513       0.730513          00:03
             32       0.312138       0.723946       0.723946          00:03
             33       0.311414       0.736859       0.736859          00:03
             34       0.310038       0.741822       0.741822          00:04
             35       0.310879       0.751135       0.751136          00:04
             36       0.308423       0.737173       0.737173          00:04
             37       0.306747       0.762767       0.762767          00:04
             38       0.307594       0.738515       0.738515          00:04
             39       0.304788       0.775552       0.775552          00:04
             40       0.305490       0.730911       0.730911          00:04
             41       0.303432       0.736173       0.736173          00:04
             42       0.302696       0.747221       0.747221          00:04
             43       0.302259       0.736844       0.736844          00:04
             44       0.301189       0.737295       0.737295          00:04
             45       0.300362       0.739147       0.739147          00:04
             46       0.299969       0.750779       0.750779          00:04
             47       0.300905       0.752333       0.752332          00:04
             48       0.298479       0.752868       0.752868          00:04
             49       0.297441       0.750154       0.750154          00:04
             50       0.297219       0.744753       0.744753          00:04
             51       0.297795       0.753860       0.753860          00:04
             52       0.295800       0.740898       0.740898          00:04
             53       0.295204       0.754339       0.754339          00:04
             54       0.294540       0.737532       0.737531          00:04
             55       0.294915       0.749996       0.749996          00:04
             56       0.293403       0.750609       0.750609          00:04
             57       0.293492       0.752049       0.752049          00:04
             58       0.292471       0.748304       0.748304          00:03
             59       0.291624       0.745145       0.745145          00:03
             60       0.291281       0.742467       0.742467          00:03
             61       0.290861       0.749608       0.749608          00:03
             62       0.290217       0.744833       0.744833          00:04
             63       0.290187       0.747343       0.747342          00:04
             64       0.289446       0.743518       0.743518          00:04
             65       0.288873       0.761721       0.761721          00:04
             66       0.288411       0.757001       0.757001          00:03
             67       0.287918       0.763671       0.763671          00:03
             68       0.288400       0.749849       0.749849          00:03
             69       0.287201       0.749518       0.749518          00:03
             70       0.286814       0.748246       0.748246          00:03
             71       0.286551       0.752728       0.752728          00:04
             72       0.286287       0.750117       0.750117          00:04
             73       0.286065       0.752929       0.752929          00:04
             74       0.285726       0.752445       0.752445          00:04
             75       0.285309       0.758244       0.758244          00:04
             76       0.285059       0.752883       0.752883          00:04
             77       0.284736       0.756669       0.756669          00:04
             78       0.284466       0.758596       0.758596          00:04
             79       0.284268       0.756661       0.756661          00:04
             80       0.283509       0.758704       0.758704          00:04
             81       0.283580       0.755477       0.755477          00:04
             82       0.283415       0.763679       0.763678          00:04
             83       0.282949       0.756936       0.756936          00:04
             84       0.283136       0.756485       0.756485          00:04
             85       0.282882       0.756636       0.756636          00:04
             86       0.282706       0.755650       0.755650          00:04
             87       0.282416       0.754637       0.754637          00:04
             88       0.282417       0.754819       0.754819          00:04
             89       0.282130       0.754375       0.754375          00:04
             90       0.282106       0.757571       0.757571          00:04
             91       0.281924       0.756454       0.756454          00:04
             92       0.281994       0.757072       0.757071          00:04
             93       0.282009       0.757337       0.757337          00:04
             94       0.281980       0.758664       0.758664          00:04
             95       0.281663       0.757373       0.757373          00:04
             96       0.281778       0.757498       0.757498          00:04
             97       0.281652       0.757941       0.757941          00:04
             98       0.281697       0.757697       0.757697          00:04
             99       0.281638       0.757731       0.757731          00:04
finetune completed
number of patches: 11
number of model params 83328
score: [array(0.38172472, dtype=float32), array(0.39822578, dtype=float32)]
----------- Complete! -----------