Args in experiment:
Namespace(activation='gelu', affine=1, batch_size=32, c_out=7, checkpoints='./checkpoints/', d_ff=128, d_layers=1, d_model=16, data='PEMS', data_path='PEMS08.npz', dec_in=7, decomposition=0, des='Exp', device_ids=[0, 1], devices='0,1', dis=10, distil=True, do_predict=False, dropout=0.3, dvices='0,1', e_layers=3, embed='timeF', embed_type=0, enc_in=170, factor=1, fc_dropout=0.3, features='M', freq='h', gpu=0, head_dropout=0.0, hidden_size=512, individual=0, is_training=1, itr=1, k=20, kernel_size=25, label_len=18, learning_rate=0.0001, loss='mse', lradj='TST', model='PRNN_TST', model_id='96_96', moving_avg=25, n_heads=4, num_layers=1, num_workers=10, output_attention=False, padding_patch='end', patch_len=16, patience=20, pct_start=0.3, pred_len=96, random_seed=2021, revin=1, rnn_inp=96, root_path='./dataset/', seq_len=96, stride=8, subtract_last=0, target='OT', test_flop=False, top_k=3, train_epochs=300, use_amp=False, use_gpu=True, use_multi_gpu=True)
Use GPU: cuda:0
>>>>>>>start training : 96_96_PRNN_TST_PEMS_ftM_sl96_ll18_pl96_dm16_nh4_el3_dl1_df128_fc1_ebtimeF_dtTrue_Exp_0>>>>>>>>>>>>>>>>>>>>>>>>>>
module.model.revin_layer.affine_weight: 170
module.model.revin_layer.affine_bias: 170
module.model.rnn.weight_ih_l0: 262144
module.model.rnn.weight_hh_l0: 262144
module.model.rnn.bias_ih_l0: 512
module.model.rnn.bias_hh_l0: 512
module.model.embed.weight: 8192
module.model.embed.bias: 512
module.model.fc.weight: 540672
module.model.fc.bias: 96
Total trainable parameters: 1075124
train 10522
val 3380
test 3381
	iters: 100, epoch: 1 | loss: 1.5143946
	speed: 0.0409s/iter; left time: 4023.0373s
	iters: 200, epoch: 1 | loss: 1.3526310
	speed: 0.0223s/iter; left time: 2186.1751s
	iters: 300, epoch: 1 | loss: 1.2916433
	speed: 0.0221s/iter; left time: 2164.2029s
Epoch: 1 cost time: 8.569954872131348
[2025-05-30 03:16:37] [32mIntermediate result: 1.3736733  (Index 0)[0m
Epoch: 1, Steps: 328 | Train Loss: 1.4526775 Vali Loss: 1.4518892 Test Loss: 1.3736733
Validation loss decreased (inf --> 1.451889).  Saving model ...
Updating learning rate to 4.029242284033234e-06
	iters: 100, epoch: 2 | loss: 0.9485065
	speed: 0.0838s/iter; left time: 8209.4690s
	iters: 200, epoch: 2 | loss: 1.1750784
	speed: 0.0226s/iter; left time: 2216.5804s
	iters: 300, epoch: 2 | loss: 0.9206879
	speed: 0.0224s/iter; left time: 2190.4325s
Epoch: 2 cost time: 7.84062647819519
[2025-05-30 03:16:50] [32mIntermediate result: 1.2109098  (Index 1)[0m
Epoch: 2, Steps: 328 | Train Loss: 1.1558100 Vali Loss: 1.2855537 Test Loss: 1.2109098
Validation loss decreased (1.451889 --> 1.285554).  Saving model ...
Updating learning rate to 4.116933506500628e-06
	iters: 100, epoch: 3 | loss: 0.9579523
	speed: 0.0894s/iter; left time: 8731.7105s
	iters: 200, epoch: 3 | loss: 0.9619983
	speed: 0.0229s/iter; left time: 2238.2825s
	iters: 300, epoch: 3 | loss: 0.8215187
	speed: 0.0226s/iter; left time: 2206.7504s
Epoch: 3 cost time: 7.885251522064209
[2025-05-30 03:17:04] [32mIntermediate result: 1.0594879  (Index 2)[0m
Epoch: 3, Steps: 328 | Train Loss: 1.0072877 Vali Loss: 1.1304626 Test Loss: 1.0594879
Validation loss decreased (1.285554 --> 1.130463).  Saving model ...
Updating learning rate to 4.262966821917414e-06
	iters: 100, epoch: 4 | loss: 0.9980265
	speed: 0.0863s/iter; left time: 8403.2628s
	iters: 200, epoch: 4 | loss: 1.0079817
	speed: 0.0223s/iter; left time: 2164.8379s
	iters: 300, epoch: 4 | loss: 0.9130939
	speed: 0.0229s/iter; left time: 2224.4572s
Epoch: 4 cost time: 7.8113110065460205
[2025-05-30 03:17:17] [32mIntermediate result: 0.9653908  (Index 3)[0m
Epoch: 4, Steps: 328 | Train Loss: 0.8922123 Vali Loss: 1.0329521 Test Loss: 0.9653908
Validation loss decreased (1.130463 --> 1.032952).  Saving model ...
Updating learning rate to 4.467164299129921e-06
	iters: 100, epoch: 5 | loss: 0.8894425
	speed: 0.0863s/iter; left time: 8374.9902s
	iters: 200, epoch: 5 | loss: 0.7847173
	speed: 0.0249s/iter; left time: 2410.3689s
	iters: 300, epoch: 5 | loss: 0.7620980
	speed: 0.0228s/iter; left time: 2202.8530s
Epoch: 5 cost time: 8.07813572883606
[2025-05-30 03:17:30] [32mIntermediate result: 0.90658724  (Index 4)[0m
Epoch: 5, Steps: 328 | Train Loss: 0.8233517 Vali Loss: 0.9772852 Test Loss: 0.9065872
Validation loss decreased (1.032952 --> 0.977285).  Saving model ...
Updating learning rate to 4.729277138111994e-06
	iters: 100, epoch: 6 | loss: 0.7448097
	speed: 0.0882s/iter; left time: 8522.3636s
	iters: 200, epoch: 6 | loss: 0.8831567
	speed: 0.0229s/iter; left time: 2215.6084s
	iters: 300, epoch: 6 | loss: 0.7839130
	speed: 0.0226s/iter; left time: 2175.6427s
Epoch: 6 cost time: 7.924203872680664
[2025-05-30 03:17:43] [32mIntermediate result: 0.8637227  (Index 5)[0m
Epoch: 6, Steps: 328 | Train Loss: 0.7763257 Vali Loss: 0.9304949 Test Loss: 0.8637227
Validation loss decreased (0.977285 --> 0.930495).  Saving model ...
Updating learning rate to 5.048985973110065e-06
	iters: 100, epoch: 7 | loss: 0.7269149
	speed: 0.0864s/iter; left time: 8324.2117s
	iters: 200, epoch: 7 | loss: 0.7117695
	speed: 0.0242s/iter; left time: 2327.7516s
	iters: 300, epoch: 7 | loss: 0.7502329
	speed: 0.0229s/iter; left time: 2203.0980s
Epoch: 7 cost time: 8.129568338394165
[2025-05-30 03:17:57] [32mIntermediate result: 0.8336491  (Index 6)[0m
Epoch: 7, Steps: 328 | Train Loss: 0.7439864 Vali Loss: 0.8986686 Test Loss: 0.8336491
Validation loss decreased (0.930495 --> 0.898669).  Saving model ...
Updating learning rate to 5.4259012617674155e-06
	iters: 100, epoch: 8 | loss: 0.7814478
	speed: 0.0875s/iter; left time: 8400.8594s
	iters: 200, epoch: 8 | loss: 0.6386572
	speed: 0.0225s/iter; left time: 2162.6213s
	iters: 300, epoch: 8 | loss: 0.7564368
	speed: 0.0231s/iter; left time: 2214.0185s
Epoch: 8 cost time: 7.907124280929565
[2025-05-30 03:18:10] [32mIntermediate result: 0.80860525  (Index 7)[0m
Epoch: 8, Steps: 328 | Train Loss: 0.7193980 Vali Loss: 0.8728403 Test Loss: 0.8086053
Validation loss decreased (0.898669 --> 0.872840).  Saving model ...
Updating learning rate to 5.859563759753737e-06
	iters: 100, epoch: 9 | loss: 0.6894495
	speed: 0.0891s/iter; left time: 8520.6112s
	iters: 200, epoch: 9 | loss: 0.6882922
	speed: 0.0228s/iter; left time: 2183.3813s
	iters: 300, epoch: 9 | loss: 0.7750655
	speed: 0.0233s/iter; left time: 2224.1371s
Epoch: 9 cost time: 8.110589981079102
[2025-05-30 03:18:24] [32mIntermediate result: 0.79094636  (Index 8)[0m
Epoch: 9, Steps: 328 | Train Loss: 0.7001425 Vali Loss: 0.8555875 Test Loss: 0.7909464
Validation loss decreased (0.872840 --> 0.855588).  Saving model ...
Updating learning rate to 6.349445080321492e-06
	iters: 100, epoch: 10 | loss: 0.7771512
	speed: 0.0929s/iter; left time: 8855.0802s
	iters: 200, epoch: 10 | loss: 0.6065338
	speed: 0.0234s/iter; left time: 2226.0769s
	iters: 300, epoch: 10 | loss: 0.6228659
	speed: 0.0231s/iter; left time: 2194.8390s
Epoch: 10 cost time: 8.512514114379883
[2025-05-30 03:18:38] [32mIntermediate result: 0.77531856  (Index 9)[0m
Epoch: 10, Steps: 328 | Train Loss: 0.6847148 Vali Loss: 0.8395927 Test Loss: 0.7753186
Validation loss decreased (0.855588 --> 0.839593).  Saving model ...
Updating learning rate to 6.89494833810743e-06
	iters: 100, epoch: 11 | loss: 0.5835444
	speed: 0.0878s/iter; left time: 8346.9989s
	iters: 200, epoch: 11 | loss: 0.7968329
	speed: 0.0227s/iter; left time: 2159.4354s
	iters: 300, epoch: 11 | loss: 0.6710234
	speed: 0.0219s/iter; left time: 2079.7135s
Epoch: 11 cost time: 7.856540679931641
[2025-05-30 03:18:51] [32mIntermediate result: 0.7577463  (Index 10)[0m
Epoch: 11, Steps: 328 | Train Loss: 0.6716251 Vali Loss: 0.8184639 Test Loss: 0.7577463
Validation loss decreased (0.839593 --> 0.818464).  Saving model ...
Updating learning rate to 7.495408876394651e-06
	iters: 100, epoch: 12 | loss: 0.7691007
	speed: 0.0872s/iter; left time: 8261.9628s
	iters: 200, epoch: 12 | loss: 0.5851792
	speed: 0.0236s/iter; left time: 2228.8652s
	iters: 300, epoch: 12 | loss: 0.7440168
	speed: 0.0234s/iter; left time: 2207.3274s
Epoch: 12 cost time: 8.094649314880371
[2025-05-30 03:19:04] [32mIntermediate result: 0.75065744  (Index 11)[0m
Epoch: 12, Steps: 328 | Train Loss: 0.6594361 Vali Loss: 0.8083194 Test Loss: 0.7506574
Validation loss decreased (0.818464 --> 0.808319).  Saving model ...
Updating learning rate to 8.150095076949347e-06
	iters: 100, epoch: 13 | loss: 0.6677512
	speed: 0.0889s/iter; left time: 8389.4833s
	iters: 200, epoch: 13 | loss: 0.7988458
	speed: 0.0221s/iter; left time: 2087.9299s
	iters: 300, epoch: 13 | loss: 0.6166169
	speed: 0.0222s/iter; left time: 2086.7822s
Epoch: 13 cost time: 7.871860027313232
[2025-05-30 03:19:18] [32mIntermediate result: 0.7336483  (Index 12)[0m
Epoch: 13, Steps: 328 | Train Loss: 0.6482515 Vali Loss: 0.7927189 Test Loss: 0.7336483
Validation loss decreased (0.808319 --> 0.792719).  Saving model ...
Updating learning rate to 8.858209251445289e-06
	iters: 100, epoch: 14 | loss: 0.6412504
	speed: 0.0876s/iter; left time: 8241.9577s
	iters: 200, epoch: 14 | loss: 0.6200132
	speed: 0.0223s/iter; left time: 2098.5071s
	iters: 300, epoch: 14 | loss: 0.6008121
	speed: 0.0232s/iter; left time: 2180.8729s
Epoch: 14 cost time: 8.031322002410889
[2025-05-30 03:19:31] [32mIntermediate result: 0.7224548  (Index 13)[0m
Epoch: 14, Steps: 328 | Train Loss: 0.6379105 Vali Loss: 0.7839479 Test Loss: 0.7224548
Validation loss decreased (0.792719 --> 0.783948).  Saving model ...
Updating learning rate to 9.618888613390067e-06
	iters: 100, epoch: 15 | loss: 0.6923769
	speed: 0.0896s/iter; left time: 8392.2935s
	iters: 200, epoch: 15 | loss: 0.5952536
	speed: 0.0277s/iter; left time: 2591.4684s
	iters: 300, epoch: 15 | loss: 0.5709246
	speed: 0.0271s/iter; left time: 2531.6607s
Epoch: 15 cost time: 9.115952491760254
[2025-05-30 03:19:46] [32mIntermediate result: 0.7159494  (Index 14)[0m
Epoch: 15, Steps: 328 | Train Loss: 0.6279456 Vali Loss: 0.7812230 Test Loss: 0.7159494
Validation loss decreased (0.783948 --> 0.781223).  Saving model ...
Updating learning rate to 1.0431206329368639e-05
	iters: 100, epoch: 16 | loss: 0.5629589
	speed: 0.0894s/iter; left time: 8346.1718s
	iters: 200, epoch: 16 | loss: 0.6280218
	speed: 0.0228s/iter; left time: 2123.4721s
	iters: 300, epoch: 16 | loss: 0.6405675
	speed: 0.0228s/iter; left time: 2121.2415s
Epoch: 16 cost time: 7.996107578277588
[2025-05-30 03:19:59] [32mIntermediate result: 0.71539366  (Index 15)[0m
Epoch: 16, Steps: 328 | Train Loss: 0.6199085 Vali Loss: 0.7694609 Test Loss: 0.7153937
Validation loss decreased (0.781223 --> 0.769461).  Saving model ...
Updating learning rate to 1.1294172648323701e-05
	iters: 100, epoch: 17 | loss: 0.6134650
	speed: 0.0873s/iter; left time: 8125.2567s
	iters: 200, epoch: 17 | loss: 0.5818405
	speed: 0.0229s/iter; left time: 2128.5820s
	iters: 300, epoch: 17 | loss: 0.6900653
	speed: 0.0221s/iter; left time: 2056.4335s
Epoch: 17 cost time: 7.89249587059021
[2025-05-30 03:20:12] [32mIntermediate result: 0.7143549  (Index 16)[0m
Epoch: 17, Steps: 328 | Train Loss: 0.6102530 Vali Loss: 0.7624008 Test Loss: 0.7143549
Validation loss decreased (0.769461 --> 0.762401).  Saving model ...
Updating learning rate to 1.2206736107496489e-05
	iters: 100, epoch: 18 | loss: 0.5006533
	speed: 0.0947s/iter; left time: 8785.3499s
	iters: 200, epoch: 18 | loss: 0.6716656
	speed: 0.0240s/iter; left time: 2222.8762s
	iters: 300, epoch: 18 | loss: 0.6177791
	speed: 0.0223s/iter; left time: 2061.5659s
Epoch: 18 cost time: 8.689286470413208
[2025-05-30 03:20:26] [32mIntermediate result: 0.6978145  (Index 17)[0m
Epoch: 18, Steps: 328 | Train Loss: 0.6020085 Vali Loss: 0.7522355 Test Loss: 0.6978145
Validation loss decreased (0.762401 --> 0.752236).  Saving model ...
Updating learning rate to 1.3167784813559034e-05
	iters: 100, epoch: 19 | loss: 0.6937156
	speed: 0.0889s/iter; left time: 8215.1136s
	iters: 200, epoch: 19 | loss: 0.4964192
	speed: 0.0231s/iter; left time: 2128.7645s
	iters: 300, epoch: 19 | loss: 0.6139410
	speed: 0.0231s/iter; left time: 2127.7899s
Epoch: 19 cost time: 8.077346563339233
[2025-05-30 03:20:40] [32mIntermediate result: 0.6943426  (Index 18)[0m
Epoch: 19, Steps: 328 | Train Loss: 0.5925576 Vali Loss: 0.7406029 Test Loss: 0.6943426
Validation loss decreased (0.752236 --> 0.740603).  Saving model ...
Updating learning rate to 1.417614779737664e-05
	iters: 100, epoch: 20 | loss: 0.6052045
	speed: 0.0880s/iter; left time: 8098.8814s
	iters: 200, epoch: 20 | loss: 0.5005645
	speed: 0.0226s/iter; left time: 2075.8627s
	iters: 300, epoch: 20 | loss: 0.5722561
	speed: 0.0227s/iter; left time: 2085.5286s
Epoch: 20 cost time: 7.9866907596588135
[2025-05-30 03:20:53] [32mIntermediate result: 0.71029925  (Index 19)[0m
Epoch: 20, Steps: 328 | Train Loss: 0.5853605 Vali Loss: 0.7538322 Test Loss: 0.7102993
EarlyStopping counter: 1 out of 20
Updating learning rate to 1.523059644075009e-05
	iters: 100, epoch: 21 | loss: 0.6589278
	speed: 0.0903s/iter; left time: 8285.2646s
	iters: 200, epoch: 21 | loss: 0.5452808
	speed: 0.0229s/iter; left time: 2097.0822s
	iters: 300, epoch: 21 | loss: 0.5921401
	speed: 0.0232s/iter; left time: 2126.2857s
Epoch: 21 cost time: 8.159159183502197
[2025-05-30 03:21:07] [32mIntermediate result: 0.6718167  (Index 20)[0m
Epoch: 21, Steps: 328 | Train Loss: 0.5786288 Vali Loss: 0.7297698 Test Loss: 0.6718167
Validation loss decreased (0.740603 --> 0.729770).  Saving model ...
Updating learning rate to 1.6329845973399052e-05
	iters: 100, epoch: 22 | loss: 0.5701599
	speed: 0.0873s/iter; left time: 7979.3064s
	iters: 200, epoch: 22 | loss: 0.4986221
	speed: 0.0225s/iter; left time: 2057.2543s
	iters: 300, epoch: 22 | loss: 0.4979997
	speed: 0.0230s/iter; left time: 2095.7032s
Epoch: 22 cost time: 7.940648078918457
[2025-05-30 03:21:20] [32mIntermediate result: 0.6650496  (Index 21)[0m
Epoch: 22, Steps: 328 | Train Loss: 0.5707449 Vali Loss: 0.7143977 Test Loss: 0.6650496
Validation loss decreased (0.729770 --> 0.714398).  Saving model ...
Updating learning rate to 1.7472557038362822e-05
	iters: 100, epoch: 23 | loss: 0.6495572
	speed: 0.0876s/iter; left time: 7981.4124s
	iters: 200, epoch: 23 | loss: 0.5855792
	speed: 0.0229s/iter; left time: 2086.5928s
	iters: 300, epoch: 23 | loss: 0.5216291
	speed: 0.0226s/iter; left time: 2050.9279s
Epoch: 23 cost time: 7.849292039871216
[2025-05-30 03:21:33] [32mIntermediate result: 0.6666254  (Index 22)[0m
Epoch: 23, Steps: 328 | Train Loss: 0.5612738 Vali Loss: 0.7129849 Test Loss: 0.6666254
Validation loss decreased (0.714398 --> 0.712985).  Saving model ...
Updating learning rate to 1.8657337323910972e-05
	iters: 100, epoch: 24 | loss: 0.5442957
	speed: 0.0879s/iter; left time: 7973.2914s
	iters: 200, epoch: 24 | loss: 0.5097458
	speed: 0.0227s/iter; left time: 2056.9233s
	iters: 300, epoch: 24 | loss: 0.5562503
	speed: 0.0226s/iter; left time: 2048.9254s
Epoch: 24 cost time: 7.936091661453247
[2025-05-30 03:21:47] [32mIntermediate result: 0.6587442  (Index 23)[0m
Epoch: 24, Steps: 328 | Train Loss: 0.5555621 Vali Loss: 0.7015549 Test Loss: 0.6587442
Validation loss decreased (0.712985 --> 0.701555).  Saving model ...
Updating learning rate to 1.9882743259975726e-05
	iters: 100, epoch: 25 | loss: 0.5469093
	speed: 0.0903s/iter; left time: 8166.8917s
	iters: 200, epoch: 25 | loss: 0.5179599
	speed: 0.0223s/iter; left time: 2014.8152s
	iters: 300, epoch: 25 | loss: 0.5195280
	speed: 0.0226s/iter; left time: 2042.3553s
Epoch: 25 cost time: 7.985313177108765
[2025-05-30 03:22:00] [32mIntermediate result: 0.6486792  (Index 24)[0m
Epoch: 25, Steps: 328 | Train Loss: 0.5461428 Vali Loss: 0.6925545 Test Loss: 0.6486792
Validation loss decreased (0.701555 --> 0.692555).  Saving model ...
Updating learning rate to 2.1147281777038815e-05
	iters: 100, epoch: 26 | loss: 0.5006849
	speed: 0.0912s/iter; left time: 8220.6864s
	iters: 200, epoch: 26 | loss: 0.5239589
	speed: 0.0248s/iter; left time: 2231.4283s
	iters: 300, epoch: 26 | loss: 0.5554690
	speed: 0.0232s/iter; left time: 2088.7226s
Epoch: 26 cost time: 8.642565965652466
[2025-05-30 03:22:14] [32mIntermediate result: 0.6494717  (Index 25)[0m
Epoch: 26, Steps: 328 | Train Loss: 0.5375745 Vali Loss: 0.6898481 Test Loss: 0.6494717
Validation loss decreased (0.692555 --> 0.689848).  Saving model ...
Updating learning rate to 2.244941212532997e-05
	iters: 100, epoch: 27 | loss: 0.6003966
	speed: 0.0905s/iter; left time: 8123.3005s
	iters: 200, epoch: 27 | loss: 0.5815854
	speed: 0.0227s/iter; left time: 2036.9400s
	iters: 300, epoch: 27 | loss: 0.5092689
	speed: 0.0223s/iter; left time: 1997.3923s
Epoch: 27 cost time: 8.06895923614502
[2025-05-30 03:22:28] [32mIntermediate result: 0.6395829  (Index 26)[0m
Epoch: 27, Steps: 328 | Train Loss: 0.5303963 Vali Loss: 0.6835216 Test Loss: 0.6395829
Validation loss decreased (0.689848 --> 0.683522).  Saving model ...
Updating learning rate to 2.3787547752120294e-05
	iters: 100, epoch: 28 | loss: 0.6147929
	speed: 0.0872s/iter; left time: 7795.8073s
	iters: 200, epoch: 28 | loss: 0.5571238
	speed: 0.0223s/iter; left time: 1993.6118s
	iters: 300, epoch: 28 | loss: 0.4629408
	speed: 0.0233s/iter; left time: 2078.6448s
Epoch: 28 cost time: 8.03388237953186
[2025-05-30 03:22:41] [32mIntermediate result: 0.6410159  (Index 27)[0m
Epoch: 28, Steps: 328 | Train Loss: 0.5249179 Vali Loss: 0.6744733 Test Loss: 0.6410159
Validation loss decreased (0.683522 --> 0.674473).  Saving model ...
Updating learning rate to 2.5160058234823386e-05
	iters: 100, epoch: 29 | loss: 0.5865855
	speed: 0.0878s/iter; left time: 7824.3105s
	iters: 200, epoch: 29 | loss: 0.4979206
	speed: 0.0226s/iter; left time: 2013.6166s
	iters: 300, epoch: 29 | loss: 0.5410995
	speed: 0.0224s/iter; left time: 1990.8600s
Epoch: 29 cost time: 7.835477828979492
[2025-05-30 03:22:54] [32mIntermediate result: 0.646109  (Index 28)[0m
Epoch: 29, Steps: 328 | Train Loss: 0.5164687 Vali Loss: 0.6721761 Test Loss: 0.6461090
Validation loss decreased (0.674473 --> 0.672176).  Saving model ...
Updating learning rate to 2.656527126754868e-05
	iters: 100, epoch: 30 | loss: 0.4458526
	speed: 0.0879s/iter; left time: 7805.4754s
	iters: 200, epoch: 30 | loss: 0.4809499
	speed: 0.0237s/iter; left time: 2100.5374s
	iters: 300, epoch: 30 | loss: 0.5509889
	speed: 0.0231s/iter; left time: 2044.3645s
Epoch: 30 cost time: 8.095072507858276
[2025-05-30 03:23:08] [32mIntermediate result: 0.63361263  (Index 29)[0m
Epoch: 30, Steps: 328 | Train Loss: 0.5074633 Vali Loss: 0.6650029 Test Loss: 0.6336126
Validation loss decreased (0.672176 --> 0.665003).  Saving model ...
Updating learning rate to 2.8001474698686587e-05
	iters: 100, epoch: 31 | loss: 0.5707259
	speed: 0.0875s/iter; left time: 7738.5087s
	iters: 200, epoch: 31 | loss: 0.5360903
	speed: 0.0231s/iter; left time: 2042.9082s
	iters: 300, epoch: 31 | loss: 0.4841809
	speed: 0.0234s/iter; left time: 2062.3777s
Epoch: 31 cost time: 7.977289915084839
[2025-05-30 03:23:21] [32mIntermediate result: 0.63424927  (Index 30)[0m
Epoch: 31, Steps: 328 | Train Loss: 0.5008344 Vali Loss: 0.6643043 Test Loss: 0.6342493
Validation loss decreased (0.665003 --> 0.664304).  Saving model ...
Updating learning rate to 2.9466918617042804e-05
	iters: 100, epoch: 32 | loss: 0.5237442
	speed: 0.0915s/iter; left time: 8064.1725s
	iters: 200, epoch: 32 | loss: 0.4739245
	speed: 0.0258s/iter; left time: 2270.9646s
	iters: 300, epoch: 32 | loss: 0.4612578
	speed: 0.0229s/iter; left time: 2014.3357s
Epoch: 32 cost time: 8.559117078781128
[2025-05-30 03:23:35] [32mIntermediate result: 0.6141722  (Index 31)[0m
Epoch: 32, Steps: 328 | Train Loss: 0.4929312 Vali Loss: 0.6429098 Test Loss: 0.6141722
Validation loss decreased (0.664304 --> 0.642910).  Saving model ...
Updating learning rate to 3.095981748398006e-05
	iters: 100, epoch: 33 | loss: 0.5360170
	speed: 0.0891s/iter; left time: 7827.5955s
	iters: 200, epoch: 33 | loss: 0.4806200
	speed: 0.0227s/iter; left time: 1992.5836s
	iters: 300, epoch: 33 | loss: 0.4614210
	speed: 0.0229s/iter; left time: 2007.5631s
Epoch: 33 cost time: 8.054566621780396
[2025-05-30 03:23:49] [32mIntermediate result: 0.60336363  (Index 32)[0m
Epoch: 33, Steps: 328 | Train Loss: 0.4859641 Vali Loss: 0.6330222 Test Loss: 0.6033636
Validation loss decreased (0.642910 --> 0.633022).  Saving model ...
Updating learning rate to 3.247835230896916e-05
	iters: 100, epoch: 34 | loss: 0.4876831
	speed: 0.0895s/iter; left time: 7832.9367s
	iters: 200, epoch: 34 | loss: 0.5037882
	speed: 0.0226s/iter; left time: 1974.1008s
	iters: 300, epoch: 34 | loss: 0.4872062
	speed: 0.0257s/iter; left time: 2244.0878s
Epoch: 34 cost time: 8.250473976135254
[2025-05-30 03:24:02] [32mIntermediate result: 0.5936862  (Index 33)[0m
Epoch: 34, Steps: 328 | Train Loss: 0.4772510 Vali Loss: 0.6302776 Test Loss: 0.5936862
Validation loss decreased (0.633022 --> 0.630278).  Saving model ...
Updating learning rate to 3.4020672865899e-05
	iters: 100, epoch: 35 | loss: 0.5477958
	speed: 0.0900s/iter; left time: 7846.7875s
	iters: 200, epoch: 35 | loss: 0.5309442
	speed: 0.0261s/iter; left time: 2271.9871s
	iters: 300, epoch: 35 | loss: 0.5218233
	speed: 0.0238s/iter; left time: 2068.4549s
Epoch: 35 cost time: 8.561596870422363
[2025-05-30 03:24:16] [32mIntermediate result: 0.590311  (Index 34)[0m
Epoch: 35, Steps: 328 | Train Loss: 0.4715794 Vali Loss: 0.6150765 Test Loss: 0.5903110
Validation loss decreased (0.630278 --> 0.615076).  Saving model ...
Updating learning rate to 3.558489994744476e-05
	iters: 100, epoch: 36 | loss: 0.5506496
	speed: 0.0881s/iter; left time: 7650.5018s
	iters: 200, epoch: 36 | loss: 0.4833192
	speed: 0.0255s/iter; left time: 2215.2382s
	iters: 300, epoch: 36 | loss: 0.4705389
	speed: 0.0297s/iter; left time: 2576.8152s
Epoch: 36 cost time: 9.01943325996399
[2025-05-30 03:24:31] [32mIntermediate result: 0.5778951  (Index 35)[0m
Epoch: 36, Steps: 328 | Train Loss: 0.4645872 Vali Loss: 0.6057944 Test Loss: 0.5778951
Validation loss decreased (0.615076 --> 0.605794).  Saving model ...
Updating learning rate to 3.7169127654747635e-05
	iters: 100, epoch: 37 | loss: 0.4908462
	speed: 0.0893s/iter; left time: 7725.4440s
	iters: 200, epoch: 37 | loss: 0.4015142
	speed: 0.0261s/iter; left time: 2253.2172s
	iters: 300, epoch: 37 | loss: 0.4344836
	speed: 0.0234s/iter; left time: 2022.5667s
Epoch: 37 cost time: 8.358989715576172
[2025-05-30 03:24:45] [32mIntermediate result: 0.60234547  (Index 36)[0m
Epoch: 37, Steps: 328 | Train Loss: 0.4575166 Vali Loss: 0.6231017 Test Loss: 0.6023455
EarlyStopping counter: 1 out of 20
Updating learning rate to 3.8771425719616364e-05
	iters: 100, epoch: 38 | loss: 0.4693116
	speed: 0.0883s/iter; left time: 7604.7396s
	iters: 200, epoch: 38 | loss: 0.4188052
	speed: 0.0225s/iter; left time: 1933.4572s
	iters: 300, epoch: 38 | loss: 0.4365113
	speed: 0.0232s/iter; left time: 1990.6967s
Epoch: 38 cost time: 7.942800998687744
[2025-05-30 03:24:58] [32mIntermediate result: 0.5725542  (Index 37)[0m
Epoch: 38, Steps: 328 | Train Loss: 0.4547271 Vali Loss: 0.5995628 Test Loss: 0.5725542
Validation loss decreased (0.605794 --> 0.599563).  Saving model ...
Updating learning rate to 4.0389841856421e-05
	iters: 100, epoch: 39 | loss: 0.4999546
	speed: 0.0879s/iter; left time: 7549.0967s
	iters: 200, epoch: 39 | loss: 0.4343941
	speed: 0.0246s/iter; left time: 2111.9857s
	iters: 300, epoch: 39 | loss: 0.5433591
	speed: 0.0291s/iter; left time: 2493.8545s
Epoch: 39 cost time: 8.744608402252197
[2025-05-30 03:25:12] [32mIntermediate result: 0.56478715  (Index 38)[0m
Epoch: 39, Steps: 328 | Train Loss: 0.4436928 Vali Loss: 0.5879319 Test Loss: 0.5647871
Validation loss decreased (0.599563 --> 0.587932).  Saving model ...
Updating learning rate to 4.202240414081335e-05
	iters: 100, epoch: 40 | loss: 0.4094313
	speed: 0.0882s/iter; left time: 7541.2630s
	iters: 200, epoch: 40 | loss: 0.3807898
	speed: 0.0228s/iter; left time: 1943.4110s
	iters: 300, epoch: 40 | loss: 0.4783881
	speed: 0.0227s/iter; left time: 1932.5357s
Epoch: 40 cost time: 7.927228689193726
[2025-05-30 03:25:26] [32mIntermediate result: 0.5655838  (Index 39)[0m
Epoch: 40, Steps: 328 | Train Loss: 0.4375354 Vali Loss: 0.5896590 Test Loss: 0.5655838
EarlyStopping counter: 1 out of 20
Updating learning rate to 4.366712341237584e-05
	iters: 100, epoch: 41 | loss: 0.5089217
	speed: 0.0883s/iter; left time: 7519.3677s
	iters: 200, epoch: 41 | loss: 0.4596003
	speed: 0.0226s/iter; left time: 1925.2814s
	iters: 300, epoch: 41 | loss: 0.4245792
	speed: 0.0231s/iter; left time: 1961.3753s
Epoch: 41 cost time: 7.955523729324341
[2025-05-30 03:25:39] [32mIntermediate result: 0.5538643  (Index 40)[0m
Epoch: 41, Steps: 328 | Train Loss: 0.4307400 Vali Loss: 0.5886965 Test Loss: 0.5538643
EarlyStopping counter: 2 out of 20
Updating learning rate to 4.532199569827121e-05
	iters: 100, epoch: 42 | loss: 0.3683325
	speed: 0.0902s/iter; left time: 7656.9198s
	iters: 200, epoch: 42 | loss: 0.3884728
	speed: 0.0239s/iter; left time: 2026.5899s
	iters: 300, epoch: 42 | loss: 0.4420853
	speed: 0.0234s/iter; left time: 1977.4936s
Epoch: 42 cost time: 8.151175022125244
[2025-05-30 03:25:53] [32mIntermediate result: 0.55886316  (Index 41)[0m
Epoch: 42, Steps: 328 | Train Loss: 0.4281826 Vali Loss: 0.5737675 Test Loss: 0.5588632
Validation loss decreased (0.587932 --> 0.573767).  Saving model ...
Updating learning rate to 4.698500465494018e-05
	iters: 100, epoch: 43 | loss: 0.4218335
	speed: 0.0914s/iter; left time: 7724.7447s
	iters: 200, epoch: 43 | loss: 0.4284598
	speed: 0.0253s/iter; left time: 2135.7407s
	iters: 300, epoch: 43 | loss: 0.4000126
	speed: 0.0247s/iter; left time: 2081.2105s
Epoch: 43 cost time: 8.709939241409302
[2025-05-30 03:26:07] [32mIntermediate result: 0.5393289  (Index 42)[0m
Epoch: 43, Steps: 328 | Train Loss: 0.4219830 Vali Loss: 0.5702844 Test Loss: 0.5393289
Validation loss decreased (0.573767 --> 0.570284).  Saving model ...
Updating learning rate to 4.8654124024871874e-05
	iters: 100, epoch: 44 | loss: 0.4014111
	speed: 0.0880s/iter; left time: 7409.2504s
	iters: 200, epoch: 44 | loss: 0.4056403
	speed: 0.0250s/iter; left time: 2099.1841s
	iters: 300, epoch: 44 | loss: 0.4308847
	speed: 0.0249s/iter; left time: 2087.3414s
Epoch: 44 cost time: 8.288958311080933
[2025-05-30 03:26:20] [32mIntermediate result: 0.5463293  (Index 43)[0m
Epoch: 44, Steps: 328 | Train Loss: 0.4169119 Vali Loss: 0.5814620 Test Loss: 0.5463293
EarlyStopping counter: 1 out of 20
Updating learning rate to 5.0327320105453776e-05
	iters: 100, epoch: 45 | loss: 0.3997802
	speed: 0.0861s/iter; left time: 7224.1674s
	iters: 200, epoch: 45 | loss: 0.4412304
	speed: 0.0226s/iter; left time: 1891.0572s
	iters: 300, epoch: 45 | loss: 0.3608056
	speed: 0.0234s/iter; left time: 1957.9469s
Epoch: 45 cost time: 7.993872880935669
[2025-05-30 03:26:34] [32mIntermediate result: 0.5372498  (Index 44)[0m
Epoch: 45, Steps: 328 | Train Loss: 0.4147790 Vali Loss: 0.5642380 Test Loss: 0.5372498
Validation loss decreased (0.570284 --> 0.564238).  Saving model ...
Updating learning rate to 5.200255422689286e-05
	iters: 100, epoch: 46 | loss: 0.4390698
	speed: 0.0906s/iter; left time: 7567.5452s
	iters: 200, epoch: 46 | loss: 0.4040234
	speed: 0.0237s/iter; left time: 1974.5053s
	iters: 300, epoch: 46 | loss: 0.3864030
	speed: 0.0221s/iter; left time: 1841.5748s
Epoch: 46 cost time: 8.019160270690918
[2025-05-30 03:26:47] [32mIntermediate result: 0.54255784  (Index 45)[0m
Epoch: 46, Steps: 328 | Train Loss: 0.4093536 Vali Loss: 0.5584206 Test Loss: 0.5425578
Validation loss decreased (0.564238 --> 0.558421).  Saving model ...
Updating learning rate to 5.367778523618912e-05
	iters: 100, epoch: 47 | loss: 0.4617135
	speed: 0.0865s/iter; left time: 7198.9890s
	iters: 200, epoch: 47 | loss: 0.4228862
	speed: 0.0222s/iter; left time: 1848.5815s
	iters: 300, epoch: 47 | loss: 0.3984928
	speed: 0.0234s/iter; left time: 1941.5420s
Epoch: 47 cost time: 7.8635547161102295
[2025-05-30 03:27:01] [32mIntermediate result: 0.52262074  (Index 46)[0m
Epoch: 47, Steps: 328 | Train Loss: 0.4058528 Vali Loss: 0.5497178 Test Loss: 0.5226207
Validation loss decreased (0.558421 --> 0.549718).  Saving model ...
Updating learning rate to 5.535097198413442e-05
	iters: 100, epoch: 48 | loss: 0.3565654
	speed: 0.0895s/iter; left time: 7415.5530s
	iters: 200, epoch: 48 | loss: 0.3714271
	speed: 0.0270s/iter; left time: 2237.1003s
	iters: 300, epoch: 48 | loss: 0.3608737
	speed: 0.0248s/iter; left time: 2048.1404s
Epoch: 48 cost time: 8.885662078857422
[2025-05-30 03:27:15] [32mIntermediate result: 0.53115964  (Index 47)[0m
Epoch: 48, Steps: 328 | Train Loss: 0.3992832 Vali Loss: 0.5567434 Test Loss: 0.5311596
EarlyStopping counter: 1 out of 20
Updating learning rate to 5.7020075812306885e-05
	iters: 100, epoch: 49 | loss: 0.4206930
	speed: 0.0949s/iter; left time: 7833.2516s
	iters: 200, epoch: 49 | loss: 0.3860833
	speed: 0.0253s/iter; left time: 2088.6694s
	iters: 300, epoch: 49 | loss: 0.3655174
	speed: 0.0256s/iter; left time: 2105.3249s
Epoch: 49 cost time: 8.979298114776611
[2025-05-30 03:27:29] [32mIntermediate result: 0.5175878  (Index 48)[0m
Epoch: 49, Steps: 328 | Train Loss: 0.3990948 Vali Loss: 0.5449743 Test Loss: 0.5175878
Validation loss decreased (0.549718 --> 0.544974).  Saving model ...
Updating learning rate to 5.868306303703051e-05
	iters: 100, epoch: 50 | loss: 0.4095987
	speed: 0.0883s/iter; left time: 7259.7618s
	iters: 200, epoch: 50 | loss: 0.4411067
	speed: 0.0228s/iter; left time: 1874.9160s
	iters: 300, epoch: 50 | loss: 0.3806219
	speed: 0.0231s/iter; left time: 1894.1500s
Epoch: 50 cost time: 8.041088104248047
[2025-05-30 03:27:43] [32mIntermediate result: 0.50793564  (Index 49)[0m
Epoch: 50, Steps: 328 | Train Loss: 0.3953434 Vali Loss: 0.5360539 Test Loss: 0.5079356
Validation loss decreased (0.544974 --> 0.536054).  Saving model ...
Updating learning rate to 6.033790742727329e-05
	iters: 100, epoch: 51 | loss: 0.4066921
	speed: 0.0895s/iter; left time: 7327.7542s
	iters: 200, epoch: 51 | loss: 0.3670544
	speed: 0.0227s/iter; left time: 1860.0776s
	iters: 300, epoch: 51 | loss: 0.3813354
	speed: 0.0228s/iter; left time: 1861.2622s
Epoch: 51 cost time: 8.06630825996399
[2025-05-30 03:27:56] [32mIntermediate result: 0.5108249  (Index 50)[0m
Epoch: 51, Steps: 328 | Train Loss: 0.3868252 Vali Loss: 0.5394912 Test Loss: 0.5108249
EarlyStopping counter: 1 out of 20
Updating learning rate to 6.198259267346477e-05
	iters: 100, epoch: 52 | loss: 0.3788277
	speed: 0.0887s/iter; left time: 7233.5533s
	iters: 200, epoch: 52 | loss: 0.4035029
	speed: 0.0225s/iter; left time: 1831.1629s
	iters: 300, epoch: 52 | loss: 0.3933047
	speed: 0.0227s/iter; left time: 1849.1815s
Epoch: 52 cost time: 8.042593479156494
[2025-05-30 03:28:10] [32mIntermediate result: 0.50805986  (Index 51)[0m
Epoch: 52, Steps: 328 | Train Loss: 0.3883988 Vali Loss: 0.5270391 Test Loss: 0.5080599
Validation loss decreased (0.536054 --> 0.527039).  Saving model ...
Updating learning rate to 6.361511484422519e-05
	iters: 100, epoch: 53 | loss: 0.4152991
	speed: 0.0883s/iter; left time: 7170.1739s
	iters: 200, epoch: 53 | loss: 0.3990285
	speed: 0.0226s/iter; left time: 1830.1603s
	iters: 300, epoch: 53 | loss: 0.3785096
	speed: 0.0257s/iter; left time: 2085.7452s
Epoch: 53 cost time: 8.240382671356201
[2025-05-30 03:28:23] [32mIntermediate result: 0.50539917  (Index 52)[0m
Epoch: 53, Steps: 328 | Train Loss: 0.3780166 Vali Loss: 0.5319538 Test Loss: 0.5053992
EarlyStopping counter: 1 out of 20
Updating learning rate to 6.523348482801253e-05
	iters: 100, epoch: 54 | loss: 0.3370024
	speed: 0.0860s/iter; left time: 6961.4048s
	iters: 200, epoch: 54 | loss: 0.4001852
	speed: 0.0227s/iter; left time: 1836.5604s
	iters: 300, epoch: 54 | loss: 0.3360324
	speed: 0.0225s/iter; left time: 1814.4107s
Epoch: 54 cost time: 7.84646201133728
[2025-05-30 03:28:37] [32mIntermediate result: 0.49535966  (Index 53)[0m
Epoch: 54, Steps: 328 | Train Loss: 0.3760687 Vali Loss: 0.5245667 Test Loss: 0.4953597
Validation loss decreased (0.527039 --> 0.524567).  Saving model ...
Updating learning rate to 6.68357307567128e-05
	iters: 100, epoch: 55 | loss: 0.3343840
	speed: 0.0901s/iter; left time: 7263.3824s
	iters: 200, epoch: 55 | loss: 0.3714430
	speed: 0.0242s/iter; left time: 1944.9864s
	iters: 300, epoch: 55 | loss: 0.3596942
	speed: 0.0230s/iter; left time: 1850.1219s
Epoch: 55 cost time: 8.137762308120728
[2025-05-30 03:28:50] [32mIntermediate result: 0.49310982  (Index 54)[0m
Epoch: 55, Steps: 328 | Train Loss: 0.3742568 Vali Loss: 0.5242290 Test Loss: 0.4931098
Validation loss decreased (0.524567 --> 0.524229).  Saving model ...
Updating learning rate to 6.841990040822019e-05
	iters: 100, epoch: 56 | loss: 0.4288812
	speed: 0.0867s/iter; left time: 6956.5648s
	iters: 200, epoch: 56 | loss: 0.3829770
	speed: 0.0248s/iter; left time: 1989.3284s
	iters: 300, epoch: 56 | loss: 0.3778749
	speed: 0.0236s/iter; left time: 1892.4778s
Epoch: 56 cost time: 8.317566394805908
[2025-05-30 03:29:04] [32mIntermediate result: 0.4927162  (Index 55)[0m
Epoch: 56, Steps: 328 | Train Loss: 0.3733867 Vali Loss: 0.5199594 Test Loss: 0.4927162
Validation loss decreased (0.524229 --> 0.519959).  Saving model ...
Updating learning rate to 6.998406358508033e-05
	iters: 100, epoch: 57 | loss: 0.3374097
	speed: 0.0896s/iter; left time: 7163.6735s
	iters: 200, epoch: 57 | loss: 0.3798463
	speed: 0.0227s/iter; left time: 1814.1197s
	iters: 300, epoch: 57 | loss: 0.3886545
	speed: 0.0236s/iter; left time: 1880.4355s
Epoch: 57 cost time: 8.239265203475952
[2025-05-30 03:29:17] [32mIntermediate result: 0.4914505  (Index 56)[0m
Epoch: 57, Steps: 328 | Train Loss: 0.3678839 Vali Loss: 0.5143863 Test Loss: 0.4914505
Validation loss decreased (0.519959 --> 0.514386).  Saving model ...
Updating learning rate to 7.152631446629768e-05
	iters: 100, epoch: 58 | loss: 0.3422105
	speed: 0.0899s/iter; left time: 7152.9848s
	iters: 200, epoch: 58 | loss: 0.3836447
	speed: 0.0241s/iter; left time: 1914.0501s
	iters: 300, epoch: 58 | loss: 0.3427498
	speed: 0.0269s/iter; left time: 2138.0744s
Epoch: 58 cost time: 8.559382200241089
[2025-05-30 03:29:31] [32mIntermediate result: 0.49937218  (Index 57)[0m
Epoch: 58, Steps: 328 | Train Loss: 0.3716799 Vali Loss: 0.5171385 Test Loss: 0.4993722
EarlyStopping counter: 1 out of 20
Updating learning rate to 7.304477392944229e-05
	iters: 100, epoch: 59 | loss: 0.3988663
	speed: 0.0908s/iter; left time: 7199.7842s
	iters: 200, epoch: 59 | loss: 0.3694820
	speed: 0.0232s/iter; left time: 1837.4007s
	iters: 300, epoch: 59 | loss: 0.3376410
	speed: 0.0247s/iter; left time: 1955.3195s
Epoch: 59 cost time: 8.640252113342285
[2025-05-30 03:29:45] [32mIntermediate result: 0.49256197  (Index 58)[0m
Epoch: 59, Steps: 328 | Train Loss: 0.3613425 Vali Loss: 0.5213575 Test Loss: 0.4925620
EarlyStopping counter: 2 out of 20
Updating learning rate to 7.453759184022609e-05
	iters: 100, epoch: 60 | loss: 0.3810628
	speed: 0.0872s/iter; left time: 6881.9058s
	iters: 200, epoch: 60 | loss: 0.3509939
	speed: 0.0227s/iter; left time: 1791.9426s
	iters: 300, epoch: 60 | loss: 0.3814254
	speed: 0.0241s/iter; left time: 1896.9270s
Epoch: 60 cost time: 8.12297534942627
[2025-05-30 03:29:58] [32mIntermediate result: 0.48170257  (Index 59)[0m
Epoch: 60, Steps: 328 | Train Loss: 0.3568310 Vali Loss: 0.5108317 Test Loss: 0.4817026
Validation loss decreased (0.514386 --> 0.510832).  Saving model ...
Updating learning rate to 7.600294930675916e-05
	iters: 100, epoch: 61 | loss: 0.3485051
	speed: 0.0880s/iter; left time: 6922.3862s
	iters: 200, epoch: 61 | loss: 0.3984454
	speed: 0.0244s/iter; left time: 1912.8098s
	iters: 300, epoch: 61 | loss: 0.3676929
	speed: 0.0246s/iter; left time: 1927.0536s
Epoch: 61 cost time: 8.383971691131592
[2025-05-30 03:30:12] [32mIntermediate result: 0.48718092  (Index 60)[0m
Epoch: 61, Steps: 328 | Train Loss: 0.3576766 Vali Loss: 0.5150773 Test Loss: 0.4871809
EarlyStopping counter: 1 out of 20
Updating learning rate to 7.743906089573957e-05
	iters: 100, epoch: 62 | loss: 0.4012108
	speed: 0.0866s/iter; left time: 6779.1328s
	iters: 200, epoch: 62 | loss: 0.3351579
	speed: 0.0228s/iter; left time: 1783.6184s
	iters: 300, epoch: 62 | loss: 0.3717695
	speed: 0.0239s/iter; left time: 1864.5477s
Epoch: 62 cost time: 8.154583215713501
[2025-05-30 03:30:26] [32mIntermediate result: 0.47592962  (Index 61)[0m
Epoch: 62, Steps: 328 | Train Loss: 0.3543230 Vali Loss: 0.5112995 Test Loss: 0.4759296
EarlyStopping counter: 2 out of 20
Updating learning rate to 7.884417680787618e-05
	iters: 100, epoch: 63 | loss: 0.3425290
	speed: 0.0909s/iter; left time: 7085.1297s
	iters: 200, epoch: 63 | loss: 0.3626862
	speed: 0.0242s/iter; left time: 1888.0341s
	iters: 300, epoch: 63 | loss: 0.3507824
	speed: 0.0297s/iter; left time: 2308.1582s
Epoch: 63 cost time: 9.311631917953491
[2025-05-30 03:30:40] [32mIntermediate result: 0.4788507  (Index 62)[0m
Epoch: 63, Steps: 328 | Train Loss: 0.3529759 Vali Loss: 0.5136143 Test Loss: 0.4788507
EarlyStopping counter: 3 out of 20
Updating learning rate to 8.021658500989383e-05
	iters: 100, epoch: 64 | loss: 0.3632161
	speed: 0.0899s/iter; left time: 6976.9345s
	iters: 200, epoch: 64 | loss: 0.3107570
	speed: 0.0246s/iter; left time: 1907.9058s
	iters: 300, epoch: 64 | loss: 0.3170764
	speed: 0.0256s/iter; left time: 1983.3153s
Epoch: 64 cost time: 8.405269622802734
[2025-05-30 03:30:54] [32mIntermediate result: 0.4666498  (Index 63)[0m
Epoch: 64, Steps: 328 | Train Loss: 0.3509045 Vali Loss: 0.4973159 Test Loss: 0.4666498
Validation loss decreased (0.510832 --> 0.497316).  Saving model ...
Updating learning rate to 8.15546133205237e-05
	iters: 100, epoch: 65 | loss: 0.3380115
	speed: 0.0879s/iter; left time: 6792.2716s
	iters: 200, epoch: 65 | loss: 0.3712586
	speed: 0.0252s/iter; left time: 1943.6025s
	iters: 300, epoch: 65 | loss: 0.3809444
	speed: 0.0255s/iter; left time: 1964.7400s
Epoch: 65 cost time: 8.676539182662964
[2025-05-30 03:31:08] [32mIntermediate result: 0.46768075  (Index 64)[0m
Epoch: 65, Steps: 328 | Train Loss: 0.3501990 Vali Loss: 0.5031247 Test Loss: 0.4676808
EarlyStopping counter: 1 out of 20
Updating learning rate to 8.285663144793643e-05
	iters: 100, epoch: 66 | loss: 0.3229468
	speed: 0.0910s/iter; left time: 7003.0406s
	iters: 200, epoch: 66 | loss: 0.3767433
	speed: 0.0242s/iter; left time: 1861.9172s
	iters: 300, epoch: 66 | loss: 0.3598278
	speed: 0.0227s/iter; left time: 1741.8658s
Epoch: 66 cost time: 8.120297193527222
[2025-05-30 03:31:22] [32mIntermediate result: 0.5058354  (Index 65)[0m
Epoch: 66, Steps: 328 | Train Loss: 0.3432022 Vali Loss: 0.5278413 Test Loss: 0.5058354
EarlyStopping counter: 2 out of 20
Updating learning rate to 8.412105297613627e-05
	iters: 100, epoch: 67 | loss: 0.3979529
	speed: 0.0910s/iter; left time: 6974.5972s
	iters: 200, epoch: 67 | loss: 0.3223904
	speed: 0.0249s/iter; left time: 1907.4763s
	iters: 300, epoch: 67 | loss: 0.3251729
	speed: 0.0232s/iter; left time: 1775.2101s
Epoch: 67 cost time: 8.545318365097046
[2025-05-30 03:31:36] [32mIntermediate result: 0.47199064  (Index 66)[0m
Epoch: 67, Steps: 328 | Train Loss: 0.3419411 Vali Loss: 0.4978130 Test Loss: 0.4719906
EarlyStopping counter: 3 out of 20
Updating learning rate to 8.534633729789548e-05
	iters: 100, epoch: 68 | loss: 0.3334536
	speed: 0.0888s/iter; left time: 6778.3663s
	iters: 200, epoch: 68 | loss: 0.3673390
	speed: 0.0237s/iter; left time: 1810.3172s
	iters: 300, epoch: 68 | loss: 0.3384180
	speed: 0.0243s/iter; left time: 1849.8454s
Epoch: 68 cost time: 8.315002679824829
[2025-05-30 03:31:49] [32mIntermediate result: 0.46572053  (Index 67)[0m
Epoch: 68, Steps: 328 | Train Loss: 0.3411015 Vali Loss: 0.4893398 Test Loss: 0.4657205
Validation loss decreased (0.497316 --> 0.489340).  Saving model ...
Updating learning rate to 8.653099149187414e-05
	iters: 100, epoch: 69 | loss: 0.3546741
	speed: 0.0882s/iter; left time: 6700.2583s
	iters: 200, epoch: 69 | loss: 0.3270200
	speed: 0.0279s/iter; left time: 2117.7079s
	iters: 300, epoch: 69 | loss: 0.3100947
	speed: 0.0254s/iter; left time: 1928.5308s
Epoch: 69 cost time: 8.947101831436157
[2025-05-30 03:32:04] [32mIntermediate result: 0.44791755  (Index 68)[0m
Epoch: 69, Steps: 328 | Train Loss: 0.3352848 Vali Loss: 0.4799525 Test Loss: 0.4479176
Validation loss decreased (0.489340 --> 0.479952).  Saving model ...
Updating learning rate to 8.767357214163805e-05
	iters: 100, epoch: 70 | loss: 0.3401790
	speed: 0.0917s/iter; left time: 6940.3494s
	iters: 200, epoch: 70 | loss: 0.3973416
	speed: 0.0266s/iter; left time: 2012.0152s
	iters: 300, epoch: 70 | loss: 0.3402736
	speed: 0.0258s/iter; left time: 1943.7099s
Epoch: 70 cost time: 8.97630500793457
[2025-05-30 03:32:18] [32mIntermediate result: 0.45053014  (Index 69)[0m
Epoch: 70, Steps: 328 | Train Loss: 0.3372771 Vali Loss: 0.4760232 Test Loss: 0.4505301
Validation loss decreased (0.479952 --> 0.476023).  Saving model ...
Updating learning rate to 8.877268709435838e-05
	iters: 100, epoch: 71 | loss: 0.3264985
	speed: 0.0927s/iter; left time: 6983.5019s
	iters: 200, epoch: 71 | loss: 0.3437286
	speed: 0.0237s/iter; left time: 1781.7826s
	iters: 300, epoch: 71 | loss: 0.3774998
	speed: 0.0248s/iter; left time: 1863.2311s
Epoch: 71 cost time: 8.551790714263916
[2025-05-30 03:32:32] [32mIntermediate result: 0.4606461  (Index 70)[0m
Epoch: 71, Steps: 328 | Train Loss: 0.3337573 Vali Loss: 0.5008465 Test Loss: 0.4606461
EarlyStopping counter: 1 out of 20
Updating learning rate to 8.982699715705043e-05
	iters: 100, epoch: 72 | loss: 0.3596359
	speed: 0.0882s/iter; left time: 6613.4177s
	iters: 200, epoch: 72 | loss: 0.3470156
	speed: 0.0236s/iter; left time: 1770.6378s
	iters: 300, epoch: 72 | loss: 0.3127947
	speed: 0.0229s/iter; left time: 1712.3344s
Epoch: 72 cost time: 8.251119136810303
[2025-05-30 03:32:45] [32mIntermediate result: 0.45162046  (Index 71)[0m
Epoch: 72, Steps: 328 | Train Loss: 0.3309937 Vali Loss: 0.4787939 Test Loss: 0.4516205
EarlyStopping counter: 2 out of 20
Updating learning rate to 9.083521772828453e-05
	iters: 100, epoch: 73 | loss: 0.3688258
	speed: 0.0884s/iter; left time: 6599.7134s
	iters: 200, epoch: 73 | loss: 0.3003039
	speed: 0.0232s/iter; left time: 1732.4041s
	iters: 300, epoch: 73 | loss: 0.3615834
	speed: 0.0226s/iter; left time: 1683.1728s
Epoch: 73 cost time: 8.122372150421143
[2025-05-30 03:32:59] [32mIntermediate result: 0.45673475  (Index 72)[0m
Epoch: 73, Steps: 328 | Train Loss: 0.3296043 Vali Loss: 0.4816535 Test Loss: 0.4567347
EarlyStopping counter: 3 out of 20
Updating learning rate to 9.1796120363381e-05
	iters: 100, epoch: 74 | loss: 0.3081671
	speed: 0.0874s/iter; left time: 6500.9786s
	iters: 200, epoch: 74 | loss: 0.3849102
	speed: 0.0232s/iter; left time: 1725.5387s
	iters: 300, epoch: 74 | loss: 0.3342360
	speed: 0.0235s/iter; left time: 1739.4693s
Epoch: 74 cost time: 8.102893114089966
[2025-05-30 03:33:12] [32mIntermediate result: 0.4463785  (Index 73)[0m
Epoch: 74, Steps: 328 | Train Loss: 0.3246912 Vali Loss: 0.4780133 Test Loss: 0.4463785
EarlyStopping counter: 4 out of 20
Updating learning rate to 9.270853427118218e-05
	iters: 100, epoch: 75 | loss: 0.2945246
	speed: 0.0902s/iter; left time: 6675.4085s
	iters: 200, epoch: 75 | loss: 0.3669511
	speed: 0.0259s/iter; left time: 1914.0435s
	iters: 300, epoch: 75 | loss: 0.3164023
	speed: 0.0230s/iter; left time: 1696.2640s
Epoch: 75 cost time: 8.499069213867188
[2025-05-30 03:33:26] [32mIntermediate result: 0.45088395  (Index 74)[0m
Epoch: 75, Steps: 328 | Train Loss: 0.3255703 Vali Loss: 0.4737321 Test Loss: 0.4508840
Validation loss decreased (0.476023 --> 0.473732).  Saving model ...
Updating learning rate to 9.357134774057776e-05
	iters: 100, epoch: 76 | loss: 0.3384302
	speed: 0.0889s/iter; left time: 6552.7705s
	iters: 200, epoch: 76 | loss: 0.3414871
	speed: 0.0235s/iter; left time: 1730.5242s
	iters: 300, epoch: 76 | loss: 0.3009897
	speed: 0.0232s/iter; left time: 1702.8092s
Epoch: 76 cost time: 8.167364120483398
[2025-05-30 03:33:40] [32mIntermediate result: 0.43410495  (Index 75)[0m
Epoch: 76, Steps: 328 | Train Loss: 0.3198855 Vali Loss: 0.4693862 Test Loss: 0.4341049
Validation loss decreased (0.473732 --> 0.469386).  Saving model ...
Updating learning rate to 9.438350949504525e-05
	iters: 100, epoch: 77 | loss: 0.3007605
	speed: 0.0882s/iter; left time: 6469.1256s
	iters: 200, epoch: 77 | loss: 0.3040745
	speed: 0.0286s/iter; left time: 2098.6448s
	iters: 300, epoch: 77 | loss: 0.3034349
	speed: 0.0312s/iter; left time: 2286.2836s
Epoch: 77 cost time: 9.54009461402893
[2025-05-30 03:33:55] [32mIntermediate result: 0.44313028  (Index 76)[0m
Epoch: 77, Steps: 328 | Train Loss: 0.3215637 Vali Loss: 0.4653556 Test Loss: 0.4431303
Validation loss decreased (0.469386 --> 0.465356).  Saving model ...
Updating learning rate to 9.514402997355528e-05
	iters: 100, epoch: 78 | loss: 0.3222671
	speed: 0.0874s/iter; left time: 6387.7650s
	iters: 200, epoch: 78 | loss: 0.3203105
	speed: 0.0232s/iter; left time: 1691.5867s
	iters: 300, epoch: 78 | loss: 0.3491203
	speed: 0.0226s/iter; left time: 1644.4322s
Epoch: 78 cost time: 8.051773071289062
[2025-05-30 03:34:08] [32mIntermediate result: 0.42881212  (Index 77)[0m
Epoch: 78, Steps: 328 | Train Loss: 0.3176502 Vali Loss: 0.4584981 Test Loss: 0.4288121
Validation loss decreased (0.465356 --> 0.458498).  Saving model ...
Updating learning rate to 9.585198253628089e-05
	iters: 100, epoch: 79 | loss: 0.2834336
	speed: 0.0879s/iter; left time: 6391.3494s
	iters: 200, epoch: 79 | loss: 0.3181488
	speed: 0.0227s/iter; left time: 1647.5691s
	iters: 300, epoch: 79 | loss: 0.3096788
	speed: 0.0237s/iter; left time: 1717.0382s
Epoch: 79 cost time: 8.04252576828003
[2025-05-30 03:34:21] [32mIntermediate result: 0.44337288  (Index 78)[0m
Epoch: 79, Steps: 328 | Train Loss: 0.3146208 Vali Loss: 0.4725874 Test Loss: 0.4433729
EarlyStopping counter: 1 out of 20
Updating learning rate to 9.650650459364208e-05
	iters: 100, epoch: 80 | loss: 0.3006847
	speed: 0.0870s/iter; left time: 6295.3786s
	iters: 200, epoch: 80 | loss: 0.3480455
	speed: 0.0230s/iter; left time: 1660.6346s
	iters: 300, epoch: 80 | loss: 0.3113999
	speed: 0.0229s/iter; left time: 1653.4334s
Epoch: 80 cost time: 8.0925133228302
[2025-05-30 03:34:35] [32mIntermediate result: 0.4357535  (Index 79)[0m
Epoch: 80, Steps: 328 | Train Loss: 0.3150859 Vali Loss: 0.4623626 Test Loss: 0.4357535
EarlyStopping counter: 2 out of 20
Updating learning rate to 9.710679865730938e-05
	iters: 100, epoch: 81 | loss: 0.3040120
	speed: 0.0892s/iter; left time: 6424.9393s
	iters: 200, epoch: 81 | loss: 0.2862984
	speed: 0.0247s/iter; left time: 1778.6706s
	iters: 300, epoch: 81 | loss: 0.3095442
	speed: 0.0278s/iter; left time: 1994.7956s
Epoch: 81 cost time: 8.699477434158325
[2025-05-30 03:34:49] [32mIntermediate result: 0.42294174  (Index 80)[0m
Epoch: 81, Steps: 328 | Train Loss: 0.3133439 Vali Loss: 0.4544469 Test Loss: 0.4229417
Validation loss decreased (0.458498 --> 0.454447).  Saving model ...
Updating learning rate to 9.765213331188638e-05
	iters: 100, epoch: 82 | loss: 0.3125791
	speed: 0.0889s/iter; left time: 6377.6668s
	iters: 200, epoch: 82 | loss: 0.3422721
	speed: 0.0228s/iter; left time: 1633.1844s
	iters: 300, epoch: 82 | loss: 0.3201016
	speed: 0.0259s/iter; left time: 1853.6188s
Epoch: 82 cost time: 8.330264329910278
[2025-05-30 03:35:02] [32mIntermediate result: 0.43493536  (Index 81)[0m
Epoch: 82, Steps: 328 | Train Loss: 0.3105475 Vali Loss: 0.4638461 Test Loss: 0.4349354
EarlyStopping counter: 1 out of 20
Updating learning rate to 9.814184410608716e-05
	iters: 100, epoch: 83 | loss: 0.3015872
	speed: 0.0867s/iter; left time: 6193.2540s
	iters: 200, epoch: 83 | loss: 0.3026202
	speed: 0.0237s/iter; left time: 1691.1885s
	iters: 300, epoch: 83 | loss: 0.3190401
	speed: 0.0226s/iter; left time: 1609.7817s
Epoch: 83 cost time: 8.032852411270142
[2025-05-30 03:35:16] [32mIntermediate result: 0.48123842  (Index 82)[0m
Epoch: 83, Steps: 328 | Train Loss: 0.3110143 Vali Loss: 0.5270432 Test Loss: 0.4812384
EarlyStopping counter: 2 out of 20
Updating learning rate to 9.857533436232263e-05
	iters: 100, epoch: 84 | loss: 0.3128383
	speed: 0.0889s/iter; left time: 6317.8376s
	iters: 200, epoch: 84 | loss: 0.3144163
	speed: 0.0237s/iter; left time: 1681.4827s
	iters: 300, epoch: 84 | loss: 0.3192315
	speed: 0.0233s/iter; left time: 1648.8008s
Epoch: 84 cost time: 8.21418046951294
[2025-05-30 03:35:29] [32mIntermediate result: 0.4242045  (Index 83)[0m
Epoch: 84, Steps: 328 | Train Loss: 0.3076078 Vali Loss: 0.4565917 Test Loss: 0.4242045
EarlyStopping counter: 3 out of 20
Updating learning rate to 9.895207590370952e-05
	iters: 100, epoch: 85 | loss: 0.3033753
	speed: 0.0876s/iter; left time: 6194.7826s
	iters: 200, epoch: 85 | loss: 0.3373361
	speed: 0.0256s/iter; left time: 1810.3074s
	iters: 300, epoch: 85 | loss: 0.3267184
	speed: 0.0252s/iter; left time: 1776.9258s
Epoch: 85 cost time: 8.472938537597656
[2025-05-30 03:35:43] [32mIntermediate result: 0.42310306  (Index 84)[0m
Epoch: 85, Steps: 328 | Train Loss: 0.3033829 Vali Loss: 0.4559425 Test Loss: 0.4231031
EarlyStopping counter: 4 out of 20
Updating learning rate to 9.927160969761613e-05
	iters: 100, epoch: 86 | loss: 0.2957095
	speed: 0.0874s/iter; left time: 6151.9237s
	iters: 200, epoch: 86 | loss: 0.3133357
	speed: 0.0268s/iter; left time: 1887.3198s
	iters: 300, epoch: 86 | loss: 0.2875136
	speed: 0.0278s/iter; left time: 1950.4850s
Epoch: 86 cost time: 9.024592399597168
[2025-05-30 03:35:58] [32mIntermediate result: 0.42210415  (Index 85)[0m
Epoch: 86, Steps: 328 | Train Loss: 0.3006485 Vali Loss: 0.4474524 Test Loss: 0.4221042
Validation loss decreased (0.454447 --> 0.447452).  Saving model ...
Updating learning rate to 9.953354641496086e-05
	iters: 100, epoch: 87 | loss: 0.2649319
	speed: 0.0920s/iter; left time: 6448.3772s
	iters: 200, epoch: 87 | loss: 0.3099186
	speed: 0.0232s/iter; left time: 1622.4508s
	iters: 300, epoch: 87 | loss: 0.2908673
	speed: 0.0261s/iter; left time: 1822.2221s
Epoch: 87 cost time: 8.469326496124268
[2025-05-30 03:36:12] [32mIntermediate result: 0.41550756  (Index 86)[0m
Epoch: 87, Steps: 328 | Train Loss: 0.3001965 Vali Loss: 0.4518667 Test Loss: 0.4155076
EarlyStopping counter: 1 out of 20
Updating learning rate to 9.973756690458168e-05
	iters: 100, epoch: 88 | loss: 0.2552906
	speed: 0.0909s/iter; left time: 6341.1844s
	iters: 200, epoch: 88 | loss: 0.3250628
	speed: 0.0249s/iter; left time: 1731.3039s
	iters: 300, epoch: 88 | loss: 0.2867207
	speed: 0.0232s/iter; left time: 1616.2454s
Epoch: 88 cost time: 8.293339729309082
[2025-05-30 03:36:26] [32mIntermediate result: 0.41382813  (Index 87)[0m
Epoch: 88, Steps: 328 | Train Loss: 0.2993990 Vali Loss: 0.4411131 Test Loss: 0.4138281
Validation loss decreased (0.447452 --> 0.441113).  Saving model ...
Updating learning rate to 9.98834225820992e-05
	iters: 100, epoch: 89 | loss: 0.2792802
	speed: 0.0888s/iter; left time: 6168.3654s
	iters: 200, epoch: 89 | loss: 0.3003708
	speed: 0.0229s/iter; left time: 1588.9206s
	iters: 300, epoch: 89 | loss: 0.2828266
	speed: 0.0228s/iter; left time: 1580.1682s
Epoch: 89 cost time: 7.972989559173584
[2025-05-30 03:36:39] [32mIntermediate result: 0.4270529  (Index 88)[0m
Epoch: 89, Steps: 328 | Train Loss: 0.2956566 Vali Loss: 0.4500769 Test Loss: 0.4270529
EarlyStopping counter: 1 out of 20
Updating learning rate to 9.997093573279884e-05
	iters: 100, epoch: 90 | loss: 0.2895389
	speed: 0.0889s/iter; left time: 6147.1279s
	iters: 200, epoch: 90 | loss: 0.2896349
	speed: 0.0240s/iter; left time: 1654.9763s
	iters: 300, epoch: 90 | loss: 0.2925029
	speed: 0.0246s/iter; left time: 1696.9116s
Epoch: 90 cost time: 8.391092538833618
[2025-05-30 03:36:53] [32mIntermediate result: 0.40706488  (Index 89)[0m
Epoch: 90, Steps: 328 | Train Loss: 0.2944977 Vali Loss: 0.4403127 Test Loss: 0.4070649
Validation loss decreased (0.441113 --> 0.440313).  Saving model ...
Updating learning rate to 9.999999994799421e-05
	iters: 100, epoch: 91 | loss: 0.2901474
	speed: 0.0877s/iter; left time: 6032.8128s
	iters: 200, epoch: 91 | loss: 0.3054885
	speed: 0.0227s/iter; left time: 1557.9521s
	iters: 300, epoch: 91 | loss: 0.2981674
	speed: 0.0227s/iter; left time: 1559.1542s
Epoch: 91 cost time: 8.034179449081421
[2025-05-30 03:37:06] [32mIntermediate result: 0.4125941  (Index 90)[0m
Epoch: 91, Steps: 328 | Train Loss: 0.2916869 Vali Loss: 0.4436606 Test Loss: 0.4125941
EarlyStopping counter: 1 out of 20
Updating learning rate to 9.999437094636432e-05
	iters: 100, epoch: 92 | loss: 0.2824089
	speed: 0.0866s/iter; left time: 5929.2545s
	iters: 200, epoch: 92 | loss: 0.2827192
	speed: 0.0248s/iter; left time: 1698.3552s
	iters: 300, epoch: 92 | loss: 0.2818934
	speed: 0.0230s/iter; left time: 1569.4260s
Epoch: 92 cost time: 8.216540336608887
[2025-05-30 03:37:19] [32mIntermediate result: 0.40517658  (Index 91)[0m
Epoch: 92, Steps: 328 | Train Loss: 0.2918964 Vali Loss: 0.4302563 Test Loss: 0.4051766
Validation loss decreased (0.440313 --> 0.430256).  Saving model ...
Updating learning rate to 9.997755343028287e-05
	iters: 100, epoch: 93 | loss: 0.2983252
	speed: 0.0863s/iter; left time: 5876.8472s
	iters: 200, epoch: 93 | loss: 0.2813510
	speed: 0.0251s/iter; left time: 1707.4450s
	iters: 300, epoch: 93 | loss: 0.2862170
	speed: 0.0260s/iter; left time: 1766.3330s
Epoch: 93 cost time: 8.49474811553955
[2025-05-30 03:37:33] [32mIntermediate result: 0.44637135  (Index 92)[0m
Epoch: 93, Steps: 328 | Train Loss: 0.2891124 Vali Loss: 0.4641931 Test Loss: 0.4463713
EarlyStopping counter: 1 out of 20
Updating learning rate to 9.994955116344906e-05
	iters: 100, epoch: 94 | loss: 0.2893447
	speed: 0.0897s/iter; left time: 6078.4429s
	iters: 200, epoch: 94 | loss: 0.2756256
	speed: 0.0225s/iter; left time: 1520.8723s
	iters: 300, epoch: 94 | loss: 0.2869778
	speed: 0.0238s/iter; left time: 1607.2502s
Epoch: 94 cost time: 8.303181648254395
[2025-05-30 03:37:47] [32mIntermediate result: 0.41124868  (Index 93)[0m
Epoch: 94, Steps: 328 | Train Loss: 0.2895912 Vali Loss: 0.4445782 Test Loss: 0.4112487
EarlyStopping counter: 2 out of 20
Updating learning rate to 9.991037041266885e-05
	iters: 100, epoch: 95 | loss: 0.2899314
	speed: 0.0874s/iter; left time: 5898.5436s
	iters: 200, epoch: 95 | loss: 0.3223674
	speed: 0.0231s/iter; left time: 1554.7903s
	iters: 300, epoch: 95 | loss: 0.2835547
	speed: 0.0233s/iter; left time: 1565.3353s
Epoch: 95 cost time: 8.099302530288696
[2025-05-30 03:38:00] [32mIntermediate result: 0.4217178  (Index 94)[0m
Epoch: 95, Steps: 328 | Train Loss: 0.2877539 Vali Loss: 0.4483516 Test Loss: 0.4217178
EarlyStopping counter: 3 out of 20
Updating learning rate to 9.986001994645238e-05
	iters: 100, epoch: 96 | loss: 0.2614673
	speed: 0.0924s/iter; left time: 6206.3976s
	iters: 200, epoch: 96 | loss: 0.3337566
	speed: 0.0231s/iter; left time: 1549.8345s
	iters: 300, epoch: 96 | loss: 0.2840625
	speed: 0.0224s/iter; left time: 1499.7186s
Epoch: 96 cost time: 8.395351886749268
[2025-05-30 03:38:14] [32mIntermediate result: 0.3982959  (Index 95)[0m
Epoch: 96, Steps: 328 | Train Loss: 0.2853937 Vali Loss: 0.4306765 Test Loss: 0.3982959
EarlyStopping counter: 4 out of 20
Updating learning rate to 9.97985110330517e-05
	iters: 100, epoch: 97 | loss: 0.2844095
	speed: 0.0865s/iter; left time: 5778.7509s
	iters: 200, epoch: 97 | loss: 0.2572435
	speed: 0.0261s/iter; left time: 1739.4191s
	iters: 300, epoch: 97 | loss: 0.2427312
	speed: 0.0237s/iter; left time: 1575.6541s
Epoch: 97 cost time: 8.544564723968506
[2025-05-30 03:38:28] [32mIntermediate result: 0.39044127  (Index 96)[0m
Epoch: 97, Steps: 328 | Train Loss: 0.2831979 Vali Loss: 0.4249702 Test Loss: 0.3904413
Validation loss decreased (0.430256 --> 0.424970).  Saving model ...
Updating learning rate to 9.972585743793897e-05
	iters: 100, epoch: 98 | loss: 0.2826829
	speed: 0.0906s/iter; left time: 6023.3628s
	iters: 200, epoch: 98 | loss: 0.2771347
	speed: 0.0233s/iter; left time: 1546.7716s
	iters: 300, epoch: 98 | loss: 0.2578711
	speed: 0.0230s/iter; left time: 1522.0188s
Epoch: 98 cost time: 8.231125354766846
[2025-05-30 03:38:41] [32mIntermediate result: 0.42129427  (Index 97)[0m
Epoch: 98, Steps: 328 | Train Loss: 0.2801785 Vali Loss: 0.4588430 Test Loss: 0.4212943
EarlyStopping counter: 1 out of 20
Updating learning rate to 9.964207542072567e-05
	iters: 100, epoch: 99 | loss: 0.2599994
	speed: 0.0876s/iter; left time: 5795.1101s
	iters: 200, epoch: 99 | loss: 0.2883515
	speed: 0.0236s/iter; left time: 1559.8913s
	iters: 300, epoch: 99 | loss: 0.2471913
	speed: 0.0275s/iter; left time: 1814.4893s
Epoch: 99 cost time: 8.50870680809021
[2025-05-30 03:38:55] [32mIntermediate result: 0.40665364  (Index 98)[0m
Epoch: 99, Steps: 328 | Train Loss: 0.2787107 Vali Loss: 0.4380464 Test Loss: 0.4066536
EarlyStopping counter: 2 out of 20
Updating learning rate to 9.954718373152396e-05
	iters: 100, epoch: 100 | loss: 0.2644755
	speed: 0.0871s/iter; left time: 5733.0353s
	iters: 200, epoch: 100 | loss: 0.2995828
	speed: 0.0234s/iter; left time: 1535.3569s
	iters: 300, epoch: 100 | loss: 0.2735142
	speed: 0.0231s/iter; left time: 1516.0148s
Epoch: 100 cost time: 8.015846729278564
[2025-05-30 03:39:08] [32mIntermediate result: 0.39386722  (Index 99)[0m
Epoch: 100, Steps: 328 | Train Loss: 0.2785095 Vali Loss: 0.4309535 Test Loss: 0.3938672
EarlyStopping counter: 3 out of 20
Updating learning rate to 9.94412036067503e-05
	iters: 100, epoch: 101 | loss: 0.2622905
	speed: 0.0868s/iter; left time: 5685.5479s
	iters: 200, epoch: 101 | loss: 0.3249748
	speed: 0.0247s/iter; left time: 1613.0490s
	iters: 300, epoch: 101 | loss: 0.2581693
	speed: 0.0228s/iter; left time: 1487.5304s
Epoch: 101 cost time: 8.210144519805908
[2025-05-30 03:39:22] [32mIntermediate result: 0.3992582  (Index 100)[0m
Epoch: 101, Steps: 328 | Train Loss: 0.2778424 Vali Loss: 0.4292150 Test Loss: 0.3992582
EarlyStopping counter: 4 out of 20
Updating learning rate to 9.932415876437293e-05
	iters: 100, epoch: 102 | loss: 0.2709130
	speed: 0.0887s/iter; left time: 5782.5373s
	iters: 200, epoch: 102 | loss: 0.2551183
	speed: 0.0236s/iter; left time: 1536.4654s
	iters: 300, epoch: 102 | loss: 0.2952361
	speed: 0.0229s/iter; left time: 1488.3289s
Epoch: 102 cost time: 8.110610723495483
[2025-05-30 03:39:35] [32mIntermediate result: 0.38927802  (Index 101)[0m
Epoch: 102, Steps: 328 | Train Loss: 0.2748713 Vali Loss: 0.4213025 Test Loss: 0.3892780
Validation loss decreased (0.424970 --> 0.421302).  Saving model ...
Updating learning rate to 9.919607539860379e-05
	iters: 100, epoch: 103 | loss: 0.2979735
	speed: 0.0870s/iter; left time: 5642.5346s
	iters: 200, epoch: 103 | loss: 0.2588141
	speed: 0.0247s/iter; left time: 1599.6668s
	iters: 300, epoch: 103 | loss: 0.2716275
	speed: 0.0230s/iter; left time: 1489.9312s
Epoch: 103 cost time: 8.22829532623291
[2025-05-30 03:39:49] [32mIntermediate result: 0.39131013  (Index 102)[0m
Epoch: 103, Steps: 328 | Train Loss: 0.2744746 Vali Loss: 0.4207695 Test Loss: 0.3913101
Validation loss decreased (0.421302 --> 0.420769).  Saving model ...
Updating learning rate to 9.90569821740364e-05
	iters: 100, epoch: 104 | loss: 0.2785906
	speed: 0.0926s/iter; left time: 5975.9411s
	iters: 200, epoch: 104 | loss: 0.2781378
	speed: 0.0241s/iter; left time: 1552.6838s
	iters: 300, epoch: 104 | loss: 0.2574576
	speed: 0.0247s/iter; left time: 1586.8401s
Epoch: 104 cost time: 8.867373704910278
[2025-05-30 03:40:03] [32mIntermediate result: 0.39757112  (Index 103)[0m
Epoch: 104, Steps: 328 | Train Loss: 0.2742472 Vali Loss: 0.4309545 Test Loss: 0.3975711
EarlyStopping counter: 1 out of 20
Updating learning rate to 9.890691021923086e-05
	iters: 100, epoch: 105 | loss: 0.2708833
	speed: 0.0883s/iter; left time: 5668.1418s
	iters: 200, epoch: 105 | loss: 0.2582780
	speed: 0.0229s/iter; left time: 1467.2064s
	iters: 300, epoch: 105 | loss: 0.2652717
	speed: 0.0238s/iter; left time: 1521.8185s
Epoch: 105 cost time: 8.251718282699585
[2025-05-30 03:40:17] [32mIntermediate result: 0.39327917  (Index 104)[0m
Epoch: 105, Steps: 328 | Train Loss: 0.2709045 Vali Loss: 0.4254129 Test Loss: 0.3932792
EarlyStopping counter: 2 out of 20
Updating learning rate to 9.874589311974727e-05
	iters: 100, epoch: 106 | loss: 0.2640212
	speed: 0.0946s/iter; left time: 6040.9362s
	iters: 200, epoch: 106 | loss: 0.2764705
	speed: 0.0235s/iter; left time: 1496.8491s
	iters: 300, epoch: 106 | loss: 0.2444002
	speed: 0.0232s/iter; left time: 1475.3661s
Epoch: 106 cost time: 8.424698114395142
[2025-05-30 03:40:31] [32mIntermediate result: 0.39515954  (Index 105)[0m
Epoch: 106, Steps: 328 | Train Loss: 0.2685784 Vali Loss: 0.4219449 Test Loss: 0.3951595
EarlyStopping counter: 3 out of 20
Updating learning rate to 9.857396691062956e-05
	iters: 100, epoch: 107 | loss: 0.2815552
	speed: 0.0879s/iter; left time: 5582.6256s
	iters: 200, epoch: 107 | loss: 0.2904949
	speed: 0.0222s/iter; left time: 1410.8683s
	iters: 300, epoch: 107 | loss: 0.2798990
	speed: 0.0226s/iter; left time: 1433.2871s
Epoch: 107 cost time: 7.969857931137085
[2025-05-30 03:40:44] [32mIntermediate result: 0.41544107  (Index 106)[0m
Epoch: 107, Steps: 328 | Train Loss: 0.2670940 Vali Loss: 0.4414874 Test Loss: 0.4154411
EarlyStopping counter: 4 out of 20
Updating learning rate to 9.839117006834084e-05
	iters: 100, epoch: 108 | loss: 0.2830160
	speed: 0.0877s/iter; left time: 5545.1680s
	iters: 200, epoch: 108 | loss: 0.2495561
	speed: 0.0228s/iter; left time: 1439.1849s
	iters: 300, epoch: 108 | loss: 0.2513874
	speed: 0.0230s/iter; left time: 1446.5636s
Epoch: 108 cost time: 7.886704921722412
[2025-05-30 03:40:57] [32mIntermediate result: 0.3883144  (Index 107)[0m
Epoch: 108, Steps: 328 | Train Loss: 0.2704511 Vali Loss: 0.4200412 Test Loss: 0.3883144
Validation loss decreased (0.420769 --> 0.420041).  Saving model ...
Updating learning rate to 9.819754350215261e-05
	iters: 100, epoch: 109 | loss: 0.2602624
	speed: 0.0892s/iter; left time: 5606.6586s
	iters: 200, epoch: 109 | loss: 0.2555601
	speed: 0.0227s/iter; left time: 1423.5205s
	iters: 300, epoch: 109 | loss: 0.2489905
	speed: 0.0306s/iter; left time: 1920.4489s
Epoch: 109 cost time: 8.896591186523438
[2025-05-30 03:41:12] [32mIntermediate result: 0.4083337  (Index 108)[0m
Epoch: 109, Steps: 328 | Train Loss: 0.2634107 Vali Loss: 0.4343404 Test Loss: 0.4083337
EarlyStopping counter: 1 out of 20
Updating learning rate to 9.799313054498931e-05
	iters: 100, epoch: 110 | loss: 0.2568534
	speed: 0.0890s/iter; left time: 5566.1739s
	iters: 200, epoch: 110 | loss: 0.2705148
	speed: 0.0226s/iter; left time: 1413.1433s
	iters: 300, epoch: 110 | loss: 0.2806274
	speed: 0.0230s/iter; left time: 1435.3003s
Epoch: 110 cost time: 7.938824415206909
[2025-05-30 03:41:25] [32mIntermediate result: 0.3962972  (Index 109)[0m
Epoch: 110, Steps: 328 | Train Loss: 0.2655700 Vali Loss: 0.4298094 Test Loss: 0.3962972
EarlyStopping counter: 2 out of 20
Updating learning rate to 9.777797694373072e-05
	iters: 100, epoch: 111 | loss: 0.2771515
	speed: 0.0886s/iter; left time: 5515.4763s
	iters: 200, epoch: 111 | loss: 0.2756233
	speed: 0.0235s/iter; left time: 1460.4427s
	iters: 300, epoch: 111 | loss: 0.2888153
	speed: 0.0224s/iter; left time: 1387.9977s
Epoch: 111 cost time: 8.079169750213623
[2025-05-30 03:41:39] [32mIntermediate result: 0.38297227  (Index 110)[0m
Epoch: 111, Steps: 328 | Train Loss: 0.2626356 Vali Loss: 0.4130376 Test Loss: 0.3829723
Validation loss decreased (0.420041 --> 0.413038).  Saving model ...
Updating learning rate to 9.755213084897379e-05
	iters: 100, epoch: 112 | loss: 0.2701950
	speed: 0.0882s/iter; left time: 5458.9416s
	iters: 200, epoch: 112 | loss: 0.2596590
	speed: 0.0230s/iter; left time: 1423.5353s
	iters: 300, epoch: 112 | loss: 0.2644457
	speed: 0.0225s/iter; left time: 1387.8992s
Epoch: 112 cost time: 7.920803546905518
[2025-05-30 03:41:52] [32mIntermediate result: 0.3961568  (Index 111)[0m
Epoch: 112, Steps: 328 | Train Loss: 0.2612490 Vali Loss: 0.4246013 Test Loss: 0.3961568
EarlyStopping counter: 1 out of 20
Updating learning rate to 9.731564280425686e-05
	iters: 100, epoch: 113 | loss: 0.2676939
	speed: 0.0870s/iter; left time: 5357.7039s
	iters: 200, epoch: 113 | loss: 0.2598439
	speed: 0.0234s/iter; left time: 1440.0856s
	iters: 300, epoch: 113 | loss: 0.2623917
	speed: 0.0227s/iter; left time: 1390.0917s
Epoch: 113 cost time: 8.07952618598938
[2025-05-30 03:42:05] [32mIntermediate result: 0.38223597  (Index 112)[0m
Epoch: 113, Steps: 328 | Train Loss: 0.2599645 Vali Loss: 0.4136685 Test Loss: 0.3822360
EarlyStopping counter: 2 out of 20
Updating learning rate to 9.70685657347481e-05
	iters: 100, epoch: 114 | loss: 0.2746434
	speed: 0.0884s/iter; left time: 5411.8150s
	iters: 200, epoch: 114 | loss: 0.2543200
	speed: 0.0222s/iter; left time: 1359.7175s
	iters: 300, epoch: 114 | loss: 0.2402425
	speed: 0.0222s/iter; left time: 1355.2937s
Epoch: 114 cost time: 7.92711877822876
[2025-05-30 03:42:18] [32mIntermediate result: 0.39208886  (Index 113)[0m
Epoch: 114, Steps: 328 | Train Loss: 0.2594301 Vali Loss: 0.4209429 Test Loss: 0.3920889
EarlyStopping counter: 3 out of 20
Updating learning rate to 9.681095493540113e-05
	iters: 100, epoch: 115 | loss: 0.2485506
	speed: 0.0869s/iter; left time: 5292.1823s
	iters: 200, epoch: 115 | loss: 0.2718639
	speed: 0.0222s/iter; left time: 1352.1103s
	iters: 300, epoch: 115 | loss: 0.2628953
	speed: 0.0224s/iter; left time: 1358.4617s
Epoch: 115 cost time: 7.9379963874816895
[2025-05-30 03:42:32] [32mIntermediate result: 0.37946472  (Index 114)[0m
Epoch: 115, Steps: 328 | Train Loss: 0.2569285 Vali Loss: 0.4061981 Test Loss: 0.3794647
Validation loss decreased (0.413038 --> 0.406198).  Saving model ...
Updating learning rate to 9.654286805858015e-05
	iters: 100, epoch: 116 | loss: 0.2884357
	speed: 0.0908s/iter; left time: 5500.2531s
	iters: 200, epoch: 116 | loss: 0.2448415
	speed: 0.0239s/iter; left time: 1445.5317s
	iters: 300, epoch: 116 | loss: 0.2575960
	speed: 0.0259s/iter; left time: 1562.7247s
Epoch: 116 cost time: 8.524777889251709
[2025-05-30 03:42:46] [32mIntermediate result: 0.39022183  (Index 115)[0m
Epoch: 116, Steps: 328 | Train Loss: 0.2570419 Vali Loss: 0.4202572 Test Loss: 0.3902218
EarlyStopping counter: 1 out of 20
Updating learning rate to 9.626436510115757e-05
	iters: 100, epoch: 117 | loss: 0.2602042
	speed: 0.0865s/iter; left time: 5211.5475s
	iters: 200, epoch: 117 | loss: 0.2806289
	speed: 0.0222s/iter; left time: 1333.3907s
	iters: 300, epoch: 117 | loss: 0.2745242
	speed: 0.0226s/iter; left time: 1354.5045s
Epoch: 117 cost time: 7.764434099197388
[2025-05-30 03:42:59] [32mIntermediate result: 0.39328104  (Index 116)[0m
Epoch: 117, Steps: 328 | Train Loss: 0.2567836 Vali Loss: 0.4157946 Test Loss: 0.3932810
EarlyStopping counter: 2 out of 20
Updating learning rate to 9.597550839108692e-05
	iters: 100, epoch: 118 | loss: 0.2807845
	speed: 0.0877s/iter; left time: 5253.1587s
	iters: 200, epoch: 118 | loss: 0.2739107
	speed: 0.0226s/iter; left time: 1352.1769s
	iters: 300, epoch: 118 | loss: 0.2717700
	speed: 0.0254s/iter; left time: 1515.4849s
Epoch: 118 cost time: 8.392770528793335
[2025-05-30 03:43:12] [32mIntermediate result: 0.38246086  (Index 117)[0m
Epoch: 118, Steps: 328 | Train Loss: 0.2541658 Vali Loss: 0.4157552 Test Loss: 0.3824609
EarlyStopping counter: 3 out of 20
Updating learning rate to 9.567636257345411e-05
	iters: 100, epoch: 119 | loss: 0.2269860
	speed: 0.0899s/iter; left time: 5356.9031s
	iters: 200, epoch: 119 | loss: 0.2722631
	speed: 0.0257s/iter; left time: 1530.3806s
	iters: 300, epoch: 119 | loss: 0.2563778
	speed: 0.0233s/iter; left time: 1386.7054s
Epoch: 119 cost time: 8.577219247817993
[2025-05-30 03:43:26] [32mIntermediate result: 0.39775747  (Index 118)[0m
Epoch: 119, Steps: 328 | Train Loss: 0.2503922 Vali Loss: 0.4312252 Test Loss: 0.3977575
EarlyStopping counter: 4 out of 20
Updating learning rate to 9.536699459601004e-05
	iters: 100, epoch: 120 | loss: 0.2407868
	speed: 0.0890s/iter; left time: 5275.7222s
	iters: 200, epoch: 120 | loss: 0.2556892
	speed: 0.0252s/iter; left time: 1489.5666s
	iters: 300, epoch: 120 | loss: 0.2674727
	speed: 0.0227s/iter; left time: 1341.0906s
Epoch: 120 cost time: 8.312506198883057
[2025-05-30 03:43:40] [32mIntermediate result: 0.38473216  (Index 119)[0m
Epoch: 120, Steps: 328 | Train Loss: 0.2527972 Vali Loss: 0.4080710 Test Loss: 0.3847322
EarlyStopping counter: 5 out of 20
Updating learning rate to 9.504747369418797e-05
	iters: 100, epoch: 121 | loss: 0.2372161
	speed: 0.0860s/iter; left time: 5069.1308s
	iters: 200, epoch: 121 | loss: 0.2394019
	speed: 0.0227s/iter; left time: 1337.4646s
	iters: 300, epoch: 121 | loss: 0.2516765
	speed: 0.0263s/iter; left time: 1545.4488s
Epoch: 121 cost time: 8.280158042907715
[2025-05-30 03:43:53] [32mIntermediate result: 0.37613732  (Index 120)[0m
Epoch: 121, Steps: 328 | Train Loss: 0.2506139 Vali Loss: 0.4050478 Test Loss: 0.3761373
Validation loss decreased (0.406198 --> 0.405048).  Saving model ...
Updating learning rate to 9.471787137560894e-05
	iters: 100, epoch: 122 | loss: 0.2390352
	speed: 0.0872s/iter; left time: 5111.9843s
	iters: 200, epoch: 122 | loss: 0.2405340
	speed: 0.0238s/iter; left time: 1392.1706s
	iters: 300, epoch: 122 | loss: 0.2667719
	speed: 0.0243s/iter; left time: 1416.7796s
Epoch: 122 cost time: 8.469191789627075
[2025-05-30 03:44:07] [32mIntermediate result: 0.3759679  (Index 121)[0m
Epoch: 122, Steps: 328 | Train Loss: 0.2501620 Vali Loss: 0.4058833 Test Loss: 0.3759679
EarlyStopping counter: 1 out of 20
Updating learning rate to 9.437826140407846e-05
	iters: 100, epoch: 123 | loss: 0.2558139
	speed: 0.0904s/iter; left time: 5270.7088s
	iters: 200, epoch: 123 | loss: 0.2596199
	speed: 0.0240s/iter; left time: 1395.0771s
	iters: 300, epoch: 123 | loss: 0.2451751
	speed: 0.0243s/iter; left time: 1412.2642s
Epoch: 123 cost time: 8.224183797836304
[2025-05-30 03:44:21] [32mIntermediate result: 0.36791566  (Index 122)[0m
Epoch: 123, Steps: 328 | Train Loss: 0.2466806 Vali Loss: 0.4001718 Test Loss: 0.3679157
Validation loss decreased (0.405048 --> 0.400172).  Saving model ...
Updating learning rate to 9.402871978307857e-05
	iters: 100, epoch: 124 | loss: 0.2527067
	speed: 0.0895s/iter; left time: 5188.2373s
	iters: 200, epoch: 124 | loss: 0.2205474
	speed: 0.0233s/iter; left time: 1350.0416s
	iters: 300, epoch: 124 | loss: 0.2553733
	speed: 0.0233s/iter; left time: 1345.0812s
Epoch: 124 cost time: 8.338131189346313
[2025-05-30 03:44:34] [32mIntermediate result: 0.37573376  (Index 123)[0m
Epoch: 124, Steps: 328 | Train Loss: 0.2472638 Vali Loss: 0.4055736 Test Loss: 0.3757338
EarlyStopping counter: 1 out of 20
Updating learning rate to 9.366932473875858e-05
	iters: 100, epoch: 125 | loss: 0.2686115
	speed: 0.0869s/iter; left time: 5007.1661s
	iters: 200, epoch: 125 | loss: 0.2580424
	speed: 0.0231s/iter; left time: 1327.7245s
	iters: 300, epoch: 125 | loss: 0.2364361
	speed: 0.0251s/iter; left time: 1444.2269s
Epoch: 125 cost time: 8.306721925735474
[2025-05-30 03:44:48] [32mIntermediate result: 0.36920044  (Index 124)[0m
Epoch: 125, Steps: 328 | Train Loss: 0.2469732 Vali Loss: 0.4026661 Test Loss: 0.3692004
EarlyStopping counter: 2 out of 20
Updating learning rate to 9.330015670242814e-05
	iters: 100, epoch: 126 | loss: 0.2380121
	speed: 0.0903s/iter; left time: 5172.1282s
	iters: 200, epoch: 126 | loss: 0.2502804
	speed: 0.0225s/iter; left time: 1288.0452s
	iters: 300, epoch: 126 | loss: 0.2429253
	speed: 0.0228s/iter; left time: 1299.3563s
Epoch: 126 cost time: 8.061444282531738
[2025-05-30 03:45:02] [32mIntermediate result: 0.36835352  (Index 125)[0m
Epoch: 126, Steps: 328 | Train Loss: 0.2440517 Vali Loss: 0.4003596 Test Loss: 0.3683535
EarlyStopping counter: 3 out of 20
Updating learning rate to 9.292129829255723e-05
	iters: 100, epoch: 127 | loss: 0.2505044
	speed: 0.0873s/iter; left time: 4975.5975s
	iters: 200, epoch: 127 | loss: 0.2314356
	speed: 0.0232s/iter; left time: 1321.9626s
	iters: 300, epoch: 127 | loss: 0.2595295
	speed: 0.0232s/iter; left time: 1316.3354s
Epoch: 127 cost time: 8.142926454544067
[2025-05-30 03:45:15] [32mIntermediate result: 0.40258503  (Index 126)[0m
Epoch: 127, Steps: 328 | Train Loss: 0.2453144 Vali Loss: 0.4279573 Test Loss: 0.4025850
EarlyStopping counter: 4 out of 20
Updating learning rate to 9.25328342962863e-05
	iters: 100, epoch: 128 | loss: 0.2439507
	speed: 0.0883s/iter; left time: 5002.1856s
	iters: 200, epoch: 128 | loss: 0.2573545
	speed: 0.0237s/iter; left time: 1339.4854s
	iters: 300, epoch: 128 | loss: 0.2210646
	speed: 0.0233s/iter; left time: 1317.6020s
Epoch: 128 cost time: 8.183957815170288
[2025-05-30 03:45:29] [32mIntermediate result: 0.39343372  (Index 127)[0m
Epoch: 128, Steps: 328 | Train Loss: 0.2423930 Vali Loss: 0.4131739 Test Loss: 0.3934337
EarlyStopping counter: 5 out of 20
Updating learning rate to 9.213485165045122e-05
	iters: 100, epoch: 129 | loss: 0.2751010
	speed: 0.0942s/iter; left time: 5302.9584s
	iters: 200, epoch: 129 | loss: 0.2432103
	speed: 0.0264s/iter; left time: 1483.3725s
	iters: 300, epoch: 129 | loss: 0.2953843
	speed: 0.0237s/iter; left time: 1330.3382s
Epoch: 129 cost time: 9.023763418197632
[2025-05-30 03:45:43] [32mIntermediate result: 0.4086  (Index 128)[0m
Epoch: 129, Steps: 328 | Train Loss: 0.2416005 Vali Loss: 0.4280658 Test Loss: 0.4086000
EarlyStopping counter: 6 out of 20
Updating learning rate to 9.172743942212728e-05
	iters: 100, epoch: 130 | loss: 0.2689388
	speed: 0.0881s/iter; left time: 4934.8931s
	iters: 200, epoch: 130 | loss: 0.2485496
	speed: 0.0233s/iter; left time: 1301.8286s
	iters: 300, epoch: 130 | loss: 0.2472542
	speed: 0.0223s/iter; left time: 1245.2640s
Epoch: 130 cost time: 8.063283920288086
[2025-05-30 03:45:56] [32mIntermediate result: 0.37920004  (Index 129)[0m
Epoch: 130, Steps: 328 | Train Loss: 0.2421065 Vali Loss: 0.4083505 Test Loss: 0.3792000
EarlyStopping counter: 7 out of 20
Updating learning rate to 9.131068878869607e-05
	iters: 100, epoch: 131 | loss: 0.2533157
	speed: 0.0896s/iter; left time: 4987.4821s
	iters: 200, epoch: 131 | loss: 0.2346205
	speed: 0.0240s/iter; left time: 1334.5580s
	iters: 300, epoch: 131 | loss: 0.2169273
	speed: 0.0254s/iter; left time: 1407.5118s
Epoch: 131 cost time: 8.779274702072144
[2025-05-30 03:46:10] [32mIntermediate result: 0.3681395  (Index 130)[0m
Epoch: 131, Steps: 328 | Train Loss: 0.2393808 Vali Loss: 0.3955931 Test Loss: 0.3681395
Validation loss decreased (0.400172 --> 0.395593).  Saving model ...
Updating learning rate to 9.088469301744053e-05
	iters: 100, epoch: 132 | loss: 0.2583962
	speed: 0.0900s/iter; left time: 4977.3152s
	iters: 200, epoch: 132 | loss: 0.2698430
	speed: 0.0223s/iter; left time: 1231.4749s
	iters: 300, epoch: 132 | loss: 0.2433740
	speed: 0.0225s/iter; left time: 1239.4719s
Epoch: 132 cost time: 7.837111473083496
[2025-05-30 03:46:24] [32mIntermediate result: 0.37018487  (Index 131)[0m
Epoch: 132, Steps: 328 | Train Loss: 0.2395677 Vali Loss: 0.3995899 Test Loss: 0.3701849
EarlyStopping counter: 1 out of 20
Updating learning rate to 9.04495474446719e-05
	iters: 100, epoch: 133 | loss: 0.2217819
	speed: 0.0872s/iter; left time: 4794.0310s
	iters: 200, epoch: 133 | loss: 0.2581610
	speed: 0.0237s/iter; left time: 1303.8945s
	iters: 300, epoch: 133 | loss: 0.2377957
	speed: 0.0238s/iter; left time: 1302.0894s
Epoch: 133 cost time: 8.291398286819458
[2025-05-30 03:46:37] [32mIntermediate result: 0.36644197  (Index 132)[0m
Epoch: 133, Steps: 328 | Train Loss: 0.2363871 Vali Loss: 0.3989060 Test Loss: 0.3664420
EarlyStopping counter: 2 out of 20
Updating learning rate to 9.000534945439392e-05
	iters: 100, epoch: 134 | loss: 0.2323069
	speed: 0.0880s/iter; left time: 4812.2622s
	iters: 200, epoch: 134 | loss: 0.2555481
	speed: 0.0249s/iter; left time: 1359.3035s
	iters: 300, epoch: 134 | loss: 0.2145752
	speed: 0.0239s/iter; left time: 1299.7703s
Epoch: 134 cost time: 8.293097734451294
[2025-05-30 03:46:51] [32mIntermediate result: 0.3694442  (Index 133)[0m
Epoch: 134, Steps: 328 | Train Loss: 0.2365127 Vali Loss: 0.4031116 Test Loss: 0.3694442
EarlyStopping counter: 3 out of 20
Updating learning rate to 8.955219845650855e-05
	iters: 100, epoch: 135 | loss: 0.2386379
	speed: 0.0872s/iter; left time: 4741.5152s
	iters: 200, epoch: 135 | loss: 0.2394890
	speed: 0.0227s/iter; left time: 1231.9761s
	iters: 300, epoch: 135 | loss: 0.2175391
	speed: 0.0232s/iter; left time: 1253.7177s
Epoch: 135 cost time: 8.007989645004272
[2025-05-30 03:47:04] [32mIntermediate result: 0.3817323  (Index 134)[0m
Epoch: 135, Steps: 328 | Train Loss: 0.2349537 Vali Loss: 0.4138572 Test Loss: 0.3817323
EarlyStopping counter: 4 out of 20
Updating learning rate to 8.909019586456848e-05
	iters: 100, epoch: 136 | loss: 0.2139846
	speed: 0.0891s/iter; left time: 4815.8459s
	iters: 200, epoch: 136 | loss: 0.2492890
	speed: 0.0281s/iter; left time: 1516.0899s
	iters: 300, epoch: 136 | loss: 0.2376245
	speed: 0.0251s/iter; left time: 1349.5903s
Epoch: 136 cost time: 8.999706268310547
[2025-05-30 03:47:18] [32mIntermediate result: 0.37131357  (Index 135)[0m
Epoch: 136, Steps: 328 | Train Loss: 0.2355508 Vali Loss: 0.4085282 Test Loss: 0.3713136
EarlyStopping counter: 5 out of 20
Updating learning rate to 8.861944507308106e-05
	iters: 100, epoch: 137 | loss: 0.2183889
	speed: 0.0906s/iter; left time: 4866.4540s
	iters: 200, epoch: 137 | loss: 0.2491594
	speed: 0.0226s/iter; left time: 1211.8232s
	iters: 300, epoch: 137 | loss: 0.2364146
	speed: 0.0233s/iter; left time: 1243.8125s
Epoch: 137 cost time: 8.104490995407104
[2025-05-30 03:47:32] [32mIntermediate result: 0.37179977  (Index 136)[0m
Epoch: 137, Steps: 328 | Train Loss: 0.2349925 Vali Loss: 0.4061513 Test Loss: 0.3717998
EarlyStopping counter: 6 out of 20
Updating learning rate to 8.814005143436909e-05
	iters: 100, epoch: 138 | loss: 0.2317709
	speed: 0.0887s/iter; left time: 4733.0455s
	iters: 200, epoch: 138 | loss: 0.2306699
	speed: 0.0246s/iter; left time: 1311.1176s
	iters: 300, epoch: 138 | loss: 0.2535907
	speed: 0.0270s/iter; left time: 1434.4241s
Epoch: 138 cost time: 8.617337942123413
[2025-05-30 03:47:46] [32mIntermediate result: 0.366892  (Index 137)[0m
Epoch: 138, Steps: 328 | Train Loss: 0.2325503 Vali Loss: 0.4032348 Test Loss: 0.3668920
EarlyStopping counter: 7 out of 20
Updating learning rate to 8.765212223499323e-05
	iters: 100, epoch: 139 | loss: 0.2326804
	speed: 0.0877s/iter; left time: 4651.3784s
	iters: 200, epoch: 139 | loss: 0.2220236
	speed: 0.0229s/iter; left time: 1209.8354s
	iters: 300, epoch: 139 | loss: 0.2210470
	speed: 0.0229s/iter; left time: 1210.7642s
Epoch: 139 cost time: 8.056914329528809
[2025-05-30 03:47:59] [32mIntermediate result: 0.3667674  (Index 138)[0m
Epoch: 139, Steps: 328 | Train Loss: 0.2317061 Vali Loss: 0.4000180 Test Loss: 0.3667674
EarlyStopping counter: 8 out of 20
Updating learning rate to 8.715576667174172e-05
	iters: 100, epoch: 140 | loss: 0.2404113
	speed: 0.0902s/iter; left time: 4755.5492s
	iters: 200, epoch: 140 | loss: 0.2210755
	speed: 0.0241s/iter; left time: 1269.9692s
	iters: 300, epoch: 140 | loss: 0.2466189
	speed: 0.0254s/iter; left time: 1331.9199s
Epoch: 140 cost time: 8.52067518234253
[2025-05-30 03:48:13] [32mIntermediate result: 0.38287354  (Index 139)[0m
Epoch: 140, Steps: 328 | Train Loss: 0.2316645 Vali Loss: 0.4083042 Test Loss: 0.3828735
EarlyStopping counter: 9 out of 20
Updating learning rate to 8.665109582719253e-05
	iters: 100, epoch: 141 | loss: 0.2262632
	speed: 0.0900s/iter; left time: 4713.0375s
	iters: 200, epoch: 141 | loss: 0.2497209
	speed: 0.0235s/iter; left time: 1229.1308s
	iters: 300, epoch: 141 | loss: 0.2224785
	speed: 0.0236s/iter; left time: 1229.5829s
Epoch: 141 cost time: 8.18091630935669
[2025-05-30 03:48:27] [32mIntermediate result: 0.36996657  (Index 140)[0m
Epoch: 141, Steps: 328 | Train Loss: 0.2296799 Vali Loss: 0.3980091 Test Loss: 0.3699666
EarlyStopping counter: 10 out of 20
Updating learning rate to 8.613822264485352e-05
	iters: 100, epoch: 142 | loss: 0.2500286
	speed: 0.0869s/iter; left time: 4522.1258s
	iters: 200, epoch: 142 | loss: 0.2355200
	speed: 0.0242s/iter; left time: 1256.5912s
	iters: 300, epoch: 142 | loss: 0.2369296
	speed: 0.0237s/iter; left time: 1227.6458s
Epoch: 142 cost time: 8.260031938552856
[2025-05-30 03:48:40] [32mIntermediate result: 0.36682394  (Index 141)[0m
Epoch: 142, Steps: 328 | Train Loss: 0.2304223 Vali Loss: 0.3953166 Test Loss: 0.3668239
Validation loss decreased (0.395593 --> 0.395317).  Saving model ...
Updating learning rate to 8.561726190388598e-05
	iters: 100, epoch: 143 | loss: 0.2195743
	speed: 0.0871s/iter; left time: 4504.9543s
	iters: 200, epoch: 143 | loss: 0.2269794
	speed: 0.0250s/iter; left time: 1288.5597s
	iters: 300, epoch: 143 | loss: 0.1984376
	speed: 0.0229s/iter; left time: 1180.9727s
Epoch: 143 cost time: 8.208410501480103
[2025-05-30 03:48:54] [32mIntermediate result: 0.3601781  (Index 142)[0m
Epoch: 143, Steps: 328 | Train Loss: 0.2287688 Vali Loss: 0.3901764 Test Loss: 0.3601781
Validation loss decreased (0.395317 --> 0.390176).  Saving model ...
Updating learning rate to 8.50883301934176e-05
	iters: 100, epoch: 144 | loss: 0.2327878
	speed: 0.0876s/iter; left time: 4503.7952s
	iters: 200, epoch: 144 | loss: 0.2055713
	speed: 0.0240s/iter; left time: 1231.1718s
	iters: 300, epoch: 144 | loss: 0.2401780
	speed: 0.0228s/iter; left time: 1167.2773s
Epoch: 144 cost time: 8.161123991012573
[2025-05-30 03:49:07] [32mIntermediate result: 0.3590652  (Index 143)[0m
Epoch: 144, Steps: 328 | Train Loss: 0.2289325 Vali Loss: 0.3920073 Test Loss: 0.3590652
EarlyStopping counter: 1 out of 20
Updating learning rate to 8.455154588645015e-05
	iters: 100, epoch: 145 | loss: 0.2140844
	speed: 0.0904s/iter; left time: 4616.9118s
	iters: 200, epoch: 145 | loss: 0.2148030
	speed: 0.0246s/iter; left time: 1253.4148s
	iters: 300, epoch: 145 | loss: 0.2132845
	speed: 0.0235s/iter; left time: 1197.7101s
Epoch: 145 cost time: 8.521597146987915
[2025-05-30 03:49:21] [32mIntermediate result: 0.3694355  (Index 144)[0m
Epoch: 145, Steps: 328 | Train Loss: 0.2259377 Vali Loss: 0.3988693 Test Loss: 0.3694355
EarlyStopping counter: 2 out of 20
Updating learning rate to 8.400702911336807e-05
	iters: 100, epoch: 146 | loss: 0.2466803
	speed: 0.0890s/iter; left time: 4514.9556s
	iters: 200, epoch: 146 | loss: 0.2448988
	speed: 0.0226s/iter; left time: 1145.2463s
	iters: 300, epoch: 146 | loss: 0.2325989
	speed: 0.0229s/iter; left time: 1154.8990s
Epoch: 146 cost time: 8.141834020614624
[2025-05-30 03:49:35] [32mIntermediate result: 0.36331934  (Index 145)[0m
Epoch: 146, Steps: 328 | Train Loss: 0.2270043 Vali Loss: 0.3933589 Test Loss: 0.3633193
EarlyStopping counter: 3 out of 20
Updating learning rate to 8.345490173505374e-05
	iters: 100, epoch: 147 | loss: 0.2453156
	speed: 0.0866s/iter; left time: 4363.5491s
	iters: 200, epoch: 147 | loss: 0.2487950
	speed: 0.0231s/iter; left time: 1163.3832s
	iters: 300, epoch: 147 | loss: 0.2159039
	speed: 0.0242s/iter; left time: 1215.0030s
Epoch: 147 cost time: 8.142494916915894
[2025-05-30 03:49:48] [32mIntermediate result: 0.3636335  (Index 146)[0m
Epoch: 147, Steps: 328 | Train Loss: 0.2255548 Vali Loss: 0.3930378 Test Loss: 0.3636335
EarlyStopping counter: 4 out of 20
Updating learning rate to 8.28952873156154e-05
	iters: 100, epoch: 148 | loss: 0.2106645
	speed: 0.0898s/iter; left time: 4496.1350s
	iters: 200, epoch: 148 | loss: 0.2442529
	speed: 0.0252s/iter; left time: 1260.3729s
	iters: 300, epoch: 148 | loss: 0.2232469
	speed: 0.0237s/iter; left time: 1182.4577s
Epoch: 148 cost time: 8.387335538864136
[2025-05-30 03:50:02] [32mIntermediate result: 0.36880347  (Index 147)[0m
Epoch: 148, Steps: 328 | Train Loss: 0.2245240 Vali Loss: 0.4030206 Test Loss: 0.3688035
EarlyStopping counter: 5 out of 20
Updating learning rate to 8.232831109473405e-05
	iters: 100, epoch: 149 | loss: 0.2230292
	speed: 0.0874s/iter; left time: 4347.4862s
	iters: 200, epoch: 149 | loss: 0.2080957
	speed: 0.0238s/iter; left time: 1182.3765s
	iters: 300, epoch: 149 | loss: 0.2269523
	speed: 0.0245s/iter; left time: 1211.6802s
Epoch: 149 cost time: 8.216420412063599
[2025-05-30 03:50:16] [32mIntermediate result: 0.36783898  (Index 148)[0m
Epoch: 149, Steps: 328 | Train Loss: 0.2234931 Vali Loss: 0.3952405 Test Loss: 0.3678390
EarlyStopping counter: 6 out of 20
Updating learning rate to 8.175409995963514e-05
	iters: 100, epoch: 150 | loss: 0.2098579
	speed: 0.0886s/iter; left time: 4381.3043s
	iters: 200, epoch: 150 | loss: 0.2306785
	speed: 0.0224s/iter; left time: 1106.8005s
	iters: 300, epoch: 150 | loss: 0.2140960
	speed: 0.0243s/iter; left time: 1195.1618s
Epoch: 150 cost time: 8.149081707000732
[2025-05-30 03:50:29] [32mIntermediate result: 0.36729527  (Index 149)[0m
Epoch: 150, Steps: 328 | Train Loss: 0.2241571 Vali Loss: 0.3985803 Test Loss: 0.3672953
EarlyStopping counter: 7 out of 20
Updating learning rate to 8.117278241669173e-05
	iters: 100, epoch: 151 | loss: 0.2197368
	speed: 0.0869s/iter; left time: 4267.4802s
	iters: 200, epoch: 151 | loss: 0.2558713
	speed: 0.0236s/iter; left time: 1156.0575s
	iters: 300, epoch: 151 | loss: 0.2040589
	speed: 0.0234s/iter; left time: 1145.9358s
Epoch: 151 cost time: 8.037252426147461
[2025-05-30 03:50:42] [32mIntermediate result: 0.35815525  (Index 150)[0m
Epoch: 151, Steps: 328 | Train Loss: 0.2222369 Vali Loss: 0.3885715 Test Loss: 0.3581553
Validation loss decreased (0.390176 --> 0.388571).  Saving model ...
Updating learning rate to 8.058448856266527e-05
	iters: 100, epoch: 152 | loss: 0.2446696
	speed: 0.0868s/iter; left time: 4231.8942s
	iters: 200, epoch: 152 | loss: 0.2112487
	speed: 0.0228s/iter; left time: 1109.0587s
	iters: 300, epoch: 152 | loss: 0.2164186
	speed: 0.0237s/iter; left time: 1153.4096s
Epoch: 152 cost time: 8.043329954147339
[2025-05-30 03:50:56] [32mIntermediate result: 0.3659437  (Index 151)[0m
Epoch: 152, Steps: 328 | Train Loss: 0.2219720 Vali Loss: 0.4019457 Test Loss: 0.3659437
EarlyStopping counter: 1 out of 20
Updating learning rate to 7.998935005559033e-05
	iters: 100, epoch: 153 | loss: 0.2213218
	speed: 0.0881s/iter; left time: 4268.5321s
	iters: 200, epoch: 153 | loss: 0.2319096
	speed: 0.0236s/iter; left time: 1141.8477s
	iters: 300, epoch: 153 | loss: 0.2457629
	speed: 0.0245s/iter; left time: 1184.1373s
Epoch: 153 cost time: 8.332539081573486
[2025-05-30 03:51:09] [32mIntermediate result: 0.36670348  (Index 152)[0m
Epoch: 153, Steps: 328 | Train Loss: 0.2208047 Vali Loss: 0.3953197 Test Loss: 0.3667035
EarlyStopping counter: 2 out of 20
Updating learning rate to 7.938750008531008e-05
	iters: 100, epoch: 154 | loss: 0.2279656
	speed: 0.0901s/iter; left time: 4335.8295s
	iters: 200, epoch: 154 | loss: 0.2220771
	speed: 0.0228s/iter; left time: 1092.6225s
	iters: 300, epoch: 154 | loss: 0.2118877
	speed: 0.0228s/iter; left time: 1094.4192s
Epoch: 154 cost time: 8.131876707077026
[2025-05-30 03:51:23] [32mIntermediate result: 0.36326382  (Index 153)[0m
Epoch: 154, Steps: 328 | Train Loss: 0.2209420 Vali Loss: 0.3952959 Test Loss: 0.3632638
EarlyStopping counter: 3 out of 20
Updating learning rate to 7.877907334366884e-05
	iters: 100, epoch: 155 | loss: 0.2170249
	speed: 0.0880s/iter; left time: 4207.5738s
	iters: 200, epoch: 155 | loss: 0.2159495
	speed: 0.0222s/iter; left time: 1059.3328s
	iters: 300, epoch: 155 | loss: 0.2176990
	speed: 0.0233s/iter; left time: 1109.5642s
Epoch: 155 cost time: 8.032407283782959
[2025-05-30 03:51:36] [32mIntermediate result: 0.360954  (Index 154)[0m
Epoch: 155, Steps: 328 | Train Loss: 0.2192638 Vali Loss: 0.3946070 Test Loss: 0.3609540
EarlyStopping counter: 4 out of 20
Updating learning rate to 7.816420599436851e-05
	iters: 100, epoch: 156 | loss: 0.2220594
	speed: 0.0861s/iter; left time: 4084.1802s
	iters: 200, epoch: 156 | loss: 0.2210390
	speed: 0.0229s/iter; left time: 1085.4257s
	iters: 300, epoch: 156 | loss: 0.2382709
	speed: 0.0260s/iter; left time: 1230.9422s
Epoch: 156 cost time: 8.507843255996704
[2025-05-30 03:51:50] [32mIntermediate result: 0.35858458  (Index 155)[0m
Epoch: 156, Steps: 328 | Train Loss: 0.2183225 Vali Loss: 0.3900858 Test Loss: 0.3585846
EarlyStopping counter: 5 out of 20
Updating learning rate to 7.754303564249578e-05
	iters: 100, epoch: 157 | loss: 0.2312916
	speed: 0.0919s/iter; left time: 4333.4562s
	iters: 200, epoch: 157 | loss: 0.2247776
	speed: 0.0231s/iter; left time: 1087.3447s
	iters: 300, epoch: 157 | loss: 0.2088730
	speed: 0.0235s/iter; left time: 1103.8460s
Epoch: 157 cost time: 8.139342308044434
[2025-05-30 03:52:04] [32mIntermediate result: 0.36312938  (Index 156)[0m
Epoch: 157, Steps: 328 | Train Loss: 0.2173005 Vali Loss: 0.3976431 Test Loss: 0.3631294
EarlyStopping counter: 6 out of 20
Updating learning rate to 7.691570130372637e-05
	iters: 100, epoch: 158 | loss: 0.2278676
	speed: 0.0867s/iter; left time: 4057.5444s
	iters: 200, epoch: 158 | loss: 0.2240222
	speed: 0.0235s/iter; left time: 1099.4246s
	iters: 300, epoch: 158 | loss: 0.2076521
	speed: 0.0234s/iter; left time: 1091.4260s
Epoch: 158 cost time: 8.083936929702759
[2025-05-30 03:52:17] [32mIntermediate result: 0.36365986  (Index 157)[0m
Epoch: 158, Steps: 328 | Train Loss: 0.2170973 Vali Loss: 0.3969393 Test Loss: 0.3636599
EarlyStopping counter: 7 out of 20
Updating learning rate to 7.628234337321402e-05
	iters: 100, epoch: 159 | loss: 0.2173113
	speed: 0.0878s/iter; left time: 4080.9593s
	iters: 200, epoch: 159 | loss: 0.2239184
	speed: 0.0242s/iter; left time: 1121.6357s
	iters: 300, epoch: 159 | loss: 0.2174171
	speed: 0.0249s/iter; left time: 1151.0180s
Epoch: 159 cost time: 8.379749059677124
[2025-05-30 03:52:31] [32mIntermediate result: 0.36134398  (Index 158)[0m
Epoch: 159, Steps: 328 | Train Loss: 0.2155525 Vali Loss: 0.3969706 Test Loss: 0.3613440
EarlyStopping counter: 8 out of 20
Updating learning rate to 7.564310359417047e-05
	iters: 100, epoch: 160 | loss: 0.2299552
	speed: 0.0922s/iter; left time: 4257.0220s
	iters: 200, epoch: 160 | loss: 0.2028074
	speed: 0.0262s/iter; left time: 1205.2206s
	iters: 300, epoch: 160 | loss: 0.2087668
	speed: 0.0234s/iter; left time: 1073.5881s
Epoch: 160 cost time: 8.947744131088257
[2025-05-30 03:52:45] [32mIntermediate result: 0.36263016  (Index 159)[0m
Epoch: 160, Steps: 328 | Train Loss: 0.2172087 Vali Loss: 0.3982290 Test Loss: 0.3626302
EarlyStopping counter: 9 out of 20
Updating learning rate to 7.499812502614389e-05
	iters: 100, epoch: 161 | loss: 0.2120448
	speed: 0.0924s/iter; left time: 4234.1069s
	iters: 200, epoch: 161 | loss: 0.2362801
	speed: 0.0235s/iter; left time: 1073.8264s
	iters: 300, epoch: 161 | loss: 0.2157355
	speed: 0.0233s/iter; left time: 1063.3887s
Epoch: 161 cost time: 8.455936193466187
[2025-05-30 03:52:59] [32mIntermediate result: 0.3669612  (Index 160)[0m
Epoch: 161, Steps: 328 | Train Loss: 0.2159313 Vali Loss: 0.3945592 Test Loss: 0.3669612
EarlyStopping counter: 10 out of 20
Updating learning rate to 7.43475520130026e-05
	iters: 100, epoch: 162 | loss: 0.2086718
	speed: 0.0877s/iter; left time: 3991.7500s
	iters: 200, epoch: 162 | loss: 0.2097590
	speed: 0.0237s/iter; left time: 1074.2967s
	iters: 300, epoch: 162 | loss: 0.2328104
	speed: 0.0233s/iter; left time: 1056.4645s
Epoch: 162 cost time: 8.129580736160278
[2025-05-30 03:53:12] [32mIntermediate result: 0.36278582  (Index 161)[0m
Epoch: 162, Steps: 328 | Train Loss: 0.2137694 Vali Loss: 0.3983084 Test Loss: 0.3627858
EarlyStopping counter: 11 out of 20
Updating learning rate to 7.369153015063153e-05
	iters: 100, epoch: 163 | loss: 0.2176485
	speed: 0.0865s/iter; left time: 3906.1476s
	iters: 200, epoch: 163 | loss: 0.2087917
	speed: 0.0250s/iter; left time: 1127.1022s
	iters: 300, epoch: 163 | loss: 0.2126201
	speed: 0.0228s/iter; left time: 1025.4917s
Epoch: 163 cost time: 8.130782127380371
[2025-05-30 03:53:26] [32mIntermediate result: 0.3667435  (Index 162)[0m
Epoch: 163, Steps: 328 | Train Loss: 0.2149608 Vali Loss: 0.3963716 Test Loss: 0.3667435
EarlyStopping counter: 12 out of 20
Updating learning rate to 7.303020625434833e-05
	iters: 100, epoch: 164 | loss: 0.1966866
	speed: 0.0858s/iter; left time: 3846.5262s
	iters: 200, epoch: 164 | loss: 0.2165599
	speed: 0.0224s/iter; left time: 1000.8047s
	iters: 300, epoch: 164 | loss: 0.2119337
	speed: 0.0232s/iter; left time: 1033.9698s
Epoch: 164 cost time: 7.947161912918091
[2025-05-30 03:53:39] [32mIntermediate result: 0.38293418  (Index 163)[0m
Epoch: 164, Steps: 328 | Train Loss: 0.2134291 Vali Loss: 0.4180259 Test Loss: 0.3829342
EarlyStopping counter: 13 out of 20
Updating learning rate to 7.23637283260466e-05
	iters: 100, epoch: 165 | loss: 0.2235261
	speed: 0.0885s/iter; left time: 3938.6996s
	iters: 200, epoch: 165 | loss: 0.2327769
	speed: 0.0227s/iter; left time: 1007.4104s
	iters: 300, epoch: 165 | loss: 0.2254044
	speed: 0.0234s/iter; left time: 1034.7522s
Epoch: 165 cost time: 8.125887632369995
[2025-05-30 03:53:53] [32mIntermediate result: 0.3681868  (Index 164)[0m
Epoch: 165, Steps: 328 | Train Loss: 0.2118804 Vali Loss: 0.4013366 Test Loss: 0.3681868
EarlyStopping counter: 14 out of 20
Updating learning rate to 7.169224552107373e-05
	iters: 100, epoch: 166 | loss: 0.2117775
	speed: 0.0902s/iter; left time: 3984.7236s
	iters: 200, epoch: 166 | loss: 0.2380939
	speed: 0.0228s/iter; left time: 1005.5341s
	iters: 300, epoch: 166 | loss: 0.2185496
	speed: 0.0233s/iter; left time: 1026.3592s
Epoch: 166 cost time: 8.088147163391113
[2025-05-30 03:54:06] [32mIntermediate result: 0.37372938  (Index 165)[0m
Epoch: 166, Steps: 328 | Train Loss: 0.2123636 Vali Loss: 0.4115704 Test Loss: 0.3737294
EarlyStopping counter: 15 out of 20
Updating learning rate to 7.10159081148503e-05
	iters: 100, epoch: 167 | loss: 0.2221145
	speed: 0.0865s/iter; left time: 3792.2861s
	iters: 200, epoch: 167 | loss: 0.2085984
	speed: 0.0221s/iter; left time: 967.6049s
	iters: 300, epoch: 167 | loss: 0.2108140
	speed: 0.0232s/iter; left time: 1014.4283s
Epoch: 167 cost time: 7.8907554149627686
[2025-05-30 03:54:19] [32mIntermediate result: 0.3568717  (Index 166)[0m
Epoch: 167, Steps: 328 | Train Loss: 0.2111165 Vali Loss: 0.3923252 Test Loss: 0.3568717
EarlyStopping counter: 16 out of 20
Updating learning rate to 7.033486746923914e-05
	iters: 100, epoch: 168 | loss: 0.2201767
	speed: 0.0895s/iter; left time: 3896.6780s
	iters: 200, epoch: 168 | loss: 0.2095419
	speed: 0.0249s/iter; left time: 1079.6473s
	iters: 300, epoch: 168 | loss: 0.2009085
	speed: 0.0228s/iter; left time: 989.9084s
Epoch: 168 cost time: 8.445725440979004
[2025-05-30 03:54:33] [32mIntermediate result: 0.3648503  (Index 167)[0m
Epoch: 168, Steps: 328 | Train Loss: 0.2125956 Vali Loss: 0.3924857 Test Loss: 0.3648503
EarlyStopping counter: 17 out of 20
Updating learning rate to 6.964927599867094e-05
	iters: 100, epoch: 169 | loss: 0.2075117
	speed: 0.0874s/iter; left time: 3777.0720s
	iters: 200, epoch: 169 | loss: 0.2116455
	speed: 0.0226s/iter; left time: 975.6678s
	iters: 300, epoch: 169 | loss: 0.2172455
	speed: 0.0242s/iter; left time: 1040.6366s
Epoch: 169 cost time: 8.186414241790771
[2025-05-30 03:54:46] [32mIntermediate result: 0.3626085  (Index 168)[0m
Epoch: 169, Steps: 328 | Train Loss: 0.2101481 Vali Loss: 0.3910750 Test Loss: 0.3626085
EarlyStopping counter: 18 out of 20
Updating learning rate to 6.895928713603466e-05
	iters: 100, epoch: 170 | loss: 0.2018070
	speed: 0.0876s/iter; left time: 3753.4911s
	iters: 200, epoch: 170 | loss: 0.1998212
	speed: 0.0226s/iter; left time: 966.5561s
	iters: 300, epoch: 170 | loss: 0.1867509
	speed: 0.0234s/iter; left time: 997.8140s
Epoch: 170 cost time: 8.09805965423584
[2025-05-30 03:55:00] [32mIntermediate result: 0.3638971  (Index 169)[0m
Epoch: 170, Steps: 328 | Train Loss: 0.2083293 Vali Loss: 0.3909527 Test Loss: 0.3638971
EarlyStopping counter: 19 out of 20
Updating learning rate to 6.82650552983396e-05
	iters: 100, epoch: 171 | loss: 0.2316325
	speed: 0.0907s/iter; left time: 3858.9253s
	iters: 200, epoch: 171 | loss: 0.2115518
	speed: 0.0231s/iter; left time: 981.4248s
	iters: 300, epoch: 171 | loss: 0.1912108
	speed: 0.0225s/iter; left time: 951.8298s
Epoch: 171 cost time: 8.062806367874146
[2025-05-30 03:55:13] [32mIntermediate result: 0.36141357  (Index 170)[0m
Epoch: 171, Steps: 328 | Train Loss: 0.2093464 Vali Loss: 0.3984051 Test Loss: 0.3614136
EarlyStopping counter: 20 out of 20
Early stopping
>>>>>>>testing : 96_96_PRNN_TST_PEMS_ftM_sl96_ll18_pl96_dm16_nh4_el3_dl1_df128_fc1_ebtimeF_dtTrue_Exp_0<<<<<<<<<<<<<<<<<<<<<<<<<<<<<<<<<
test 3381
mse:0.35815444588661194, mae:0.3755600154399872, rse:0.5478554368019104
[2025-05-30 03:55:21] [32mFinal result: 0.35815445[0m
