Args in experiment:
Namespace(activation='gelu', affine=1, batch_size=32, c_out=7, checkpoints='./checkpoints/', d_ff=256, d_layers=1, d_model=128, data='custom', data_path='electricity.csv', dec_in=7, decomposition=0, des='Exp', device_ids=[0, 1], devices='0,1', dis=10, distil=True, do_predict=False, dropout=0.2, dvices='0,1', e_layers=3, embed='timeF', embed_type=0, enc_in=321, factor=1, fc_dropout=0.2, features='M', freq='h', gpu=0, head_dropout=0.0, hidden_size=512, individual=0, is_training=1, itr=1, k=20, kernel_size=25, label_len=18, learning_rate=0.0001, loss='mse', lradj='TST', model='PRNN_TST', model_id='96_192', moving_avg=25, n_heads=16, num_layers=1, num_workers=10, output_attention=False, padding_patch='end', patch_len=16, patience=20, pct_start=0.2, pred_len=192, random_seed=2021, revin=1, rnn_inp=96, root_path='./dataset/', seq_len=96, stride=8, subtract_last=0, target='OT', test_flop=False, top_k=3, train_epochs=300, use_amp=False, use_gpu=True, use_multi_gpu=True)
Use GPU: cuda:0
>>>>>>>start training : 96_192_PRNN_TST_custom_ftM_sl96_ll18_pl192_dm128_nh16_el3_dl1_df256_fc1_ebtimeF_dtTrue_Exp_0>>>>>>>>>>>>>>>>>>>>>>>>>>
module.model.revin_layer.affine_weight: 321
module.model.revin_layer.affine_bias: 321
module.model.rnn.weight_ih_l0: 262144
module.model.rnn.weight_hh_l0: 262144
module.model.rnn.bias_ih_l0: 512
module.model.rnn.bias_hh_l0: 512
module.model.embed.weight: 8192
module.model.embed.bias: 512
module.model.fc.weight: 1081344
module.model.fc.bias: 192
Total trainable parameters: 1616194
train 18125
val 2441
test 5069
	iters: 100, epoch: 1 | loss: 0.3992175
	speed: 0.0631s/iter; left time: 10707.1547s
	iters: 200, epoch: 1 | loss: 0.2908900
	speed: 0.0440s/iter; left time: 7465.7999s
	iters: 300, epoch: 1 | loss: 0.2825667
	speed: 0.0513s/iter; left time: 8688.6066s
	iters: 400, epoch: 1 | loss: 0.2772401
	speed: 0.0737s/iter; left time: 12485.2428s
	iters: 500, epoch: 1 | loss: 0.2642832
	speed: 0.0740s/iter; left time: 12528.8437s
Epoch: 1 cost time: 34.76185059547424
[2025-05-28 04:43:09] [32mIntermediate result: 0.23755988  (Index 0)[0m
Epoch: 1, Steps: 566 | Train Loss: 0.3330124 Vali Loss: 0.2111921 Test Loss: 0.2375599
Validation loss decreased (inf --> 0.211192).  Saving model ...
Updating learning rate to 4.065786205173063e-06
	iters: 100, epoch: 2 | loss: 0.2206081
	speed: 0.2593s/iter; left time: 43862.5810s
	iters: 200, epoch: 2 | loss: 0.2185424
	speed: 0.0683s/iter; left time: 11548.5909s
	iters: 300, epoch: 2 | loss: 0.2451185
	speed: 0.0451s/iter; left time: 7613.4489s
	iters: 400, epoch: 2 | loss: 0.2239111
	speed: 0.0440s/iter; left time: 7425.0151s
	iters: 500, epoch: 2 | loss: 0.1984645
	speed: 0.0443s/iter; left time: 7470.1302s
Epoch: 2 cost time: 31.04236364364624
[2025-05-28 04:43:50] [32mIntermediate result: 0.2158617  (Index 1)[0m
Epoch: 2, Steps: 566 | Train Loss: 0.2255382 Vali Loss: 0.1907278 Test Loss: 0.2158617
Validation loss decreased (0.211192 --> 0.190728).  Saving model ...
Updating learning rate to 4.262964494659263e-06
	iters: 100, epoch: 3 | loss: 0.2114152
	speed: 0.1804s/iter; left time: 30416.1642s
	iters: 200, epoch: 3 | loss: 0.2083421
	speed: 0.0453s/iter; left time: 7632.1951s
	iters: 300, epoch: 3 | loss: 0.2296851
	speed: 0.0446s/iter; left time: 7506.7791s
	iters: 400, epoch: 3 | loss: 0.1985973
	speed: 0.0651s/iter; left time: 10948.9284s
	iters: 500, epoch: 3 | loss: 0.2180342
	speed: 0.0739s/iter; left time: 12427.7390s
Epoch: 3 cost time: 33.00666832923889
[2025-05-28 04:44:37] [32mIntermediate result: 0.20704398  (Index 2)[0m
Epoch: 3, Steps: 566 | Train Loss: 0.2117350 Vali Loss: 0.1824561 Test Loss: 0.2070440
Validation loss decreased (0.190728 --> 0.182456).  Saving model ...
Updating learning rate to 4.590994384649975e-06
	iters: 100, epoch: 4 | loss: 0.2169862
	speed: 0.2676s/iter; left time: 44965.1612s
	iters: 200, epoch: 4 | loss: 0.2257632
	speed: 0.0736s/iter; left time: 12365.1917s
	iters: 300, epoch: 4 | loss: 0.1881837
	speed: 0.0520s/iter; left time: 8726.4102s
	iters: 400, epoch: 4 | loss: 0.2102384
	speed: 0.0456s/iter; left time: 7650.4854s
	iters: 500, epoch: 4 | loss: 0.1841739
	speed: 0.0433s/iter; left time: 7262.7326s
Epoch: 4 cost time: 32.52250337600708
[2025-05-28 04:45:19] [32mIntermediate result: 0.20206322  (Index 3)[0m
Epoch: 4, Steps: 566 | Train Loss: 0.2050695 Vali Loss: 0.1776704 Test Loss: 0.2020632
Validation loss decreased (0.182456 --> 0.177670).  Saving model ...
Updating learning rate to 5.048976715076611e-06
	iters: 100, epoch: 5 | loss: 0.2043236
	speed: 0.1832s/iter; left time: 30681.0802s
	iters: 200, epoch: 5 | loss: 0.2057562
	speed: 0.0445s/iter; left time: 7452.3334s
	iters: 300, epoch: 5 | loss: 0.2027563
	speed: 0.0441s/iter; left time: 7378.6881s
	iters: 400, epoch: 5 | loss: 0.1928263
	speed: 0.0532s/iter; left time: 8896.1916s
	iters: 500, epoch: 5 | loss: 0.2102452
	speed: 0.0745s/iter; left time: 12446.7138s
Epoch: 5 cost time: 31.743954181671143
[2025-05-28 04:46:03] [32mIntermediate result: 0.1988262  (Index 4)[0m
Epoch: 5, Steps: 566 | Train Loss: 0.2010822 Vali Loss: 0.1747586 Test Loss: 0.1988262
Validation loss decreased (0.177670 --> 0.174759).  Saving model ...
Updating learning rate to 5.635656114291013e-06
	iters: 100, epoch: 6 | loss: 0.1693836
	speed: 0.2538s/iter; left time: 42346.1775s
	iters: 200, epoch: 6 | loss: 0.2042581
	speed: 0.0741s/iter; left time: 12364.7272s
	iters: 300, epoch: 6 | loss: 0.2097081
	speed: 0.0709s/iter; left time: 11816.9865s
	iters: 400, epoch: 6 | loss: 0.1957602
	speed: 0.0442s/iter; left time: 7356.2851s
	iters: 500, epoch: 6 | loss: 0.1888330
	speed: 0.0448s/iter; left time: 7457.0904s
Epoch: 6 cost time: 34.30310416221619
[2025-05-28 04:46:48] [32mIntermediate result: 0.19676827  (Index 5)[0m
Epoch: 6, Steps: 566 | Train Loss: 0.1984220 Vali Loss: 0.1724809 Test Loss: 0.1967683
Validation loss decreased (0.174759 --> 0.172481).  Saving model ...
Updating learning rate to 6.349424440154575e-06
	iters: 100, epoch: 7 | loss: 0.2075621
	speed: 0.1859s/iter; left time: 30921.0667s
	iters: 200, epoch: 7 | loss: 0.1860765
	speed: 0.0448s/iter; left time: 7440.4415s
	iters: 300, epoch: 7 | loss: 0.2182996
	speed: 0.0447s/iter; left time: 7424.2849s
	iters: 400, epoch: 7 | loss: 0.1894934
	speed: 0.0446s/iter; left time: 7406.8366s
	iters: 500, epoch: 7 | loss: 0.1928059
	speed: 0.0628s/iter; left time: 10421.3920s
Epoch: 7 cost time: 29.937504291534424
[2025-05-28 04:47:32] [32mIntermediate result: 0.19519554  (Index 6)[0m
Epoch: 7, Steps: 566 | Train Loss: 0.1965928 Vali Loss: 0.1709730 Test Loss: 0.1951955
Validation loss decreased (0.172481 --> 0.170973).  Saving model ...
Updating learning rate to 7.188325188103468e-06
	iters: 100, epoch: 8 | loss: 0.1785204
	speed: 0.2688s/iter; left time: 44545.5475s
	iters: 200, epoch: 8 | loss: 0.1802864
	speed: 0.0753s/iter; left time: 12475.7945s
	iters: 300, epoch: 8 | loss: 0.2039856
	speed: 0.0749s/iter; left time: 12405.8478s
	iters: 400, epoch: 8 | loss: 0.1801940
	speed: 0.0536s/iter; left time: 8863.8383s
	iters: 500, epoch: 8 | loss: 0.1972227
	speed: 0.0445s/iter; left time: 7356.3624s
Epoch: 8 cost time: 35.95255494117737
[2025-05-28 04:48:18] [32mIntermediate result: 0.19393899  (Index 7)[0m
Epoch: 8, Steps: 566 | Train Loss: 0.1951031 Vali Loss: 0.1701491 Test Loss: 0.1939390
Validation loss decreased (0.170973 --> 0.170149).  Saving model ...
Updating learning rate to 8.150058854107536e-06
	iters: 100, epoch: 9 | loss: 0.1951777
	speed: 0.1835s/iter; left time: 30317.3163s
	iters: 200, epoch: 9 | loss: 0.2040672
	speed: 0.0443s/iter; left time: 7308.7614s
	iters: 300, epoch: 9 | loss: 0.2219594
	speed: 0.0447s/iter; left time: 7369.6983s
	iters: 400, epoch: 9 | loss: 0.1829588
	speed: 0.0444s/iter; left time: 7316.1812s
	iters: 500, epoch: 9 | loss: 0.1922974
	speed: 0.0483s/iter; left time: 7961.0799s
Epoch: 9 cost time: 28.44525408744812
[2025-05-28 04:49:00] [32mIntermediate result: 0.19275482  (Index 8)[0m
Epoch: 9, Steps: 566 | Train Loss: 0.1939287 Vali Loss: 0.1695983 Test Loss: 0.1927548
Validation loss decreased (0.170149 --> 0.169598).  Saving model ...
Updating learning rate to 9.231989237822009e-06
	iters: 100, epoch: 10 | loss: 0.1863286
	speed: 0.2679s/iter; left time: 44100.1018s
	iters: 200, epoch: 10 | loss: 0.1980462
	speed: 0.0753s/iter; left time: 12379.2915s
	iters: 300, epoch: 10 | loss: 0.2037074
	speed: 0.0742s/iter; left time: 12193.2535s
	iters: 400, epoch: 10 | loss: 0.1950704
	speed: 0.0728s/iter; left time: 11954.2761s
	iters: 500, epoch: 10 | loss: 0.1913155
	speed: 0.0447s/iter; left time: 7347.2941s
Epoch: 10 cost time: 37.909538984298706
[2025-05-28 04:49:47] [32mIntermediate result: 0.19202171  (Index 9)[0m
Epoch: 10, Steps: 566 | Train Loss: 0.1929149 Vali Loss: 0.1686167 Test Loss: 0.1920217
Validation loss decreased (0.169598 --> 0.168617).  Saving model ...
Updating learning rate to 1.0431150668654984e-05
	iters: 100, epoch: 11 | loss: 0.1819603
	speed: 0.1766s/iter; left time: 28977.4507s
	iters: 200, epoch: 11 | loss: 0.1758705
	speed: 0.0445s/iter; left time: 7299.3196s
	iters: 300, epoch: 11 | loss: 0.1962022
	speed: 0.0446s/iter; left time: 7300.9110s
	iters: 400, epoch: 11 | loss: 0.1781664
	speed: 0.0446s/iter; left time: 7305.4561s
	iters: 500, epoch: 11 | loss: 0.2010561
	speed: 0.0443s/iter; left time: 7242.9596s
Epoch: 11 cost time: 26.588446855545044
[2025-05-28 04:50:27] [32mIntermediate result: 0.19098528  (Index 10)[0m
Epoch: 11, Steps: 566 | Train Loss: 0.1919683 Vali Loss: 0.1675081 Test Loss: 0.1909853
Validation loss decreased (0.168617 --> 0.167508).  Saving model ...
Updating learning rate to 1.1744256134942969e-05
	iters: 100, epoch: 12 | loss: 0.1826551
	speed: 0.2489s/iter; left time: 40688.6708s
	iters: 200, epoch: 12 | loss: 0.2084096
	speed: 0.0755s/iter; left time: 12328.5026s
	iters: 300, epoch: 12 | loss: 0.2043011
	speed: 0.0740s/iter; left time: 12086.4730s
	iters: 400, epoch: 12 | loss: 0.1977691
	speed: 0.0736s/iter; left time: 12013.2290s
	iters: 500, epoch: 12 | loss: 0.2083775
	speed: 0.0627s/iter; left time: 10220.2897s
Epoch: 12 cost time: 39.59879016876221
[2025-05-28 04:51:17] [32mIntermediate result: 0.19022678  (Index 11)[0m
Epoch: 12, Steps: 566 | Train Loss: 0.1910845 Vali Loss: 0.1673094 Test Loss: 0.1902268
Validation loss decreased (0.167508 --> 0.167309).  Saving model ...
Updating learning rate to 1.3167706293951796e-05
	iters: 100, epoch: 13 | loss: 0.2061921
	speed: 0.1901s/iter; left time: 30963.3601s
	iters: 200, epoch: 13 | loss: 0.2197436
	speed: 0.0451s/iter; left time: 7348.4552s
	iters: 300, epoch: 13 | loss: 0.1847288
	speed: 0.0450s/iter; left time: 7328.8726s
	iters: 400, epoch: 13 | loss: 0.1868309
	speed: 0.0448s/iter; left time: 7292.3594s
	iters: 500, epoch: 13 | loss: 0.1884584
	speed: 0.0458s/iter; left time: 7441.6343s
Epoch: 13 cost time: 26.515397787094116
[2025-05-28 04:51:57] [32mIntermediate result: 0.189188  (Index 12)[0m
Epoch: 13, Steps: 566 | Train Loss: 0.1902384 Vali Loss: 0.1660408 Test Loss: 0.1891880
Validation loss decreased (0.167309 --> 0.166041).  Saving model ...
Updating learning rate to 1.4697599338005913e-05
	iters: 100, epoch: 14 | loss: 0.1670098
	speed: 0.2437s/iter; left time: 39564.0464s
	iters: 200, epoch: 14 | loss: 0.2302522
	speed: 0.0757s/iter; left time: 12274.7971s
	iters: 300, epoch: 14 | loss: 0.1819348
	speed: 0.0747s/iter; left time: 12109.0000s
	iters: 400, epoch: 14 | loss: 0.1841764
	speed: 0.0749s/iter; left time: 12135.1813s
	iters: 500, epoch: 14 | loss: 0.1870456
	speed: 0.0732s/iter; left time: 11860.1418s
Epoch: 14 cost time: 41.36465334892273
[2025-05-28 04:52:49] [32mIntermediate result: 0.18926987  (Index 13)[0m
Epoch: 14, Steps: 566 | Train Loss: 0.1892731 Vali Loss: 0.1657735 Test Loss: 0.1892699
Validation loss decreased (0.166041 --> 0.165774).  Saving model ...
Updating learning rate to 1.6329741689701598e-05
	iters: 100, epoch: 15 | loss: 0.1697091
	speed: 0.1911s/iter; left time: 30912.1641s
	iters: 200, epoch: 15 | loss: 0.2086846
	speed: 0.0446s/iter; left time: 7203.2645s
	iters: 300, epoch: 15 | loss: 0.1904111
	speed: 0.0453s/iter; left time: 7316.2291s
	iters: 400, epoch: 15 | loss: 0.1825951
	speed: 0.0447s/iter; left time: 7214.9451s
	iters: 500, epoch: 15 | loss: 0.1667658
	speed: 0.0454s/iter; left time: 7333.0054s
Epoch: 15 cost time: 26.34240484237671
[2025-05-28 04:53:27] [32mIntermediate result: 0.18726128  (Index 14)[0m
Epoch: 15, Steps: 566 | Train Loss: 0.1884334 Vali Loss: 0.1652685 Test Loss: 0.1872613
Validation loss decreased (0.165774 --> 0.165268).  Saving model ...
Updating learning rate to 1.805965949688798e-05
	iters: 100, epoch: 16 | loss: 0.1890463
	speed: 0.2328s/iter; left time: 37524.5348s
	iters: 200, epoch: 16 | loss: 0.1938561
	speed: 0.0741s/iter; left time: 11937.0646s
	iters: 300, epoch: 16 | loss: 0.1714828
	speed: 0.0744s/iter; left time: 11978.4845s
	iters: 400, epoch: 16 | loss: 0.1673188
	speed: 0.0740s/iter; left time: 11902.0301s
	iters: 500, epoch: 16 | loss: 0.1826955
	speed: 0.0743s/iter; left time: 11948.2283s
Epoch: 16 cost time: 41.92699146270752
[2025-05-28 04:54:20] [32mIntermediate result: 0.18672681  (Index 15)[0m
Epoch: 16, Steps: 566 | Train Loss: 0.1875801 Vali Loss: 0.1645567 Test Loss: 0.1867268
Validation loss decreased (0.165268 --> 0.164557).  Saving model ...
Updating learning rate to 1.9882610895906937e-05
	iters: 100, epoch: 17 | loss: 0.1963695
	speed: 0.1992s/iter; left time: 31993.2365s
	iters: 200, epoch: 17 | loss: 0.1655021
	speed: 0.0446s/iter; left time: 7167.0159s
	iters: 300, epoch: 17 | loss: 0.1949037
	speed: 0.0458s/iter; left time: 7351.9124s
	iters: 400, epoch: 17 | loss: 0.1907852
	speed: 0.0457s/iter; left time: 7328.0707s
	iters: 500, epoch: 17 | loss: 0.1693255
	speed: 0.0450s/iter; left time: 7217.1913s
Epoch: 17 cost time: 26.508795499801636
[2025-05-28 04:54:58] [32mIntermediate result: 0.18586317  (Index 16)[0m
Epoch: 17, Steps: 566 | Train Loss: 0.1867653 Vali Loss: 0.1637497 Test Loss: 0.1858632
Validation loss decreased (0.164557 --> 0.163750).  Saving model ...
Updating learning rate to 2.1793599009476894e-05
	iters: 100, epoch: 18 | loss: 0.1701027
	speed: 0.2278s/iter; left time: 36460.0221s
	iters: 200, epoch: 18 | loss: 0.1884956
	speed: 0.0729s/iter; left time: 11668.6103s
	iters: 300, epoch: 18 | loss: 0.2018774
	speed: 0.0737s/iter; left time: 11788.4324s
	iters: 400, epoch: 18 | loss: 0.1591932
	speed: 0.0746s/iter; left time: 11921.0650s
	iters: 500, epoch: 18 | loss: 0.1761812
	speed: 0.0734s/iter; left time: 11717.4202s
Epoch: 18 cost time: 42.24597430229187
[2025-05-28 04:55:51] [32mIntermediate result: 0.1863932  (Index 17)[0m
Epoch: 18, Steps: 566 | Train Loss: 0.1859368 Vali Loss: 0.1633717 Test Loss: 0.1863932
Validation loss decreased (0.163750 --> 0.163372).  Saving model ...
Updating learning rate to 2.3787385643592792e-05
	iters: 100, epoch: 19 | loss: 0.1850656
	speed: 0.2051s/iter; left time: 32721.7224s
	iters: 200, epoch: 19 | loss: 0.1812328
	speed: 0.0448s/iter; left time: 7149.3924s
	iters: 300, epoch: 19 | loss: 0.1790262
	speed: 0.0451s/iter; left time: 7181.5006s
	iters: 400, epoch: 19 | loss: 0.1894811
	speed: 0.0450s/iter; left time: 7163.4083s
	iters: 500, epoch: 19 | loss: 0.1885858
	speed: 0.0442s/iter; left time: 7032.0390s
Epoch: 19 cost time: 26.172027349472046
[2025-05-28 04:56:28] [32mIntermediate result: 0.1845098  (Index 18)[0m
Epoch: 19, Steps: 566 | Train Loss: 0.1850583 Vali Loss: 0.1631758 Test Loss: 0.1845098
Validation loss decreased (0.163372 --> 0.163176).  Saving model ...
Updating learning rate to 2.5858505645896988e-05
	iters: 100, epoch: 20 | loss: 0.1838820
	speed: 0.2216s/iter; left time: 35216.7485s
	iters: 200, epoch: 20 | loss: 0.2086387
	speed: 0.0739s/iter; left time: 11738.8537s
	iters: 300, epoch: 20 | loss: 0.1882714
	speed: 0.0742s/iter; left time: 11784.3149s
	iters: 400, epoch: 20 | loss: 0.1657332
	speed: 0.0744s/iter; left time: 11801.7010s
	iters: 500, epoch: 20 | loss: 0.2112136
	speed: 0.0742s/iter; left time: 11759.9319s
Epoch: 20 cost time: 42.848785638809204
[2025-05-28 04:57:21] [32mIntermediate result: 0.18576175  (Index 19)[0m
Epoch: 20, Steps: 566 | Train Loss: 0.1841838 Vali Loss: 0.1624483 Test Loss: 0.1857617
Validation loss decreased (0.163176 --> 0.162448).  Saving model ...
Updating learning rate to 2.8001281886164074e-05
	iters: 100, epoch: 21 | loss: 0.1673180
	speed: 0.2076s/iter; left time: 32875.9103s
	iters: 200, epoch: 21 | loss: 0.2032952
	speed: 0.0441s/iter; left time: 6978.1673s
	iters: 300, epoch: 21 | loss: 0.1898879
	speed: 0.0449s/iter; left time: 7099.3615s
	iters: 400, epoch: 21 | loss: 0.1898814
	speed: 0.0453s/iter; left time: 7163.0755s
	iters: 500, epoch: 21 | loss: 0.1655603
	speed: 0.0451s/iter; left time: 7127.5473s
Epoch: 21 cost time: 26.013742446899414
[2025-05-28 04:57:58] [32mIntermediate result: 0.18341388  (Index 20)[0m
Epoch: 21, Steps: 566 | Train Loss: 0.1835344 Vali Loss: 0.1611109 Test Loss: 0.1834139
Validation loss decreased (0.162448 --> 0.161111).  Saving model ...
Updating learning rate to 3.020984081783644e-05
	iters: 100, epoch: 22 | loss: 0.2000407
	speed: 0.2181s/iter; left time: 34422.7990s
	iters: 200, epoch: 22 | loss: 0.1836726
	speed: 0.0737s/iter; left time: 11629.3067s
	iters: 300, epoch: 22 | loss: 0.2023944
	speed: 0.0743s/iter; left time: 11718.3418s
	iters: 400, epoch: 22 | loss: 0.1874787
	speed: 0.0739s/iter; left time: 11636.6554s
	iters: 500, epoch: 22 | loss: 0.1805218
	speed: 0.0736s/iter; left time: 11590.3181s
Epoch: 22 cost time: 42.82567048072815
[2025-05-28 04:58:52] [32mIntermediate result: 0.18325001  (Index 21)[0m
Epoch: 22, Steps: 566 | Train Loss: 0.1825157 Vali Loss: 0.1607393 Test Loss: 0.1832500
Validation loss decreased (0.161111 --> 0.160739).  Saving model ...
Updating learning rate to 3.2478128577955123e-05
	iters: 100, epoch: 23 | loss: 0.1814288
	speed: 0.2126s/iter; left time: 33434.7725s
	iters: 200, epoch: 23 | loss: 0.1742714
	speed: 0.0436s/iter; left time: 6846.3538s
	iters: 300, epoch: 23 | loss: 0.1854430
	speed: 0.0448s/iter; left time: 7032.8413s
	iters: 400, epoch: 23 | loss: 0.1802106
	speed: 0.0448s/iter; left time: 7036.6254s
	iters: 500, epoch: 23 | loss: 0.1727509
	speed: 0.0447s/iter; left time: 7008.1987s
Epoch: 23 cost time: 25.970582723617554
[2025-05-28 04:59:29] [32mIntermediate result: 0.18184404  (Index 22)[0m
Epoch: 23, Steps: 566 | Train Loss: 0.1816554 Vali Loss: 0.1603004 Test Loss: 0.1818440
Validation loss decreased (0.160739 --> 0.160300).  Saving model ...
Updating learning rate to 3.479992758135433e-05
	iters: 100, epoch: 24 | loss: 0.1798637
	speed: 0.2225s/iter; left time: 34856.3327s
	iters: 200, epoch: 24 | loss: 0.1634193
	speed: 0.0743s/iter; left time: 11637.1260s
	iters: 300, epoch: 24 | loss: 0.1797637
	speed: 0.0743s/iter; left time: 11629.2486s
	iters: 400, epoch: 24 | loss: 0.1979816
	speed: 0.0741s/iter; left time: 11594.7349s
	iters: 500, epoch: 24 | loss: 0.1687169
	speed: 0.0742s/iter; left time: 11593.6329s
Epoch: 24 cost time: 42.849894762039185
[2025-05-28 05:00:23] [32mIntermediate result: 0.18083759  (Index 23)[0m
Epoch: 24, Steps: 566 | Train Loss: 0.1807198 Vali Loss: 0.1593067 Test Loss: 0.1808376
Validation loss decreased (0.160300 --> 0.159307).  Saving model ...
Updating learning rate to 3.7168873563633736e-05
	iters: 100, epoch: 25 | loss: 0.1963301
	speed: 0.2115s/iter; left time: 33022.3658s
	iters: 200, epoch: 25 | loss: 0.1758612
	speed: 0.0442s/iter; left time: 6893.1405s
	iters: 300, epoch: 25 | loss: 0.1565693
	speed: 0.0443s/iter; left time: 6901.1056s
	iters: 400, epoch: 25 | loss: 0.1587581
	speed: 0.0448s/iter; left time: 6974.9872s
	iters: 500, epoch: 25 | loss: 0.1780208
	speed: 0.0447s/iter; left time: 6965.5475s
Epoch: 25 cost time: 26.05513072013855
[2025-05-28 05:00:59] [32mIntermediate result: 0.17979585  (Index 24)[0m
Epoch: 25, Steps: 566 | Train Loss: 0.1799252 Vali Loss: 0.1572221 Test Loss: 0.1797958
Validation loss decreased (0.159307 --> 0.157222).  Saving model ...
Updating learning rate to 3.95784730261919e-05
	iters: 100, epoch: 26 | loss: 0.1934537
	speed: 0.2202s/iter; left time: 34251.1764s
	iters: 200, epoch: 26 | loss: 0.1811173
	speed: 0.0750s/iter; left time: 11658.2264s
	iters: 300, epoch: 26 | loss: 0.1734121
	speed: 0.0751s/iter; left time: 11668.3079s
	iters: 400, epoch: 26 | loss: 0.1904362
	speed: 0.0743s/iter; left time: 11538.7143s
	iters: 500, epoch: 26 | loss: 0.1913337
	speed: 0.0747s/iter; left time: 11584.4346s
Epoch: 26 cost time: 43.18516516685486
[2025-05-28 05:01:55] [32mIntermediate result: 0.17866573  (Index 25)[0m
Epoch: 26, Steps: 566 | Train Loss: 0.1790658 Vali Loss: 0.1569453 Test Loss: 0.1786657
Validation loss decreased (0.157222 --> 0.156945).  Saving model ...
Updating learning rate to 4.202212103550262e-05
	iters: 100, epoch: 27 | loss: 0.1517777
	speed: 0.2225s/iter; left time: 34484.2859s
	iters: 200, epoch: 27 | loss: 0.1615546
	speed: 0.0444s/iter; left time: 6884.5270s
	iters: 300, epoch: 27 | loss: 0.1822158
	speed: 0.0442s/iter; left time: 6847.3349s
	iters: 400, epoch: 27 | loss: 0.1847773
	speed: 0.0447s/iter; left time: 6916.3030s
	iters: 500, epoch: 27 | loss: 0.1745846
	speed: 0.0447s/iter; left time: 6915.7256s
Epoch: 27 cost time: 25.95835542678833
[2025-05-28 05:02:31] [32mIntermediate result: 0.17894769  (Index 26)[0m
Epoch: 27, Steps: 566 | Train Loss: 0.1780974 Vali Loss: 0.1565820 Test Loss: 0.1789477
Validation loss decreased (0.156945 --> 0.156582).  Saving model ...
Updating learning rate to 4.4493119327844625e-05
	iters: 100, epoch: 28 | loss: 0.2101687
	speed: 0.2026s/iter; left time: 31284.9750s
	iters: 200, epoch: 28 | loss: 0.1844051
	speed: 0.0737s/iter; left time: 11379.9342s
	iters: 300, epoch: 28 | loss: 0.1882962
	speed: 0.0741s/iter; left time: 11432.3414s
	iters: 400, epoch: 28 | loss: 0.1885720
	speed: 0.0744s/iter; left time: 11469.5538s
	iters: 500, epoch: 28 | loss: 0.1778771
	speed: 0.0738s/iter; left time: 11373.3297s
Epoch: 28 cost time: 41.65072727203369
[2025-05-28 05:03:25] [32mIntermediate result: 0.17724213  (Index 27)[0m
Epoch: 28, Steps: 566 | Train Loss: 0.1774832 Vali Loss: 0.1563779 Test Loss: 0.1772421
Validation loss decreased (0.156582 --> 0.156378).  Saving model ...
Updating learning rate to 4.69846946698578e-05
	iters: 100, epoch: 29 | loss: 0.1968142
	speed: 0.2267s/iter; left time: 34875.6658s
	iters: 200, epoch: 29 | loss: 0.1585266
	speed: 0.0444s/iter; left time: 6827.2873s
	iters: 300, epoch: 29 | loss: 0.1679128
	speed: 0.0440s/iter; left time: 6763.6922s
	iters: 400, epoch: 29 | loss: 0.1731551
	speed: 0.0449s/iter; left time: 6888.3035s
	iters: 500, epoch: 29 | loss: 0.2021138
	speed: 0.0450s/iter; left time: 6906.9333s
Epoch: 29 cost time: 25.965550422668457
[2025-05-28 05:04:01] [32mIntermediate result: 0.17609914  (Index 28)[0m
Epoch: 29, Steps: 566 | Train Loss: 0.1766446 Vali Loss: 0.1546709 Test Loss: 0.1760991
Validation loss decreased (0.156378 --> 0.154671).  Saving model ...
Updating learning rate to 4.949001742459822e-05
	iters: 100, epoch: 30 | loss: 0.1784329
	speed: 0.1786s/iter; left time: 27381.5050s
	iters: 200, epoch: 30 | loss: 0.1535997
	speed: 0.0696s/iter; left time: 10662.6440s
	iters: 300, epoch: 30 | loss: 0.1700143
	speed: 0.0745s/iter; left time: 11409.3173s
	iters: 400, epoch: 30 | loss: 0.1696563
	speed: 0.0749s/iter; left time: 11455.0573s
	iters: 500, epoch: 30 | loss: 0.1643886
	speed: 0.0747s/iter; left time: 11418.8014s
Epoch: 30 cost time: 39.48292517662048
[2025-05-28 05:04:53] [32mIntermediate result: 0.17702952  (Index 29)[0m
Epoch: 30, Steps: 566 | Train Loss: 0.1759922 Vali Loss: 0.1567003 Test Loss: 0.1770295
EarlyStopping counter: 1 out of 20
Updating learning rate to 5.200222027220057e-05
	iters: 100, epoch: 31 | loss: 0.1955465
	speed: 0.2386s/iter; left time: 36433.2666s
	iters: 200, epoch: 31 | loss: 0.1591264
	speed: 0.0444s/iter; left time: 6779.1703s
	iters: 300, epoch: 31 | loss: 0.1644004
	speed: 0.0436s/iter; left time: 6654.8526s
	iters: 400, epoch: 31 | loss: 0.1682840
	speed: 0.0460s/iter; left time: 7012.1817s
	iters: 500, epoch: 31 | loss: 0.1532350
	speed: 0.0451s/iter; left time: 6862.5192s
Epoch: 31 cost time: 26.640871047973633
[2025-05-28 05:05:31] [32mIntermediate result: 0.1753211  (Index 30)[0m
Epoch: 31, Steps: 566 | Train Loss: 0.1755037 Vali Loss: 0.1536049 Test Loss: 0.1753211
Validation loss decreased (0.154671 --> 0.153605).  Saving model ...
Updating learning rate to 5.451441703383282e-05
	iters: 100, epoch: 32 | loss: 0.1888816
	speed: 0.1898s/iter; left time: 28875.3598s
	iters: 200, epoch: 32 | loss: 0.1537778
	speed: 0.0604s/iter; left time: 9189.2452s
	iters: 300, epoch: 32 | loss: 0.1636042
	speed: 0.0745s/iter; left time: 11321.9707s
	iters: 400, epoch: 32 | loss: 0.1565709
	speed: 0.0747s/iter; left time: 11339.6305s
	iters: 500, epoch: 32 | loss: 0.1855834
	speed: 0.0753s/iter; left time: 11427.6667s
Epoch: 32 cost time: 38.46702551841736
[2025-05-28 05:06:22] [32mIntermediate result: 0.1752703  (Index 31)[0m
Epoch: 32, Steps: 566 | Train Loss: 0.1749048 Vali Loss: 0.1529115 Test Loss: 0.1752703
Validation loss decreased (0.153605 --> 0.152911).  Saving model ...
Updating learning rate to 5.701972154734514e-05
	iters: 100, epoch: 33 | loss: 0.1748047
	speed: 0.2486s/iter; left time: 37679.0452s
	iters: 200, epoch: 33 | loss: 0.1573992
	speed: 0.0446s/iter; left time: 6762.4458s
	iters: 300, epoch: 33 | loss: 0.1795739
	speed: 0.0441s/iter; left time: 6673.5238s
	iters: 400, epoch: 33 | loss: 0.1807107
	speed: 0.0446s/iter; left time: 6754.5412s
	iters: 500, epoch: 33 | loss: 0.1880057
	speed: 0.0445s/iter; left time: 6727.5984s
Epoch: 33 cost time: 27.767383098602295
[2025-05-28 05:07:00] [32mIntermediate result: 0.17449696  (Index 32)[0m
Epoch: 33, Steps: 566 | Train Loss: 0.1745149 Vali Loss: 0.1523232 Test Loss: 0.1744970
Validation loss decreased (0.152911 --> 0.152323).  Saving model ...
Updating learning rate to 5.951126654287307e-05
	iters: 100, epoch: 34 | loss: 0.1544010
	speed: 0.1849s/iter; left time: 27917.0439s
	iters: 200, epoch: 34 | loss: 0.1901513
	speed: 0.0476s/iter; left time: 7190.2152s
	iters: 300, epoch: 34 | loss: 0.1802837
	speed: 0.0746s/iter; left time: 11250.4242s
	iters: 400, epoch: 34 | loss: 0.1672119
	speed: 0.0743s/iter; left time: 11195.3238s
	iters: 500, epoch: 34 | loss: 0.1738300
	speed: 0.0740s/iter; left time: 11144.0850s
Epoch: 34 cost time: 37.19918918609619
[2025-05-28 05:07:51] [32mIntermediate result: 0.17451955  (Index 33)[0m
Epoch: 34, Steps: 566 | Train Loss: 0.1739294 Vali Loss: 0.1527668 Test Loss: 0.1745196
EarlyStopping counter: 1 out of 20
Updating learning rate to 6.198222246665521e-05
	iters: 100, epoch: 35 | loss: 0.1667488
	speed: 0.2609s/iter; left time: 39251.9626s
	iters: 200, epoch: 35 | loss: 0.1924705
	speed: 0.0444s/iter; left time: 6676.9704s
	iters: 300, epoch: 35 | loss: 0.1727627
	speed: 0.0447s/iter; left time: 6722.5540s
	iters: 400, epoch: 35 | loss: 0.1927453
	speed: 0.0435s/iter; left time: 6530.7622s
	iters: 500, epoch: 35 | loss: 0.1576026
	speed: 0.0446s/iter; left time: 6686.8917s
Epoch: 35 cost time: 28.63369131088257
[2025-05-28 05:08:30] [32mIntermediate result: 0.17358407  (Index 34)[0m
Epoch: 35, Steps: 566 | Train Loss: 0.1737117 Vali Loss: 0.1510851 Test Loss: 0.1735841
Validation loss decreased (0.152323 --> 0.151085).  Saving model ...
Updating learning rate to 6.442581620146759e-05
	iters: 100, epoch: 36 | loss: 0.1647201
	speed: 0.1838s/iter; left time: 27550.1990s
	iters: 200, epoch: 36 | loss: 0.1985764
	speed: 0.0454s/iter; left time: 6798.0514s
	iters: 300, epoch: 36 | loss: 0.1810426
	speed: 0.0658s/iter; left time: 9848.4032s
	iters: 400, epoch: 36 | loss: 0.1826683
	speed: 0.0743s/iter; left time: 11113.4163s
	iters: 500, epoch: 36 | loss: 0.1965071
	speed: 0.0740s/iter; left time: 11065.5052s
Epoch: 36 cost time: 36.14270496368408
[2025-05-28 05:09:19] [32mIntermediate result: 0.17427085  (Index 35)[0m
Epoch: 36, Steps: 566 | Train Loss: 0.1732400 Vali Loss: 0.1516846 Test Loss: 0.1742709
EarlyStopping counter: 1 out of 20
Updating learning rate to 6.683534963236026e-05
	iters: 100, epoch: 37 | loss: 0.1752101
	speed: 0.2659s/iter; left time: 39707.5744s
	iters: 200, epoch: 37 | loss: 0.1568370
	speed: 0.0534s/iter; left time: 7965.4306s
	iters: 300, epoch: 37 | loss: 0.1768956
	speed: 0.0450s/iter; left time: 6705.9439s
	iters: 400, epoch: 37 | loss: 0.1603305
	speed: 0.0444s/iter; left time: 6610.3697s
	iters: 500, epoch: 37 | loss: 0.1650089
	speed: 0.0450s/iter; left time: 6698.5004s
Epoch: 37 cost time: 29.742820501327515
[2025-05-28 05:10:00] [32mIntermediate result: 0.17404488  (Index 36)[0m
Epoch: 37, Steps: 566 | Train Loss: 0.1726783 Vali Loss: 0.1504913 Test Loss: 0.1740449
Validation loss decreased (0.151085 --> 0.150491).  Saving model ...
Updating learning rate to 6.920421800680592e-05
	iters: 100, epoch: 38 | loss: 0.1586703
	speed: 0.1897s/iter; left time: 28222.8031s
	iters: 200, epoch: 38 | loss: 0.1660396
	speed: 0.0450s/iter; left time: 6690.2806s
	iters: 300, epoch: 38 | loss: 0.1845180
	speed: 0.0572s/iter; left time: 8495.0799s
	iters: 400, epoch: 38 | loss: 0.1686078
	speed: 0.0717s/iter; left time: 10641.5595s
	iters: 500, epoch: 38 | loss: 0.1577832
	speed: 0.0734s/iter; left time: 10888.8876s
Epoch: 38 cost time: 34.99210977554321
[2025-05-28 05:10:48] [32mIntermediate result: 0.17366302  (Index 37)[0m
Epoch: 38, Steps: 566 | Train Loss: 0.1721868 Vali Loss: 0.1519444 Test Loss: 0.1736630
EarlyStopping counter: 1 out of 20
Updating learning rate to 7.152592803893334e-05
	iters: 100, epoch: 39 | loss: 0.1742642
	speed: 0.2635s/iter; left time: 39053.1973s
	iters: 200, epoch: 39 | loss: 0.1560392
	speed: 0.0640s/iter; left time: 9478.6728s
	iters: 300, epoch: 39 | loss: 0.1572550
	speed: 0.0445s/iter; left time: 6590.8658s
	iters: 400, epoch: 39 | loss: 0.1706415
	speed: 0.0438s/iter; left time: 6481.8472s
	iters: 500, epoch: 39 | loss: 0.1560766
	speed: 0.0446s/iter; left time: 6597.8604s
Epoch: 39 cost time: 30.86511731147766
[2025-05-28 05:11:29] [32mIntermediate result: 0.17289345  (Index 38)[0m
Epoch: 39, Steps: 566 | Train Loss: 0.1719798 Vali Loss: 0.1501574 Test Loss: 0.1728934
Validation loss decreased (0.150491 --> 0.150157).  Saving model ...
Updating learning rate to 7.379411570822061e-05
	iters: 100, epoch: 40 | loss: 0.1872836
	speed: 0.1811s/iter; left time: 26733.2718s
	iters: 200, epoch: 40 | loss: 0.1676577
	speed: 0.0442s/iter; left time: 6513.6174s
	iters: 300, epoch: 40 | loss: 0.1897936
	speed: 0.0441s/iter; left time: 6500.1663s
	iters: 400, epoch: 40 | loss: 0.1695284
	speed: 0.0666s/iter; left time: 9811.1086s
	iters: 500, epoch: 40 | loss: 0.1568391
	speed: 0.0744s/iter; left time: 10950.2198s
Epoch: 40 cost time: 33.08073043823242
[2025-05-28 05:12:15] [32mIntermediate result: 0.17338663  (Index 39)[0m
Epoch: 40, Steps: 566 | Train Loss: 0.1715914 Vali Loss: 0.1503087 Test Loss: 0.1733866
EarlyStopping counter: 1 out of 20
Updating learning rate to 7.600256370386012e-05
	iters: 100, epoch: 41 | loss: 0.1863838
	speed: 0.2673s/iter; left time: 39302.1583s
	iters: 200, epoch: 41 | loss: 0.1756828
	speed: 0.0741s/iter; left time: 10883.6894s
	iters: 300, epoch: 41 | loss: 0.1557263
	speed: 0.0530s/iter; left time: 7785.1449s
	iters: 400, epoch: 41 | loss: 0.1650507
	speed: 0.0442s/iter; left time: 6490.7857s
	iters: 500, epoch: 41 | loss: 0.1899912
	speed: 0.0444s/iter; left time: 6512.1859s
Epoch: 41 cost time: 32.90704321861267
[2025-05-28 05:12:58] [32mIntermediate result: 0.17275117  (Index 40)[0m
Epoch: 41, Steps: 566 | Train Loss: 0.1712544 Vali Loss: 0.1497539 Test Loss: 0.1727512
Validation loss decreased (0.150157 --> 0.149754).  Saving model ...
Updating learning rate to 7.814521846697872e-05
	iters: 100, epoch: 42 | loss: 0.1918240
	speed: 0.1825s/iter; left time: 26734.7382s
	iters: 200, epoch: 42 | loss: 0.1695125
	speed: 0.0443s/iter; left time: 6491.0346s
	iters: 300, epoch: 42 | loss: 0.1786905
	speed: 0.0444s/iter; left time: 6498.3812s
	iters: 400, epoch: 42 | loss: 0.1581844
	speed: 0.0496s/iter; left time: 7249.3254s
	iters: 500, epoch: 42 | loss: 0.1806454
	speed: 0.0742s/iter; left time: 10841.6689s
Epoch: 42 cost time: 31.5659441947937
[2025-05-28 05:13:42] [32mIntermediate result: 0.17348915  (Index 41)[0m
Epoch: 42, Steps: 566 | Train Loss: 0.1709063 Vali Loss: 0.1500201 Test Loss: 0.1734892
EarlyStopping counter: 1 out of 20
Updating learning rate to 8.021620678399888e-05
	iters: 100, epoch: 43 | loss: 0.1671376
	speed: 0.2578s/iter; left time: 37626.8757s
	iters: 200, epoch: 43 | loss: 0.1768071
	speed: 0.0741s/iter; left time: 10808.7168s
	iters: 300, epoch: 43 | loss: 0.1602400
	speed: 0.0727s/iter; left time: 10597.5329s
	iters: 400, epoch: 43 | loss: 0.1643226
	speed: 0.0444s/iter; left time: 6468.8998s
	iters: 500, epoch: 43 | loss: 0.1688004
	speed: 0.0447s/iter; left time: 6501.2804s
Epoch: 43 cost time: 34.677611351013184
[2025-05-28 05:14:27] [32mIntermediate result: 0.17191815  (Index 42)[0m
Epoch: 43, Steps: 566 | Train Loss: 0.1704449 Vali Loss: 0.1499974 Test Loss: 0.1719182
EarlyStopping counter: 2 out of 20
Updating learning rate to 8.22098518856566e-05
	iters: 100, epoch: 44 | loss: 0.1507243
	speed: 0.1793s/iter; left time: 26061.0980s
	iters: 200, epoch: 44 | loss: 0.1872332
	speed: 0.0445s/iter; left time: 6463.3838s
	iters: 300, epoch: 44 | loss: 0.1633881
	speed: 0.0441s/iter; left time: 6400.1407s
	iters: 400, epoch: 44 | loss: 0.1802943
	speed: 0.0449s/iter; left time: 6514.0142s
	iters: 500, epoch: 44 | loss: 0.1633441
	speed: 0.0595s/iter; left time: 8629.6720s
Epoch: 44 cost time: 29.43181347846985
[2025-05-28 05:15:10] [32mIntermediate result: 0.17251135  (Index 43)[0m
Epoch: 44, Steps: 566 | Train Loss: 0.1701340 Vali Loss: 0.1493897 Test Loss: 0.1725114
Validation loss decreased (0.149754 --> 0.149390).  Saving model ...
Updating learning rate to 8.412068900754781e-05
	iters: 100, epoch: 45 | loss: 0.1767849
	speed: 0.2703s/iter; left time: 39135.1706s
	iters: 200, epoch: 45 | loss: 0.1717421
	speed: 0.0750s/iter; left time: 10850.0630s
	iters: 300, epoch: 45 | loss: 0.1772205
	speed: 0.0742s/iter; left time: 10726.8553s
	iters: 400, epoch: 45 | loss: 0.1647375
	speed: 0.0575s/iter; left time: 8311.0287s
	iters: 500, epoch: 45 | loss: 0.1559431
	speed: 0.0440s/iter; left time: 6356.2732s
Epoch: 45 cost time: 36.156569719314575
[2025-05-28 05:15:56] [32mIntermediate result: 0.17205884  (Index 44)[0m
Epoch: 45, Steps: 566 | Train Loss: 0.1697991 Vali Loss: 0.1490944 Test Loss: 0.1720588
Validation loss decreased (0.149390 --> 0.149094).  Saving model ...
Updating learning rate to 8.594348036954938e-05
	iters: 100, epoch: 46 | loss: 0.1706944
	speed: 0.1826s/iter; left time: 26332.0834s
	iters: 200, epoch: 46 | loss: 0.1669845
	speed: 0.0449s/iter; left time: 6474.8107s
	iters: 300, epoch: 46 | loss: 0.1764477
	speed: 0.0452s/iter; left time: 6515.3573s
	iters: 400, epoch: 46 | loss: 0.1653089
	speed: 0.0445s/iter; left time: 6403.8181s
	iters: 500, epoch: 46 | loss: 0.1589672
	speed: 0.0495s/iter; left time: 7126.7004s
Epoch: 46 cost time: 28.69337797164917
[2025-05-28 05:16:38] [32mIntermediate result: 0.1718828  (Index 45)[0m
Epoch: 46, Steps: 566 | Train Loss: 0.1695173 Vali Loss: 0.1493197 Test Loss: 0.1718828
EarlyStopping counter: 1 out of 20
Updating learning rate to 8.767322953305603e-05
	iters: 100, epoch: 47 | loss: 0.1485009
	speed: 0.2617s/iter; left time: 37593.6074s
	iters: 200, epoch: 47 | loss: 0.1641338
	speed: 0.0737s/iter; left time: 10576.1828s
	iters: 300, epoch: 47 | loss: 0.1738798
	speed: 0.0739s/iter; left time: 10604.3318s
	iters: 400, epoch: 47 | loss: 0.1478828
	speed: 0.0716s/iter; left time: 10259.7738s
	iters: 500, epoch: 47 | loss: 0.1650007
	speed: 0.0443s/iter; left time: 6340.3195s
Epoch: 47 cost time: 37.54084300994873
[2025-05-28 05:17:27] [32mIntermediate result: 0.1730638  (Index 46)[0m
Epoch: 47, Steps: 566 | Train Loss: 0.1692243 Vali Loss: 0.1483676 Test Loss: 0.1730638
Validation loss decreased (0.149094 --> 0.148368).  Saving model ...
Updating learning rate to 8.930519509667737e-05
	iters: 100, epoch: 48 | loss: 0.1836961
	speed: 0.1937s/iter; left time: 27714.9978s
	iters: 200, epoch: 48 | loss: 0.1771232
	speed: 0.0450s/iter; left time: 6430.5092s
	iters: 300, epoch: 48 | loss: 0.1718030
	speed: 0.0450s/iter; left time: 6425.6723s
	iters: 400, epoch: 48 | loss: 0.1576714
	speed: 0.0441s/iter; left time: 6301.4425s
	iters: 500, epoch: 48 | loss: 0.1808047
	speed: 0.0439s/iter; left time: 6268.2964s
Epoch: 48 cost time: 27.99274706840515
[2025-05-28 05:18:08] [32mIntermediate result: 0.17274801  (Index 47)[0m
Epoch: 48, Steps: 566 | Train Loss: 0.1688649 Vali Loss: 0.1500494 Test Loss: 0.1727480
EarlyStopping counter: 1 out of 20
Updating learning rate to 9.08349036928549e-05
	iters: 100, epoch: 49 | loss: 0.1538963
	speed: 0.2604s/iter; left time: 37118.2502s
	iters: 200, epoch: 49 | loss: 0.1675351
	speed: 0.0732s/iter; left time: 10422.7312s
	iters: 300, epoch: 49 | loss: 0.1580315
	speed: 0.0736s/iter; left time: 10473.5419s
	iters: 400, epoch: 49 | loss: 0.1589447
	speed: 0.0737s/iter; left time: 10480.6906s
	iters: 500, epoch: 49 | loss: 0.1915477
	speed: 0.0490s/iter; left time: 6961.3009s
Epoch: 49 cost time: 38.084264039993286
[2025-05-28 05:18:56] [32mIntermediate result: 0.17109486  (Index 48)[0m
Epoch: 49, Steps: 566 | Train Loss: 0.1685914 Vali Loss: 0.1480376 Test Loss: 0.1710949
Validation loss decreased (0.148368 --> 0.148038).  Saving model ...
Updating learning rate to 9.225816224977352e-05
	iters: 100, epoch: 50 | loss: 0.1530719
	speed: 0.1834s/iter; left time: 26040.9309s
	iters: 200, epoch: 50 | loss: 0.1583949
	speed: 0.0437s/iter; left time: 6195.3422s
	iters: 300, epoch: 50 | loss: 0.1731360
	speed: 0.0437s/iter; left time: 6197.9042s
	iters: 400, epoch: 50 | loss: 0.1703357
	speed: 0.0441s/iter; left time: 6247.1203s
	iters: 500, epoch: 50 | loss: 0.1597200
	speed: 0.0444s/iter; left time: 6279.1174s
Epoch: 50 cost time: 25.670713901519775
[2025-05-28 05:19:36] [32mIntermediate result: 0.17155558  (Index 49)[0m
Epoch: 50, Steps: 566 | Train Loss: 0.1683490 Vali Loss: 0.1480506 Test Loss: 0.1715556
EarlyStopping counter: 1 out of 20
Updating learning rate to 9.357106948495658e-05
	iters: 100, epoch: 51 | loss: 0.1624916
	speed: 0.2583s/iter; left time: 36519.8064s
	iters: 200, epoch: 51 | loss: 0.1600714
	speed: 0.0752s/iter; left time: 10623.3897s
	iters: 300, epoch: 51 | loss: 0.1540926
	speed: 0.0736s/iter; left time: 10398.2592s
	iters: 400, epoch: 51 | loss: 0.1728739
	speed: 0.0739s/iter; left time: 10423.9868s
	iters: 500, epoch: 51 | loss: 0.1708623
	speed: 0.0592s/iter; left time: 8348.2870s
Epoch: 51 cost time: 39.39372754096985
[2025-05-28 05:20:27] [32mIntermediate result: 0.1703042  (Index 50)[0m
Epoch: 51, Steps: 566 | Train Loss: 0.1678461 Vali Loss: 0.1474644 Test Loss: 0.1703042
Validation loss decreased (0.148038 --> 0.147464).  Saving model ...
Updating learning rate to 9.477002659903958e-05
	iters: 100, epoch: 52 | loss: 0.1649734
	speed: 0.1924s/iter; left time: 27103.0365s
	iters: 200, epoch: 52 | loss: 0.1648613
	speed: 0.0450s/iter; left time: 6334.5004s
	iters: 300, epoch: 52 | loss: 0.1490513
	speed: 0.0443s/iter; left time: 6234.8429s
	iters: 400, epoch: 52 | loss: 0.1679122
	speed: 0.0446s/iter; left time: 6273.0672s
	iters: 500, epoch: 52 | loss: 0.1656295
	speed: 0.0448s/iter; left time: 6294.9129s
Epoch: 52 cost time: 26.2819766998291
[2025-05-28 05:21:06] [32mIntermediate result: 0.17038128  (Index 51)[0m
Epoch: 52, Steps: 566 | Train Loss: 0.1675838 Vali Loss: 0.1476840 Test Loss: 0.1703813
EarlyStopping counter: 1 out of 20
Updating learning rate to 9.585174714041003e-05
	iters: 100, epoch: 53 | loss: 0.1856426
	speed: 0.2437s/iter; left time: 34184.0454s
	iters: 200, epoch: 53 | loss: 0.1669331
	speed: 0.0744s/iter; left time: 10425.8547s
	iters: 300, epoch: 53 | loss: 0.1650329
	speed: 0.0737s/iter; left time: 10328.9179s
	iters: 400, epoch: 53 | loss: 0.1598598
	speed: 0.0737s/iter; left time: 10318.2110s
	iters: 500, epoch: 53 | loss: 0.1717446
	speed: 0.0652s/iter; left time: 9112.6846s
Epoch: 53 cost time: 39.88300395011902
[2025-05-28 05:21:57] [32mIntermediate result: 0.17195144  (Index 52)[0m
Epoch: 53, Steps: 566 | Train Loss: 0.1673960 Vali Loss: 0.1470647 Test Loss: 0.1719514
Validation loss decreased (0.147464 --> 0.147065).  Saving model ...
Updating learning rate to 9.681326601367315e-05
	iters: 100, epoch: 54 | loss: 0.1641419
	speed: 0.1912s/iter; left time: 26716.1210s
	iters: 200, epoch: 54 | loss: 0.1681431
	speed: 0.0452s/iter; left time: 6315.9455s
	iters: 300, epoch: 54 | loss: 0.1755044
	speed: 0.0440s/iter; left time: 6140.5814s
	iters: 400, epoch: 54 | loss: 0.1645146
	speed: 0.0447s/iter; left time: 6226.6036s
	iters: 500, epoch: 54 | loss: 0.1710755
	speed: 0.0446s/iter; left time: 6214.7233s
Epoch: 54 cost time: 26.26779007911682
[2025-05-28 05:22:36] [32mIntermediate result: 0.17016928  (Index 53)[0m
Epoch: 54, Steps: 566 | Train Loss: 0.1671261 Vali Loss: 0.1459630 Test Loss: 0.1701693
Validation loss decreased (0.147065 --> 0.145963).  Saving model ...
Updating learning rate to 9.765194760725084e-05
	iters: 100, epoch: 55 | loss: 0.1626357
	speed: 0.2439s/iter; left time: 33932.9190s
	iters: 200, epoch: 55 | loss: 0.1704438
	speed: 0.0745s/iter; left time: 10353.4062s
	iters: 300, epoch: 55 | loss: 0.1671963
	speed: 0.0740s/iter; left time: 10276.5486s
	iters: 400, epoch: 55 | loss: 0.1831031
	speed: 0.0747s/iter; left time: 10370.7655s
	iters: 500, epoch: 55 | loss: 0.1612465
	speed: 0.0731s/iter; left time: 10139.5977s
Epoch: 55 cost time: 41.0002498626709
[2025-05-28 05:23:28] [32mIntermediate result: 0.16990863  (Index 54)[0m
Epoch: 55, Steps: 566 | Train Loss: 0.1668464 Vali Loss: 0.1461641 Test Loss: 0.1699086
EarlyStopping counter: 1 out of 20
Updating learning rate to 9.836549301783519e-05
	iters: 100, epoch: 56 | loss: 0.1745156
	speed: 0.1898s/iter; left time: 26306.1223s
	iters: 200, epoch: 56 | loss: 0.1721820
	speed: 0.0453s/iter; left time: 6267.8102s
	iters: 300, epoch: 56 | loss: 0.1684823
	speed: 0.0442s/iter; left time: 6116.7251s
	iters: 400, epoch: 56 | loss: 0.1572931
	speed: 0.0453s/iter; left time: 6270.0091s
	iters: 500, epoch: 56 | loss: 0.1673496
	speed: 0.0445s/iter; left time: 6152.0774s
Epoch: 56 cost time: 26.30730628967285
[2025-05-28 05:24:06] [32mIntermediate result: 0.16942498  (Index 55)[0m
Epoch: 56, Steps: 566 | Train Loss: 0.1665463 Vali Loss: 0.1460105 Test Loss: 0.1694250
EarlyStopping counter: 2 out of 20
Updating learning rate to 9.895194635189364e-05
	iters: 100, epoch: 57 | loss: 0.1923046
	speed: 0.2326s/iter; left time: 32098.5814s
	iters: 200, epoch: 57 | loss: 0.1707389
	speed: 0.0741s/iter; left time: 10214.9805s
	iters: 300, epoch: 57 | loss: 0.1663275
	speed: 0.0737s/iter; left time: 10152.6938s
	iters: 400, epoch: 57 | loss: 0.1672865
	speed: 0.0744s/iter; left time: 10239.0141s
	iters: 500, epoch: 57 | loss: 0.1506994
	speed: 0.0735s/iter; left time: 10110.7644s
Epoch: 57 cost time: 42.22115135192871
[2025-05-28 05:24:58] [32mIntermediate result: 0.17099191  (Index 56)[0m
Epoch: 57, Steps: 566 | Train Loss: 0.1662650 Vali Loss: 0.1462318 Test Loss: 0.1709919
EarlyStopping counter: 3 out of 20
Updating learning rate to 9.940970008695292e-05
	iters: 100, epoch: 58 | loss: 0.1519069
	speed: 0.2029s/iter; left time: 27882.0929s
	iters: 200, epoch: 58 | loss: 0.1662132
	speed: 0.0450s/iter; left time: 6179.6361s
	iters: 300, epoch: 58 | loss: 0.1719247
	speed: 0.0450s/iter; left time: 6172.0334s
	iters: 400, epoch: 58 | loss: 0.1547610
	speed: 0.0457s/iter; left time: 6272.3833s
	iters: 500, epoch: 58 | loss: 0.1565240
	speed: 0.0451s/iter; left time: 6182.0190s
Epoch: 58 cost time: 26.658481121063232
[2025-05-28 05:25:37] [32mIntermediate result: 0.17011729  (Index 57)[0m
Epoch: 58, Steps: 566 | Train Loss: 0.1661053 Vali Loss: 0.1450642 Test Loss: 0.1701173
Validation loss decreased (0.145963 --> 0.145064).  Saving model ...
Updating learning rate to 9.973749947796582e-05
	iters: 100, epoch: 59 | loss: 0.1679384
	speed: 0.2313s/iter; left time: 31664.7801s
	iters: 200, epoch: 59 | loss: 0.1683609
	speed: 0.0729s/iter; left time: 9968.5023s
	iters: 300, epoch: 59 | loss: 0.1487431
	speed: 0.0718s/iter; left time: 9815.7876s
	iters: 400, epoch: 59 | loss: 0.1665018
	speed: 0.0748s/iter; left time: 10210.2018s
	iters: 500, epoch: 59 | loss: 0.1486463
	speed: 0.0751s/iter; left time: 10247.3802s
Epoch: 59 cost time: 42.38573598861694
[2025-05-28 05:26:31] [32mIntermediate result: 0.16937213  (Index 58)[0m
Epoch: 59, Steps: 566 | Train Loss: 0.1658726 Vali Loss: 0.1452014 Test Loss: 0.1693721
EarlyStopping counter: 1 out of 20
Updating learning rate to 9.993444599668261e-05
	iters: 100, epoch: 60 | loss: 0.1705142
	speed: 0.2127s/iter; left time: 28998.1968s
	iters: 200, epoch: 60 | loss: 0.1409404
	speed: 0.0450s/iter; left time: 6131.8061s
	iters: 300, epoch: 60 | loss: 0.1723159
	speed: 0.0449s/iter; left time: 6113.3613s
	iters: 400, epoch: 60 | loss: 0.1644340
	speed: 0.0455s/iter; left time: 6188.7299s
	iters: 500, epoch: 60 | loss: 0.1686845
	speed: 0.0460s/iter; left time: 6248.5607s
Epoch: 60 cost time: 26.42353081703186
[2025-05-28 05:27:08] [32mIntermediate result: 0.17037505  (Index 59)[0m
Epoch: 60, Steps: 566 | Train Loss: 0.1656956 Vali Loss: 0.1460433 Test Loss: 0.1703750
EarlyStopping counter: 2 out of 20
Updating learning rate to 9.999999998662842e-05
	iters: 100, epoch: 61 | loss: 0.1506171
	speed: 0.2219s/iter; left time: 30124.3960s
	iters: 200, epoch: 61 | loss: 0.1451572
	speed: 0.0746s/iter; left time: 10118.8630s
	iters: 300, epoch: 61 | loss: 0.1602315
	speed: 0.0738s/iter; left time: 10005.2275s
	iters: 400, epoch: 61 | loss: 0.1635393
	speed: 0.0747s/iter; left time: 10116.7911s
	iters: 500, epoch: 61 | loss: 0.1643894
	speed: 0.0740s/iter; left time: 10015.2051s
Epoch: 61 cost time: 42.9490122795105
[2025-05-28 05:28:04] [32mIntermediate result: 0.16873941  (Index 60)[0m
Epoch: 61, Steps: 566 | Train Loss: 0.1654130 Vali Loss: 0.1455980 Test Loss: 0.1687394
EarlyStopping counter: 3 out of 20
Updating learning rate to 9.999570124627006e-05
	iters: 100, epoch: 62 | loss: 0.1442144
	speed: 0.2314s/iter; left time: 31281.4330s
	iters: 200, epoch: 62 | loss: 0.1911998
	speed: 0.0444s/iter; left time: 5992.1899s
	iters: 300, epoch: 62 | loss: 0.1762076
	speed: 0.0446s/iter; left time: 6013.7170s
	iters: 400, epoch: 62 | loss: 0.1603361
	speed: 0.0452s/iter; left time: 6092.3394s
	iters: 500, epoch: 62 | loss: 0.1655843
	speed: 0.0450s/iter; left time: 6069.4189s
Epoch: 62 cost time: 26.24266290664673
[2025-05-28 05:28:42] [32mIntermediate result: 0.16941522  (Index 61)[0m
Epoch: 62, Steps: 566 | Train Loss: 0.1651289 Vali Loss: 0.1455227 Test Loss: 0.1694152
EarlyStopping counter: 4 out of 20
Updating learning rate to 9.99828360341507e-05
	iters: 100, epoch: 63 | loss: 0.1631216
	speed: 0.2381s/iter; left time: 32055.5596s
	iters: 200, epoch: 63 | loss: 0.1662955
	speed: 0.0738s/iter; left time: 9925.0047s
	iters: 300, epoch: 63 | loss: 0.1489988
	speed: 0.0740s/iter; left time: 9947.8082s
	iters: 400, epoch: 63 | loss: 0.1651276
	speed: 0.0734s/iter; left time: 9855.7870s
	iters: 500, epoch: 63 | loss: 0.1456435
	speed: 0.0737s/iter; left time: 9892.8702s
Epoch: 63 cost time: 42.67943572998047
[2025-05-28 05:29:38] [32mIntermediate result: 0.16850828  (Index 62)[0m
Epoch: 63, Steps: 566 | Train Loss: 0.1649636 Vali Loss: 0.1450691 Test Loss: 0.1685083
EarlyStopping counter: 5 out of 20
Updating learning rate to 9.99614065546582e-05
	iters: 100, epoch: 64 | loss: 0.1597789
	speed: 0.2303s/iter; left time: 30870.8948s
	iters: 200, epoch: 64 | loss: 0.1572359
	speed: 0.0445s/iter; left time: 5961.4535s
	iters: 300, epoch: 64 | loss: 0.1682996
	speed: 0.0446s/iter; left time: 5971.3128s
	iters: 400, epoch: 64 | loss: 0.1738089
	speed: 0.0454s/iter; left time: 6071.7223s
	iters: 500, epoch: 64 | loss: 0.1684018
	speed: 0.0446s/iter; left time: 5965.9965s
Epoch: 64 cost time: 26.12791609764099
[2025-05-28 05:30:15] [32mIntermediate result: 0.1697086  (Index 63)[0m
Epoch: 64, Steps: 566 | Train Loss: 0.1648538 Vali Loss: 0.1454852 Test Loss: 0.1697086
EarlyStopping counter: 6 out of 20
Updating learning rate to 9.993141647962354e-05
	iters: 100, epoch: 65 | loss: 0.1586536
	speed: 0.2137s/iter; left time: 28529.3709s
	iters: 200, epoch: 65 | loss: 0.1478751
	speed: 0.0757s/iter; left time: 10092.0234s
	iters: 300, epoch: 65 | loss: 0.1533136
	speed: 0.0755s/iter; left time: 10062.5186s
	iters: 400, epoch: 65 | loss: 0.1832290
	speed: 0.0747s/iter; left time: 9949.2542s
	iters: 500, epoch: 65 | loss: 0.1869521
	speed: 0.0759s/iter; left time: 10105.8453s
Epoch: 65 cost time: 42.77865719795227
[2025-05-28 05:31:11] [32mIntermediate result: 0.16936515  (Index 64)[0m
Epoch: 65, Steps: 566 | Train Loss: 0.1644308 Vali Loss: 0.1451296 Test Loss: 0.1693652
EarlyStopping counter: 7 out of 20
Updating learning rate to 9.989287094769172e-05
	iters: 100, epoch: 66 | loss: 0.1665552
	speed: 0.2319s/iter; left time: 30817.2858s
	iters: 200, epoch: 66 | loss: 0.1548471
	speed: 0.0447s/iter; left time: 5931.1082s
	iters: 300, epoch: 66 | loss: 0.1649224
	speed: 0.0449s/iter; left time: 5960.9451s
	iters: 400, epoch: 66 | loss: 0.1828661
	speed: 0.0446s/iter; left time: 5918.5052s
	iters: 500, epoch: 66 | loss: 0.1564353
	speed: 0.0456s/iter; left time: 6037.8220s
Epoch: 66 cost time: 26.266841650009155
[2025-05-28 05:31:48] [32mIntermediate result: 0.1693566  (Index 65)[0m
Epoch: 66, Steps: 566 | Train Loss: 0.1642386 Vali Loss: 0.1441711 Test Loss: 0.1693566
Validation loss decreased (0.145064 --> 0.144171).  Saving model ...
Updating learning rate to 9.984577656344117e-05
	iters: 100, epoch: 67 | loss: 0.1639852
	speed: 0.2084s/iter; left time: 27584.3814s
	iters: 200, epoch: 67 | loss: 0.1534853
	speed: 0.0748s/iter; left time: 9897.6357s
	iters: 300, epoch: 67 | loss: 0.1632927
	speed: 0.0752s/iter; left time: 9931.7665s
	iters: 400, epoch: 67 | loss: 0.1769031
	speed: 0.0753s/iter; left time: 9948.1153s
	iters: 500, epoch: 67 | loss: 0.1674705
	speed: 0.0741s/iter; left time: 9774.6438s
Epoch: 67 cost time: 41.29255652427673
[2025-05-28 05:32:43] [32mIntermediate result: 0.1706861  (Index 66)[0m
Epoch: 67, Steps: 566 | Train Loss: 0.1641118 Vali Loss: 0.1449829 Test Loss: 0.1706861
EarlyStopping counter: 1 out of 20
Updating learning rate to 9.979014139625222e-05
	iters: 100, epoch: 68 | loss: 0.1561220
	speed: 0.2348s/iter; left time: 30944.4100s
	iters: 200, epoch: 68 | loss: 0.1624100
	speed: 0.0447s/iter; left time: 5885.9647s
	iters: 300, epoch: 68 | loss: 0.1715628
	speed: 0.0440s/iter; left time: 5791.7599s
	iters: 400, epoch: 68 | loss: 0.1665373
	speed: 0.0442s/iter; left time: 5816.2950s
	iters: 500, epoch: 68 | loss: 0.1767058
	speed: 0.0439s/iter; left time: 5772.3739s
Epoch: 68 cost time: 25.913130521774292
[2025-05-28 05:33:19] [32mIntermediate result: 0.16884257  (Index 67)[0m
Epoch: 68, Steps: 566 | Train Loss: 0.1638270 Vali Loss: 0.1443904 Test Loss: 0.1688426
EarlyStopping counter: 2 out of 20
Updating learning rate to 9.972597497892431e-05
	iters: 100, epoch: 69 | loss: 0.1637656
	speed: 0.1845s/iter; left time: 24211.9498s
	iters: 200, epoch: 69 | loss: 0.1541319
	speed: 0.0528s/iter; left time: 6925.9921s
	iters: 300, epoch: 69 | loss: 0.1808586
	speed: 0.0745s/iter; left time: 9755.3193s
	iters: 400, epoch: 69 | loss: 0.1686820
	speed: 0.0738s/iter; left time: 9662.9670s
	iters: 500, epoch: 69 | loss: 0.1720823
	speed: 0.0735s/iter; left time: 9620.0748s
Epoch: 69 cost time: 37.79804253578186
[2025-05-28 05:34:10] [32mIntermediate result: 0.16775373  (Index 68)[0m
Epoch: 69, Steps: 566 | Train Loss: 0.1637288 Vali Loss: 0.1437587 Test Loss: 0.1677537
Validation loss decreased (0.144171 --> 0.143759).  Saving model ...
Updating learning rate to 9.965328830604277e-05
	iters: 100, epoch: 70 | loss: 0.1567340
	speed: 0.2578s/iter; left time: 33677.4456s
	iters: 200, epoch: 70 | loss: 0.1637948
	speed: 0.0454s/iter; left time: 5927.1954s
	iters: 300, epoch: 70 | loss: 0.1506910
	speed: 0.0450s/iter; left time: 5875.0716s
	iters: 400, epoch: 70 | loss: 0.1476328
	speed: 0.0457s/iter; left time: 5952.3961s
	iters: 500, epoch: 70 | loss: 0.1553239
	speed: 0.0447s/iter; left time: 5820.5873s
Epoch: 70 cost time: 28.30007243156433
[2025-05-28 05:34:50] [32mIntermediate result: 0.16953799  (Index 69)[0m
Epoch: 70, Steps: 566 | Train Loss: 0.1633704 Vali Loss: 0.1445755 Test Loss: 0.1695380
EarlyStopping counter: 1 out of 20
Updating learning rate to 9.957209383209479e-05
	iters: 100, epoch: 71 | loss: 0.1580187
	speed: 0.1916s/iter; left time: 24929.6545s
	iters: 200, epoch: 71 | loss: 0.1639581
	speed: 0.0450s/iter; left time: 5848.8193s
	iters: 300, epoch: 71 | loss: 0.1495431
	speed: 0.0742s/iter; left time: 9633.2488s
	iters: 400, epoch: 71 | loss: 0.1633595
	speed: 0.0732s/iter; left time: 9494.2253s
	iters: 500, epoch: 71 | loss: 0.1618435
	speed: 0.0733s/iter; left time: 9500.7006s
Epoch: 71 cost time: 36.845210313797
[2025-05-28 05:35:40] [32mIntermediate result: 0.1686793  (Index 70)[0m
Epoch: 71, Steps: 566 | Train Loss: 0.1632400 Vali Loss: 0.1446374 Test Loss: 0.1686793
EarlyStopping counter: 2 out of 20
Updating learning rate to 9.948240546933548e-05
	iters: 100, epoch: 72 | loss: 0.1696963
	speed: 0.2635s/iter; left time: 34131.1135s
	iters: 200, epoch: 72 | loss: 0.1697511
	speed: 0.0521s/iter; left time: 6748.2976s
	iters: 300, epoch: 72 | loss: 0.1612290
	speed: 0.0446s/iter; left time: 5764.0730s
	iters: 400, epoch: 72 | loss: 0.1916349
	speed: 0.0449s/iter; left time: 5800.6925s
	iters: 500, epoch: 72 | loss: 0.1599728
	speed: 0.0454s/iter; left time: 5865.0624s
Epoch: 72 cost time: 29.862308740615845
[2025-05-28 05:36:20] [32mIntermediate result: 0.16855834  (Index 71)[0m
Epoch: 72, Steps: 566 | Train Loss: 0.1632320 Vali Loss: 0.1433484 Test Loss: 0.1685583
Validation loss decreased (0.143759 --> 0.143348).  Saving model ...
Updating learning rate to 9.93842385854041e-05
	iters: 100, epoch: 73 | loss: 0.1573842
	speed: 0.1911s/iter; left time: 24647.6228s
	iters: 200, epoch: 73 | loss: 0.1506345
	speed: 0.0450s/iter; left time: 5800.7204s
	iters: 300, epoch: 73 | loss: 0.1641523
	speed: 0.0496s/iter; left time: 6389.7353s
	iters: 400, epoch: 73 | loss: 0.1504680
	speed: 0.0740s/iter; left time: 9519.9516s
	iters: 500, epoch: 73 | loss: 0.1371439
	speed: 0.0735s/iter; left time: 9452.4932s
Epoch: 73 cost time: 34.57845902442932
[2025-05-28 05:37:08] [32mIntermediate result: 0.16777132  (Index 72)[0m
Epoch: 73, Steps: 566 | Train Loss: 0.1629272 Vali Loss: 0.1437244 Test Loss: 0.1677713
EarlyStopping counter: 1 out of 20
Updating learning rate to 9.927761000069082e-05
	iters: 100, epoch: 74 | loss: 0.1580867
	speed: 0.2620s/iter; left time: 33635.3231s
	iters: 200, epoch: 74 | loss: 0.1649190
	speed: 0.0730s/iter; left time: 9370.5778s
	iters: 300, epoch: 74 | loss: 0.1706349
	speed: 0.0450s/iter; left time: 5769.9363s
	iters: 400, epoch: 74 | loss: 0.1610993
	speed: 0.0440s/iter; left time: 5639.1899s
	iters: 500, epoch: 74 | loss: 0.1795110
	speed: 0.0434s/iter; left time: 5558.4206s
Epoch: 74 cost time: 31.706358671188354
[2025-05-28 05:37:50] [32mIntermediate result: 0.16823931  (Index 73)[0m
Epoch: 74, Steps: 566 | Train Loss: 0.1627546 Vali Loss: 0.1441093 Test Loss: 0.1682393
EarlyStopping counter: 2 out of 20
Updating learning rate to 9.916253798545473e-05
	iters: 100, epoch: 75 | loss: 0.1451393
	speed: 0.1856s/iter; left time: 23722.5084s
	iters: 200, epoch: 75 | loss: 0.1488781
	speed: 0.0449s/iter; left time: 5738.3373s
	iters: 300, epoch: 75 | loss: 0.1623113
	speed: 0.0446s/iter; left time: 5696.0403s
	iters: 400, epoch: 75 | loss: 0.1740208
	speed: 0.0490s/iter; left time: 6254.4826s
	iters: 500, epoch: 75 | loss: 0.1770907
	speed: 0.0740s/iter; left time: 9433.3860s
Epoch: 75 cost time: 31.503607511520386
[2025-05-28 05:38:35] [32mIntermediate result: 0.16739804  (Index 74)[0m
Epoch: 75, Steps: 566 | Train Loss: 0.1625309 Vali Loss: 0.1428669 Test Loss: 0.1673980
Validation loss decreased (0.143348 --> 0.142867).  Saving model ...
Updating learning rate to 9.903904225669325e-05
	iters: 100, epoch: 76 | loss: 0.1558989
	speed: 0.2668s/iter; left time: 33952.7185s
	iters: 200, epoch: 76 | loss: 0.1618836
	speed: 0.0747s/iter; left time: 9503.7329s
	iters: 300, epoch: 76 | loss: 0.1584549
	speed: 0.0721s/iter; left time: 9164.6825s
	iters: 400, epoch: 76 | loss: 0.1528272
	speed: 0.0462s/iter; left time: 5869.4601s
	iters: 500, epoch: 76 | loss: 0.1501098
	speed: 0.0452s/iter; left time: 5737.4036s
Epoch: 76 cost time: 35.178459882736206
[2025-05-28 05:39:20] [32mIntermediate result: 0.16741912  (Index 75)[0m
Epoch: 76, Steps: 566 | Train Loss: 0.1623919 Vali Loss: 0.1436902 Test Loss: 0.1674191
EarlyStopping counter: 1 out of 20
Updating learning rate to 9.890714397476372e-05
	iters: 100, epoch: 77 | loss: 0.1527668
	speed: 0.1861s/iter; left time: 23570.4797s
	iters: 200, epoch: 77 | loss: 0.1731214
	speed: 0.0445s/iter; left time: 5629.9650s
	iters: 300, epoch: 77 | loss: 0.1628100
	speed: 0.0448s/iter; left time: 5664.4156s
	iters: 400, epoch: 77 | loss: 0.1704785
	speed: 0.0441s/iter; left time: 5573.4505s
	iters: 500, epoch: 77 | loss: 0.1807813
	speed: 0.0584s/iter; left time: 7377.2491s
Epoch: 77 cost time: 29.223684549331665
[2025-05-28 05:40:03] [32mIntermediate result: 0.16745256  (Index 76)[0m
Epoch: 77, Steps: 566 | Train Loss: 0.1622901 Vali Loss: 0.1436130 Test Loss: 0.1674526
EarlyStopping counter: 2 out of 20
Updating learning rate to 9.876686573975776e-05
	iters: 100, epoch: 78 | loss: 0.1564948
	speed: 0.2646s/iter; left time: 33365.6194s
	iters: 200, epoch: 78 | loss: 0.1724420
	speed: 0.0703s/iter; left time: 8856.8219s
	iters: 300, epoch: 78 | loss: 0.1552579
	speed: 0.0727s/iter; left time: 9150.4913s
	iters: 400, epoch: 78 | loss: 0.1652834
	speed: 0.0679s/iter; left time: 8543.2210s
	iters: 500, epoch: 78 | loss: 0.1477660
	speed: 0.0456s/iter; left time: 5727.9704s
Epoch: 78 cost time: 36.594372510910034
[2025-05-28 05:40:50] [32mIntermediate result: 0.16669913  (Index 77)[0m
Epoch: 78, Steps: 566 | Train Loss: 0.1621357 Vali Loss: 0.1425809 Test Loss: 0.1666991
Validation loss decreased (0.142867 --> 0.142581).  Saving model ...
Updating learning rate to 9.861823158762876e-05
	iters: 100, epoch: 79 | loss: 0.1446598
	speed: 0.1897s/iter; left time: 23812.6470s
	iters: 200, epoch: 79 | loss: 0.1637249
	speed: 0.0451s/iter; left time: 5658.3110s
	iters: 300, epoch: 79 | loss: 0.1519196
	speed: 0.0451s/iter; left time: 5656.4089s
	iters: 400, epoch: 79 | loss: 0.1472478
	speed: 0.0446s/iter; left time: 5586.0390s
	iters: 500, epoch: 79 | loss: 0.1801469
	speed: 0.0446s/iter; left time: 5578.1095s
Epoch: 79 cost time: 27.492724895477295
[2025-05-28 05:41:31] [32mIntermediate result: 0.16849634  (Index 78)[0m
Epoch: 79, Steps: 566 | Train Loss: 0.1620443 Vali Loss: 0.1445281 Test Loss: 0.1684963
EarlyStopping counter: 1 out of 20
Updating learning rate to 9.846126698607354e-05
	iters: 100, epoch: 80 | loss: 0.1576809
	speed: 0.2568s/iter; left time: 32100.1893s
	iters: 200, epoch: 80 | loss: 0.1522699
	speed: 0.0740s/iter; left time: 9240.4161s
	iters: 300, epoch: 80 | loss: 0.1365822
	speed: 0.0735s/iter; left time: 9175.0079s
	iters: 400, epoch: 80 | loss: 0.1666629
	speed: 0.0736s/iter; left time: 9181.9371s
	iters: 500, epoch: 80 | loss: 0.1619918
	speed: 0.0558s/iter; left time: 6950.6856s
Epoch: 80 cost time: 38.83249807357788
[2025-05-28 05:42:22] [32mIntermediate result: 0.16617262  (Index 79)[0m
Epoch: 80, Steps: 566 | Train Loss: 0.1617343 Vali Loss: 0.1424989 Test Loss: 0.1661726
Validation loss decreased (0.142581 --> 0.142499).  Saving model ...
Updating learning rate to 9.829599883016851e-05
	iters: 100, epoch: 81 | loss: 0.1729212
	speed: 0.1988s/iter; left time: 24733.2121s
	iters: 200, epoch: 81 | loss: 0.1621476
	speed: 0.0455s/iter; left time: 5657.4985s
	iters: 300, epoch: 81 | loss: 0.1534868
	speed: 0.0459s/iter; left time: 5703.3416s
	iters: 400, epoch: 81 | loss: 0.1566726
	speed: 0.0455s/iter; left time: 5650.1185s
	iters: 500, epoch: 81 | loss: 0.1576468
	speed: 0.0444s/iter; left time: 5512.2017s
Epoch: 81 cost time: 26.491698503494263
[2025-05-28 05:43:02] [32mIntermediate result: 0.1679891  (Index 80)[0m
Epoch: 81, Steps: 566 | Train Loss: 0.1616368 Vali Loss: 0.1445715 Test Loss: 0.1679891
EarlyStopping counter: 1 out of 20
Updating learning rate to 9.812245543776139e-05
	iters: 100, epoch: 82 | loss: 0.1661958
	speed: 0.2476s/iter; left time: 30663.5480s
	iters: 200, epoch: 82 | loss: 0.1703277
	speed: 0.0743s/iter; left time: 9189.8957s
	iters: 300, epoch: 82 | loss: 0.1746842
	speed: 0.0740s/iter; left time: 9147.6455s
	iters: 400, epoch: 82 | loss: 0.1767681
	speed: 0.0737s/iter; left time: 9103.8391s
	iters: 500, epoch: 82 | loss: 0.1599749
	speed: 0.0731s/iter; left time: 9023.7166s
Epoch: 82 cost time: 40.62277293205261
[2025-05-28 05:43:52] [32mIntermediate result: 0.16758709  (Index 81)[0m
Epoch: 82, Steps: 566 | Train Loss: 0.1615548 Vali Loss: 0.1430593 Test Loss: 0.1675871
EarlyStopping counter: 2 out of 20
Updating learning rate to 9.794066654461903e-05
	iters: 100, epoch: 83 | loss: 0.1714766
	speed: 0.1770s/iter; left time: 21818.2548s
	iters: 200, epoch: 83 | loss: 0.1665266
	speed: 0.0448s/iter; left time: 5516.0644s
	iters: 300, epoch: 83 | loss: 0.1428528
	speed: 0.0456s/iter; left time: 5610.1341s
	iters: 400, epoch: 83 | loss: 0.1744427
	speed: 0.0446s/iter; left time: 5490.1278s
	iters: 500, epoch: 83 | loss: 0.1568297
	speed: 0.0456s/iter; left time: 5605.8467s
Epoch: 83 cost time: 26.46099877357483
[2025-05-28 05:44:29] [32mIntermediate result: 0.1669041  (Index 82)[0m
Epoch: 83, Steps: 566 | Train Loss: 0.1613865 Vali Loss: 0.1426092 Test Loss: 0.1669041
EarlyStopping counter: 3 out of 20
Updating learning rate to 9.775066329933247e-05
	iters: 100, epoch: 84 | loss: 0.1675804
	speed: 0.2242s/iter; left time: 27519.6297s
	iters: 200, epoch: 84 | loss: 0.1533940
	speed: 0.0745s/iter; left time: 9131.1232s
	iters: 300, epoch: 84 | loss: 0.1607353
	speed: 0.0740s/iter; left time: 9071.2407s
	iters: 400, epoch: 84 | loss: 0.1553318
	speed: 0.0745s/iter; left time: 9118.1438s
	iters: 500, epoch: 84 | loss: 0.1389577
	speed: 0.0726s/iter; left time: 8886.4937s
Epoch: 84 cost time: 42.46717715263367
[2025-05-28 05:45:23] [32mIntermediate result: 0.16752861  (Index 83)[0m
Epoch: 84, Steps: 566 | Train Loss: 0.1611075 Vali Loss: 0.1418473 Test Loss: 0.1675286
Validation loss decreased (0.142499 --> 0.141847).  Saving model ...
Updating learning rate to 9.755247825797961e-05
	iters: 100, epoch: 85 | loss: 0.1513984
	speed: 0.2139s/iter; left time: 26127.5246s
	iters: 200, epoch: 85 | loss: 0.1603307
	speed: 0.0452s/iter; left time: 5515.5129s
	iters: 300, epoch: 85 | loss: 0.1582418
	speed: 0.0455s/iter; left time: 5544.6421s
	iters: 400, epoch: 85 | loss: 0.1543915
	speed: 0.0449s/iter; left time: 5474.0690s
	iters: 500, epoch: 85 | loss: 0.1613282
	speed: 0.0455s/iter; left time: 5543.2028s
Epoch: 85 cost time: 26.461790800094604
[2025-05-28 05:46:00] [32mIntermediate result: 0.16763325  (Index 84)[0m
Epoch: 85, Steps: 566 | Train Loss: 0.1611215 Vali Loss: 0.1428591 Test Loss: 0.1676333
EarlyStopping counter: 1 out of 20
Updating learning rate to 9.734614537854706e-05
	iters: 100, epoch: 86 | loss: 0.1531883
	speed: 0.2182s/iter; left time: 26528.6462s
	iters: 200, epoch: 86 | loss: 0.1459023
	speed: 0.0718s/iter; left time: 8725.6866s
	iters: 300, epoch: 86 | loss: 0.1978040
	speed: 0.0716s/iter; left time: 8697.0785s
	iters: 400, epoch: 86 | loss: 0.1741897
	speed: 0.0721s/iter; left time: 8740.0173s
	iters: 500, epoch: 86 | loss: 0.1544654
	speed: 0.0720s/iter; left time: 8725.2213s
Epoch: 86 cost time: 41.827667474746704
[2025-05-28 05:46:55] [32mIntermediate result: 0.16729611  (Index 85)[0m
Epoch: 86, Steps: 566 | Train Loss: 0.1608498 Vali Loss: 0.1420450 Test Loss: 0.1672961
EarlyStopping counter: 2 out of 20
Updating learning rate to 9.713170001511148e-05
	iters: 100, epoch: 87 | loss: 0.1681307
	speed: 0.2282s/iter; left time: 27614.3685s
	iters: 200, epoch: 87 | loss: 0.1647218
	speed: 0.0441s/iter; left time: 5337.2230s
	iters: 300, epoch: 87 | loss: 0.1550601
	speed: 0.0455s/iter; left time: 5501.1302s
	iters: 400, epoch: 87 | loss: 0.1724827
	speed: 0.0441s/iter; left time: 5329.1613s
	iters: 500, epoch: 87 | loss: 0.1509641
	speed: 0.0453s/iter; left time: 5458.9753s
Epoch: 87 cost time: 26.320111989974976
[2025-05-28 05:47:31] [32mIntermediate result: 0.16692434  (Index 86)[0m
Epoch: 87, Steps: 566 | Train Loss: 0.1606999 Vali Loss: 0.1429346 Test Loss: 0.1669243
EarlyStopping counter: 3 out of 20
Updating learning rate to 9.690917891178195e-05
	iters: 100, epoch: 88 | loss: 0.1529104
	speed: 0.1992s/iter; left time: 23997.2879s
	iters: 200, epoch: 88 | loss: 0.1721686
	speed: 0.0745s/iter; left time: 8964.0203s
	iters: 300, epoch: 88 | loss: 0.1513194
	speed: 0.0737s/iter; left time: 8864.5567s
	iters: 400, epoch: 88 | loss: 0.1692492
	speed: 0.0736s/iter; left time: 8842.8319s
	iters: 500, epoch: 88 | loss: 0.1596682
	speed: 0.0738s/iter; left time: 8858.4107s
Epoch: 88 cost time: 41.163087129592896
[2025-05-28 05:48:26] [32mIntermediate result: 0.16694944  (Index 87)[0m
Epoch: 88, Steps: 566 | Train Loss: 0.1604840 Vali Loss: 0.1414610 Test Loss: 0.1669494
Validation loss decreased (0.141847 --> 0.141461).  Saving model ...
Updating learning rate to 9.667862019640394e-05
	iters: 100, epoch: 89 | loss: 0.1622343
	speed: 0.2361s/iter; left time: 28307.5864s
	iters: 200, epoch: 89 | loss: 0.1774739
	speed: 0.0443s/iter; left time: 5309.6904s
	iters: 300, epoch: 89 | loss: 0.1611201
	speed: 0.0446s/iter; left time: 5337.6543s
	iters: 400, epoch: 89 | loss: 0.1891072
	speed: 0.0450s/iter; left time: 5379.5953s
	iters: 500, epoch: 89 | loss: 0.1650784
	speed: 0.0441s/iter; left time: 5265.2099s
Epoch: 89 cost time: 26.039616584777832
[2025-05-28 05:49:02] [32mIntermediate result: 0.16634294  (Index 88)[0m
Epoch: 89, Steps: 566 | Train Loss: 0.1604221 Vali Loss: 0.1419317 Test Loss: 0.1663429
EarlyStopping counter: 1 out of 20
Updating learning rate to 9.644006337402646e-05
	iters: 100, epoch: 90 | loss: 0.1591929
	speed: 0.1962s/iter; left time: 23406.6642s
	iters: 200, epoch: 90 | loss: 0.1599998
	speed: 0.0749s/iter; left time: 8933.2772s
	iters: 300, epoch: 90 | loss: 0.1681895
	speed: 0.0735s/iter; left time: 8750.7177s
	iters: 400, epoch: 90 | loss: 0.1603038
	speed: 0.0740s/iter; left time: 8809.8555s
	iters: 500, epoch: 90 | loss: 0.1550348
	speed: 0.0736s/iter; left time: 8756.5178s
Epoch: 90 cost time: 40.55635213851929
[2025-05-28 05:49:55] [32mIntermediate result: 0.16747624  (Index 89)[0m
Epoch: 90, Steps: 566 | Train Loss: 0.1602186 Vali Loss: 0.1426752 Test Loss: 0.1674762
EarlyStopping counter: 2 out of 20
Updating learning rate to 9.619354932013291e-05
	iters: 100, epoch: 91 | loss: 0.1634455
	speed: 0.2298s/iter; left time: 27296.6939s
	iters: 200, epoch: 91 | loss: 0.1616962
	speed: 0.0449s/iter; left time: 5330.5581s
	iters: 300, epoch: 91 | loss: 0.1666418
	speed: 0.0440s/iter; left time: 5217.1601s
	iters: 400, epoch: 91 | loss: 0.1602451
	speed: 0.0449s/iter; left time: 5324.4496s
	iters: 500, epoch: 91 | loss: 0.1376912
	speed: 0.0442s/iter; left time: 5230.0299s
Epoch: 91 cost time: 26.3405122756958
[2025-05-28 05:50:33] [32mIntermediate result: 0.16703372  (Index 90)[0m
Epoch: 91, Steps: 566 | Train Loss: 0.1600523 Vali Loss: 0.1422890 Test Loss: 0.1670337
EarlyStopping counter: 3 out of 20
Updating learning rate to 9.593912027363737e-05
	iters: 100, epoch: 92 | loss: 0.1537337
	speed: 0.1942s/iter; left time: 22949.4825s
	iters: 200, epoch: 92 | loss: 0.1595272
	speed: 0.0676s/iter; left time: 7986.7561s
	iters: 300, epoch: 92 | loss: 0.1579265
	speed: 0.0735s/iter; left time: 8674.6303s
	iters: 400, epoch: 92 | loss: 0.1676257
	speed: 0.0741s/iter; left time: 8736.8080s
	iters: 500, epoch: 92 | loss: 0.1607778
	speed: 0.0737s/iter; left time: 8682.9338s
Epoch: 92 cost time: 39.04112935066223
[2025-05-28 05:51:25] [32mIntermediate result: 0.16754022  (Index 91)[0m
Epoch: 92, Steps: 566 | Train Loss: 0.1601210 Vali Loss: 0.1420201 Test Loss: 0.1675402
EarlyStopping counter: 4 out of 20
Updating learning rate to 9.567681982964715e-05
	iters: 100, epoch: 93 | loss: 0.1555900
	speed: 0.2410s/iter; left time: 28351.6733s
	iters: 200, epoch: 93 | loss: 0.1547318
	speed: 0.0441s/iter; left time: 5177.5615s
	iters: 300, epoch: 93 | loss: 0.1552627
	speed: 0.0445s/iter; left time: 5230.1681s
	iters: 400, epoch: 93 | loss: 0.1472768
	speed: 0.0450s/iter; left time: 5280.2313s
	iters: 500, epoch: 93 | loss: 0.1625560
	speed: 0.0447s/iter; left time: 5236.7662s
Epoch: 93 cost time: 26.93331003189087
[2025-05-28 05:52:02] [32mIntermediate result: 0.16629452  (Index 92)[0m
Epoch: 93, Steps: 566 | Train Loss: 0.1598248 Vali Loss: 0.1418584 Test Loss: 0.1662945
EarlyStopping counter: 5 out of 20
Updating learning rate to 9.540669293199298e-05
	iters: 100, epoch: 94 | loss: 0.1554454
	speed: 0.1862s/iter; left time: 21800.7060s
	iters: 200, epoch: 94 | loss: 0.1513428
	speed: 0.0443s/iter; left time: 5186.1475s
	iters: 300, epoch: 94 | loss: 0.1596990
	speed: 0.0739s/iter; left time: 8637.3293s
	iters: 400, epoch: 94 | loss: 0.1689447
	speed: 0.0733s/iter; left time: 8559.3305s
	iters: 500, epoch: 94 | loss: 0.1721689
	speed: 0.0733s/iter; left time: 8550.2866s
Epoch: 94 cost time: 36.68983745574951
[2025-05-28 05:52:52] [32mIntermediate result: 0.16670081  (Index 93)[0m
Epoch: 94, Steps: 566 | Train Loss: 0.1597036 Vali Loss: 0.1421197 Test Loss: 0.1667008
EarlyStopping counter: 6 out of 20
Updating learning rate to 9.51287858655282e-05
	iters: 100, epoch: 95 | loss: 0.1549251
	speed: 0.2639s/iter; left time: 30744.7314s
	iters: 200, epoch: 95 | loss: 0.1436877
	speed: 0.0529s/iter; left time: 6156.7880s
	iters: 300, epoch: 95 | loss: 0.1546490
	speed: 0.0447s/iter; left time: 5200.3730s
	iters: 400, epoch: 95 | loss: 0.1650303
	speed: 0.0446s/iter; left time: 5188.1727s
	iters: 500, epoch: 95 | loss: 0.1794851
	speed: 0.0445s/iter; left time: 5162.6155s
Epoch: 95 cost time: 29.68061137199402
[2025-05-28 05:53:33] [32mIntermediate result: 0.16649097  (Index 94)[0m
Epoch: 95, Steps: 566 | Train Loss: 0.1595970 Vali Loss: 0.1431316 Test Loss: 0.1664910
EarlyStopping counter: 7 out of 20
Updating learning rate to 9.484314624819795e-05
	iters: 100, epoch: 96 | loss: 0.1567839
	speed: 0.1943s/iter; left time: 22528.2212s
	iters: 200, epoch: 96 | loss: 0.1575050
	speed: 0.0450s/iter; left time: 5208.7306s
	iters: 300, epoch: 96 | loss: 0.1606965
	speed: 0.0525s/iter; left time: 6070.3701s
	iters: 400, epoch: 96 | loss: 0.1487324
	speed: 0.0713s/iter; left time: 8240.5815s
	iters: 500, epoch: 96 | loss: 0.1744468
	speed: 0.0733s/iter; left time: 8471.9165s
Epoch: 96 cost time: 34.47830414772034
[2025-05-28 05:54:21] [32mIntermediate result: 0.16616876  (Index 95)[0m
Epoch: 96, Steps: 566 | Train Loss: 0.1593855 Vali Loss: 0.1415287 Test Loss: 0.1661688
EarlyStopping counter: 8 out of 20
Updating learning rate to 9.454982302288019e-05
	iters: 100, epoch: 97 | loss: 0.1757434
	speed: 0.2647s/iter; left time: 30539.2032s
	iters: 200, epoch: 97 | loss: 0.1581070
	speed: 0.0738s/iter; left time: 8508.5421s
	iters: 300, epoch: 97 | loss: 0.1500820
	speed: 0.0480s/iter; left time: 5525.1154s
	iters: 400, epoch: 97 | loss: 0.1609382
	speed: 0.0447s/iter; left time: 5145.6548s
	iters: 500, epoch: 97 | loss: 0.1674052
	speed: 0.0440s/iter; left time: 5054.9374s
Epoch: 97 cost time: 32.0191388130188
[2025-05-28 05:55:04] [32mIntermediate result: 0.16720733  (Index 96)[0m
Epoch: 97, Steps: 566 | Train Loss: 0.1591252 Vali Loss: 0.1423869 Test Loss: 0.1672073
EarlyStopping counter: 9 out of 20
Updating learning rate to 9.424886644899954e-05
	iters: 100, epoch: 98 | loss: 0.1655040
	speed: 0.1887s/iter; left time: 21660.4724s
	iters: 200, epoch: 98 | loss: 0.1727558
	speed: 0.0445s/iter; left time: 5100.8502s
	iters: 300, epoch: 98 | loss: 0.1616033
	speed: 0.0451s/iter; left time: 5166.4455s
	iters: 400, epoch: 98 | loss: 0.1568117
	speed: 0.0544s/iter; left time: 6226.9999s
	iters: 500, epoch: 98 | loss: 0.1497132
	speed: 0.0740s/iter; left time: 8470.9121s
Epoch: 98 cost time: 32.162962913513184
[2025-05-28 05:55:49] [32mIntermediate result: 0.16677757  (Index 97)[0m
Epoch: 98, Steps: 566 | Train Loss: 0.1591450 Vali Loss: 0.1421700 Test Loss: 0.1667776
EarlyStopping counter: 10 out of 20
Updating learning rate to 9.394032809391561e-05
	iters: 100, epoch: 99 | loss: 0.1701208
	speed: 0.2682s/iter; left time: 30631.8437s
	iters: 200, epoch: 99 | loss: 0.1450360
	speed: 0.0741s/iter; left time: 8455.8788s
	iters: 300, epoch: 99 | loss: 0.1442387
	speed: 0.0676s/iter; left time: 7713.6869s
	iters: 400, epoch: 99 | loss: 0.1636751
	speed: 0.0448s/iter; left time: 5103.6285s
	iters: 500, epoch: 99 | loss: 0.1676890
	speed: 0.0443s/iter; left time: 5039.4049s
Epoch: 99 cost time: 34.39523792266846
[2025-05-28 05:56:35] [32mIntermediate result: 0.16620754  (Index 98)[0m
Epoch: 99, Steps: 566 | Train Loss: 0.1589517 Vali Loss: 0.1415281 Test Loss: 0.1662075
EarlyStopping counter: 11 out of 20
Updating learning rate to 9.362426082408719e-05
	iters: 100, epoch: 100 | loss: 0.1370985
	speed: 0.1938s/iter; left time: 22029.9051s
	iters: 200, epoch: 100 | loss: 0.1448656
	speed: 0.0447s/iter; left time: 5075.9470s
	iters: 300, epoch: 100 | loss: 0.1837195
	speed: 0.0451s/iter; left time: 5121.5538s
	iters: 400, epoch: 100 | loss: 0.1465649
	speed: 0.0445s/iter; left time: 5045.6135s
	iters: 500, epoch: 100 | loss: 0.1632734
	speed: 0.0591s/iter; left time: 6694.7736s
Epoch: 100 cost time: 29.653963565826416
[2025-05-28 05:57:18] [32mIntermediate result: 0.16762896  (Index 99)[0m
Epoch: 100, Steps: 566 | Train Loss: 0.1587048 Vali Loss: 0.1425626 Test Loss: 0.1676290
EarlyStopping counter: 12 out of 20
Updating learning rate to 9.330071879601384e-05
	iters: 100, epoch: 101 | loss: 0.1613280
	speed: 0.2675s/iter; left time: 30259.4964s
	iters: 200, epoch: 101 | loss: 0.1428553
	speed: 0.0720s/iter; left time: 8141.3903s
	iters: 300, epoch: 101 | loss: 0.1805276
	speed: 0.0716s/iter; left time: 8085.2587s
	iters: 400, epoch: 101 | loss: 0.1463575
	speed: 0.0694s/iter; left time: 7826.1368s
	iters: 500, epoch: 101 | loss: 0.1852618
	speed: 0.0446s/iter; left time: 5025.1757s
Epoch: 101 cost time: 36.692163705825806
[2025-05-28 05:58:06] [32mIntermediate result: 0.16637784  (Index 100)[0m
Epoch: 101, Steps: 566 | Train Loss: 0.1587035 Vali Loss: 0.1416823 Test Loss: 0.1663778
EarlyStopping counter: 13 out of 20
Updating learning rate to 9.296975744695647e-05
	iters: 100, epoch: 102 | loss: 0.1603714
	speed: 0.1894s/iter; left time: 21312.7535s
	iters: 200, epoch: 102 | loss: 0.1446192
	speed: 0.0450s/iter; left time: 5054.6463s
	iters: 300, epoch: 102 | loss: 0.1563835
	speed: 0.0443s/iter; left time: 4971.2528s
	iters: 400, epoch: 102 | loss: 0.1813554
	speed: 0.0451s/iter; left time: 5058.3319s
	iters: 500, epoch: 102 | loss: 0.1622582
	speed: 0.0445s/iter; left time: 4991.6911s
Epoch: 102 cost time: 26.81883144378662
[2025-05-28 05:58:47] [32mIntermediate result: 0.1658943  (Index 101)[0m
Epoch: 102, Steps: 566 | Train Loss: 0.1585982 Vali Loss: 0.1428314 Test Loss: 0.1658943
EarlyStopping counter: 14 out of 20
Updating learning rate to 9.263143348543845e-05
	iters: 100, epoch: 103 | loss: 0.1430205
	speed: 0.2660s/iter; left time: 29784.4162s
	iters: 200, epoch: 103 | loss: 0.1536236
	speed: 0.0740s/iter; left time: 8281.3739s
	iters: 300, epoch: 103 | loss: 0.1721433
	speed: 0.0738s/iter; left time: 8253.4411s
	iters: 400, epoch: 103 | loss: 0.1639932
	speed: 0.0733s/iter; left time: 8181.4425s
	iters: 500, epoch: 103 | loss: 0.1468545
	speed: 0.0512s/iter; left time: 5712.0449s
Epoch: 103 cost time: 38.307631492614746
[2025-05-28 05:59:37] [32mIntermediate result: 0.1679375  (Index 102)[0m
Epoch: 103, Steps: 566 | Train Loss: 0.1583086 Vali Loss: 0.1414634 Test Loss: 0.1679375
EarlyStopping counter: 15 out of 20
Updating learning rate to 9.22858048815289e-05
	iters: 100, epoch: 104 | loss: 0.1549744
	speed: 0.1913s/iter; left time: 21315.4076s
	iters: 200, epoch: 104 | loss: 0.1494021
	speed: 0.0450s/iter; left time: 5003.3661s
	iters: 300, epoch: 104 | loss: 0.1527420
	speed: 0.0455s/iter; left time: 5056.7028s
	iters: 400, epoch: 104 | loss: 0.1521552
	speed: 0.0449s/iter; left time: 4987.2853s
	iters: 500, epoch: 104 | loss: 0.1770820
	speed: 0.0451s/iter; left time: 5007.2616s
Epoch: 104 cost time: 26.33101201057434
[2025-05-28 06:00:17] [32mIntermediate result: 0.16585983  (Index 103)[0m
Epoch: 104, Steps: 566 | Train Loss: 0.1582667 Vali Loss: 0.1411730 Test Loss: 0.1658598
Validation loss decreased (0.141461 --> 0.141173).  Saving model ...
Updating learning rate to 9.193293085690978e-05
	iters: 100, epoch: 105 | loss: 0.1604451
	speed: 0.2518s/iter; left time: 27906.7243s
	iters: 200, epoch: 105 | loss: 0.1522119
	speed: 0.0754s/iter; left time: 8351.4118s
	iters: 300, epoch: 105 | loss: 0.1550643
	speed: 0.0752s/iter; left time: 8319.7164s
	iters: 400, epoch: 105 | loss: 0.1553394
	speed: 0.0757s/iter; left time: 8372.2902s
	iters: 500, epoch: 105 | loss: 0.1792540
	speed: 0.0629s/iter; left time: 6949.5587s
Epoch: 105 cost time: 40.28157114982605
[2025-05-28 06:01:08] [32mIntermediate result: 0.16528726  (Index 104)[0m
Epoch: 105, Steps: 566 | Train Loss: 0.1580641 Vali Loss: 0.1413857 Test Loss: 0.1652873
EarlyStopping counter: 1 out of 20
Updating learning rate to 9.157287187472862e-05
	iters: 100, epoch: 106 | loss: 0.1556408
	speed: 0.1931s/iter; left time: 21294.7179s
	iters: 200, epoch: 106 | loss: 0.1466133
	speed: 0.0459s/iter; left time: 5056.3986s
	iters: 300, epoch: 106 | loss: 0.1784039
	speed: 0.0453s/iter; left time: 4985.5342s
	iters: 400, epoch: 106 | loss: 0.1644891
	speed: 0.0447s/iter; left time: 4913.5312s
	iters: 500, epoch: 106 | loss: 0.1839552
	speed: 0.0448s/iter; left time: 4918.1252s
Epoch: 106 cost time: 26.379584074020386
[2025-05-28 06:01:49] [32mIntermediate result: 0.16682075  (Index 105)[0m
Epoch: 106, Steps: 566 | Train Loss: 0.1579859 Vali Loss: 0.1428870 Test Loss: 0.1668207
EarlyStopping counter: 2 out of 20
Updating learning rate to 9.120568962923842e-05
	iters: 100, epoch: 107 | loss: 0.1474499
	speed: 0.2614s/iter; left time: 28680.2821s
	iters: 200, epoch: 107 | loss: 0.1586899
	speed: 0.0743s/iter; left time: 8146.6881s
	iters: 300, epoch: 107 | loss: 0.1665509
	speed: 0.0745s/iter; left time: 8160.0953s
	iters: 400, epoch: 107 | loss: 0.1595304
	speed: 0.0749s/iter; left time: 8199.3775s
	iters: 500, epoch: 107 | loss: 0.1542070
	speed: 0.0624s/iter; left time: 6817.4268s
Epoch: 107 cost time: 39.84881639480591
[2025-05-28 06:02:39] [32mIntermediate result: 0.16657448  (Index 106)[0m
Epoch: 107, Steps: 566 | Train Loss: 0.1578030 Vali Loss: 0.1415973 Test Loss: 0.1665745
EarlyStopping counter: 3 out of 20
Updating learning rate to 9.083144703522669e-05
	iters: 100, epoch: 108 | loss: 0.1382698
	speed: 0.1832s/iter; left time: 19991.1370s
	iters: 200, epoch: 108 | loss: 0.1577003
	speed: 0.0447s/iter; left time: 4876.0355s
	iters: 300, epoch: 108 | loss: 0.1882813
	speed: 0.0455s/iter; left time: 4954.3326s
	iters: 400, epoch: 108 | loss: 0.1603058
	speed: 0.0450s/iter; left time: 4896.9298s
	iters: 500, epoch: 108 | loss: 0.1594065
	speed: 0.0448s/iter; left time: 4867.3395s
Epoch: 108 cost time: 26.276872396469116
[2025-05-28 06:03:19] [32mIntermediate result: 0.16578025  (Index 107)[0m
Epoch: 108, Steps: 566 | Train Loss: 0.1577074 Vali Loss: 0.1414497 Test Loss: 0.1657802
EarlyStopping counter: 4 out of 20
Updating learning rate to 9.045020821723533e-05
	iters: 100, epoch: 109 | loss: 0.1506895
	speed: 0.2489s/iter; left time: 27026.0198s
	iters: 200, epoch: 109 | loss: 0.1736114
	speed: 0.0743s/iter; left time: 8058.2961s
	iters: 300, epoch: 109 | loss: 0.1530767
	speed: 0.0741s/iter; left time: 8028.3809s
	iters: 400, epoch: 109 | loss: 0.1596768
	speed: 0.0746s/iter; left time: 8072.3486s
	iters: 500, epoch: 109 | loss: 0.1457581
	speed: 0.0710s/iter; left time: 7682.1625s
Epoch: 109 cost time: 40.53201603889465
[2025-05-28 06:04:10] [32mIntermediate result: 0.1658824  (Index 108)[0m
Epoch: 109, Steps: 566 | Train Loss: 0.1575685 Vali Loss: 0.1402863 Test Loss: 0.1658824
Validation loss decreased (0.141173 --> 0.140286).  Saving model ...
Updating learning rate to 9.006203849857312e-05
	iters: 100, epoch: 110 | loss: 0.1653178
	speed: 0.1812s/iter; left time: 19569.2908s
	iters: 200, epoch: 110 | loss: 0.1640498
	speed: 0.0450s/iter; left time: 4859.7368s
	iters: 300, epoch: 110 | loss: 0.1507115
	speed: 0.0442s/iter; left time: 4769.7467s
	iters: 400, epoch: 110 | loss: 0.1676174
	speed: 0.0445s/iter; left time: 4797.9344s
	iters: 500, epoch: 110 | loss: 0.1467204
	speed: 0.0450s/iter; left time: 4847.6885s
Epoch: 110 cost time: 26.1057870388031
[2025-05-28 06:04:48] [32mIntermediate result: 0.16707334  (Index 109)[0m
Epoch: 110, Steps: 566 | Train Loss: 0.1574425 Vali Loss: 0.1420520 Test Loss: 0.1670733
EarlyStopping counter: 1 out of 20
Updating learning rate to 8.966700439012312e-05
	iters: 100, epoch: 111 | loss: 0.1830127
	speed: 0.2393s/iter; left time: 25705.9708s
	iters: 200, epoch: 111 | loss: 0.1670542
	speed: 0.0747s/iter; left time: 8018.1731s
	iters: 300, epoch: 111 | loss: 0.1565969
	speed: 0.0746s/iter; left time: 7995.9558s
	iters: 400, epoch: 111 | loss: 0.1733534
	speed: 0.0742s/iter; left time: 7946.0273s
	iters: 500, epoch: 111 | loss: 0.1588235
	speed: 0.0743s/iter; left time: 7951.2719s
Epoch: 111 cost time: 42.35421180725098
[2025-05-28 06:05:41] [32mIntermediate result: 0.16765265  (Index 110)[0m
Epoch: 111, Steps: 566 | Train Loss: 0.1573571 Vali Loss: 0.1411011 Test Loss: 0.1676527
EarlyStopping counter: 2 out of 20
Updating learning rate to 8.926517357894613e-05
	iters: 100, epoch: 112 | loss: 0.1465082
	speed: 0.1969s/iter; left time: 21046.4782s
	iters: 200, epoch: 112 | loss: 0.1803598
	speed: 0.0444s/iter; left time: 4737.7832s
	iters: 300, epoch: 112 | loss: 0.1576750
	speed: 0.0447s/iter; left time: 4773.0874s
	iters: 400, epoch: 112 | loss: 0.1584392
	speed: 0.0446s/iter; left time: 4749.6064s
	iters: 500, epoch: 112 | loss: 0.1460779
	speed: 0.0449s/iter; left time: 4779.9421s
Epoch: 112 cost time: 26.056159019470215
[2025-05-28 06:06:19] [32mIntermediate result: 0.16608176  (Index 111)[0m
Epoch: 112, Steps: 566 | Train Loss: 0.1571786 Vali Loss: 0.1418760 Test Loss: 0.1660818
EarlyStopping counter: 3 out of 20
Updating learning rate to 8.885661491668301e-05
	iters: 100, epoch: 113 | loss: 0.1478623
	speed: 0.2279s/iter; left time: 24224.6979s
	iters: 200, epoch: 113 | loss: 0.1653761
	speed: 0.0742s/iter; left time: 7885.8625s
	iters: 300, epoch: 113 | loss: 0.1421110
	speed: 0.0743s/iter; left time: 7885.7104s
	iters: 400, epoch: 113 | loss: 0.1526762
	speed: 0.0745s/iter; left time: 7893.1737s
	iters: 500, epoch: 113 | loss: 0.1619962
	speed: 0.0740s/iter; left time: 7842.4218s
Epoch: 113 cost time: 42.70726799964905
[2025-05-28 06:07:13] [32mIntermediate result: 0.16580147  (Index 112)[0m
Epoch: 113, Steps: 566 | Train Loss: 0.1570714 Vali Loss: 0.1427443 Test Loss: 0.1658015
EarlyStopping counter: 4 out of 20
Updating learning rate to 8.84413984077573e-05
	iters: 100, epoch: 114 | loss: 0.1574127
	speed: 0.2133s/iter; left time: 22555.2133s
	iters: 200, epoch: 114 | loss: 0.1523189
	speed: 0.0458s/iter; left time: 4833.2829s
	iters: 300, epoch: 114 | loss: 0.1528403
	speed: 0.0454s/iter; left time: 4796.9007s
	iters: 400, epoch: 114 | loss: 0.1526126
	speed: 0.0453s/iter; left time: 4776.3069s
	iters: 500, epoch: 114 | loss: 0.1525691
	speed: 0.0440s/iter; left time: 4639.8940s
Epoch: 114 cost time: 26.387402057647705
[2025-05-28 06:07:51] [32mIntermediate result: 0.16561477  (Index 113)[0m
Epoch: 114, Steps: 566 | Train Loss: 0.1568792 Vali Loss: 0.1408589 Test Loss: 0.1656148
EarlyStopping counter: 5 out of 20
Updating learning rate to 8.801959519738025e-05
	iters: 100, epoch: 115 | loss: 0.1610480
	speed: 0.2358s/iter; left time: 24799.5248s
	iters: 200, epoch: 115 | loss: 0.1569775
	speed: 0.0748s/iter; left time: 7860.2344s
	iters: 300, epoch: 115 | loss: 0.1577381
	speed: 0.0740s/iter; left time: 7772.4140s
	iters: 400, epoch: 115 | loss: 0.1735004
	speed: 0.0750s/iter; left time: 7868.5578s
	iters: 500, epoch: 115 | loss: 0.1636519
	speed: 0.0749s/iter; left time: 7842.9850s
Epoch: 115 cost time: 43.18477749824524
[2025-05-28 06:08:44] [32mIntermediate result: 0.1681006  (Index 114)[0m
Epoch: 115, Steps: 566 | Train Loss: 0.1566811 Vali Loss: 0.1418087 Test Loss: 0.1681006
EarlyStopping counter: 6 out of 20
Updating learning rate to 8.75912775593605e-05
	iters: 100, epoch: 116 | loss: 0.1859530
	speed: 0.2015s/iter; left time: 21083.3267s
	iters: 200, epoch: 116 | loss: 0.1781245
	speed: 0.0454s/iter; left time: 4739.9995s
	iters: 300, epoch: 116 | loss: 0.1511959
	speed: 0.0447s/iter; left time: 4663.9903s
	iters: 400, epoch: 116 | loss: 0.1514412
	speed: 0.0453s/iter; left time: 4722.4700s
	iters: 500, epoch: 116 | loss: 0.1562914
	speed: 0.0450s/iter; left time: 4685.0488s
Epoch: 116 cost time: 26.364966869354248
[2025-05-28 06:09:22] [32mIntermediate result: 0.16580462  (Index 115)[0m
Epoch: 116, Steps: 566 | Train Loss: 0.1565379 Vali Loss: 0.1419907 Test Loss: 0.1658046
EarlyStopping counter: 7 out of 20
Updating learning rate to 8.715651888372038e-05
	iters: 100, epoch: 117 | loss: 0.1463726
	speed: 0.2218s/iter; left time: 23078.4551s
	iters: 200, epoch: 117 | loss: 0.1394773
	speed: 0.0751s/iter; left time: 7809.2568s
	iters: 300, epoch: 117 | loss: 0.1801476
	speed: 0.0735s/iter; left time: 7637.1803s
	iters: 400, epoch: 117 | loss: 0.1545588
	speed: 0.0736s/iter; left time: 7631.6078s
	iters: 500, epoch: 117 | loss: 0.1572132
	speed: 0.0745s/iter; left time: 7716.7826s
Epoch: 117 cost time: 42.72003746032715
[2025-05-28 06:10:16] [32mIntermediate result: 0.16590917  (Index 116)[0m
Epoch: 117, Steps: 566 | Train Loss: 0.1565411 Vali Loss: 0.1411086 Test Loss: 0.1659092
EarlyStopping counter: 8 out of 20
Updating learning rate to 8.671539366412075e-05
	iters: 100, epoch: 118 | loss: 0.1591294
	speed: 0.2162s/iter; left time: 22374.5434s
	iters: 200, epoch: 118 | loss: 0.1506530
	speed: 0.0445s/iter; left time: 4597.2691s
	iters: 300, epoch: 118 | loss: 0.1687746
	speed: 0.0448s/iter; left time: 4629.6061s
	iters: 400, epoch: 118 | loss: 0.1445284
	speed: 0.0453s/iter; left time: 4672.2340s
	iters: 500, epoch: 118 | loss: 0.1479702
	speed: 0.0451s/iter; left time: 4653.5547s
Epoch: 118 cost time: 26.38664746284485
[2025-05-28 06:10:55] [32mIntermediate result: 0.16601458  (Index 117)[0m
Epoch: 118, Steps: 566 | Train Loss: 0.1563462 Vali Loss: 0.1407634 Test Loss: 0.1660146
EarlyStopping counter: 9 out of 20
Updating learning rate to 8.626797748509713e-05
	iters: 100, epoch: 119 | loss: 0.1569704
	speed: 0.2424s/iter; left time: 24944.8768s
	iters: 200, epoch: 119 | loss: 0.1634786
	speed: 0.0748s/iter; left time: 7693.2941s
	iters: 300, epoch: 119 | loss: 0.1620480
	speed: 0.0743s/iter; left time: 7627.9227s
	iters: 400, epoch: 119 | loss: 0.1561539
	speed: 0.0741s/iter; left time: 7607.7751s
	iters: 500, epoch: 119 | loss: 0.1846056
	speed: 0.0724s/iter; left time: 7426.4838s
Epoch: 119 cost time: 43.04679870605469
[2025-05-28 06:11:49] [32mIntermediate result: 0.16652367  (Index 118)[0m
Epoch: 119, Steps: 566 | Train Loss: 0.1562377 Vali Loss: 0.1403095 Test Loss: 0.1665237
EarlyStopping counter: 10 out of 20
Updating learning rate to 8.581434700910843e-05
	iters: 100, epoch: 120 | loss: 0.1552705
	speed: 0.2169s/iter; left time: 22194.3795s
	iters: 200, epoch: 120 | loss: 0.1743081
	speed: 0.0458s/iter; left time: 4681.1105s
	iters: 300, epoch: 120 | loss: 0.1516925
	speed: 0.0451s/iter; left time: 4602.7288s
	iters: 400, epoch: 120 | loss: 0.1616783
	speed: 0.0453s/iter; left time: 4625.1835s
	iters: 500, epoch: 120 | loss: 0.1756936
	speed: 0.0455s/iter; left time: 4636.6491s
Epoch: 120 cost time: 26.267136812210083
[2025-05-28 06:12:27] [32mIntermediate result: 0.16686957  (Index 119)[0m
Epoch: 120, Steps: 566 | Train Loss: 0.1561173 Vali Loss: 0.1410481 Test Loss: 0.1668696
EarlyStopping counter: 11 out of 20
Updating learning rate to 8.535457996340149e-05
	iters: 100, epoch: 121 | loss: 0.1840279
	speed: 0.2231s/iter; left time: 22709.3641s
	iters: 200, epoch: 121 | loss: 0.1430540
	speed: 0.0739s/iter; left time: 7510.6189s
	iters: 300, epoch: 121 | loss: 0.1530492
	speed: 0.0739s/iter; left time: 7503.7200s
	iters: 400, epoch: 121 | loss: 0.1656992
	speed: 0.0740s/iter; left time: 7511.8382s
	iters: 500, epoch: 121 | loss: 0.1770122
	speed: 0.0747s/iter; left time: 7576.8036s
Epoch: 121 cost time: 42.77181887626648
[2025-05-28 06:13:21] [32mIntermediate result: 0.16552746  (Index 120)[0m
Epoch: 121, Steps: 566 | Train Loss: 0.1558828 Vali Loss: 0.1413306 Test Loss: 0.1655275
EarlyStopping counter: 12 out of 20
Updating learning rate to 8.488875512669265e-05
	iters: 100, epoch: 122 | loss: 0.1701689
	speed: 0.2180s/iter; left time: 22060.0325s
	iters: 200, epoch: 122 | loss: 0.1492466
	speed: 0.0439s/iter; left time: 4437.8741s
	iters: 300, epoch: 122 | loss: 0.1562349
	speed: 0.0449s/iter; left time: 4539.1478s
	iters: 400, epoch: 122 | loss: 0.1585385
	speed: 0.0449s/iter; left time: 4533.6880s
	iters: 500, epoch: 122 | loss: 0.1543395
	speed: 0.0452s/iter; left time: 4552.0036s
Epoch: 122 cost time: 26.111877918243408
[2025-05-28 06:13:58] [32mIntermediate result: 0.16553622  (Index 121)[0m
Epoch: 122, Steps: 566 | Train Loss: 0.1558340 Vali Loss: 0.1415298 Test Loss: 0.1655362
EarlyStopping counter: 13 out of 20
Updating learning rate to 8.441695231566964e-05
	iters: 100, epoch: 123 | loss: 0.1746458
	speed: 0.2138s/iter; left time: 21519.7159s
	iters: 200, epoch: 123 | loss: 0.1517560
	speed: 0.0746s/iter; left time: 7501.2088s
	iters: 300, epoch: 123 | loss: 0.1584615
	speed: 0.0745s/iter; left time: 7481.1491s
	iters: 400, epoch: 123 | loss: 0.1608867
	speed: 0.0741s/iter; left time: 7431.0355s
	iters: 500, epoch: 123 | loss: 0.1491148
	speed: 0.0746s/iter; left time: 7475.7231s
Epoch: 123 cost time: 42.69734477996826
[2025-05-28 06:14:52] [32mIntermediate result: 0.1673524  (Index 122)[0m
Epoch: 123, Steps: 566 | Train Loss: 0.1557690 Vali Loss: 0.1410468 Test Loss: 0.1673524
EarlyStopping counter: 14 out of 20
Updating learning rate to 8.393925237131525e-05
	iters: 100, epoch: 124 | loss: 0.1584870
	speed: 0.2212s/iter; left time: 22138.4067s
	iters: 200, epoch: 124 | loss: 0.1423602
	speed: 0.0441s/iter; left time: 4406.7069s
	iters: 300, epoch: 124 | loss: 0.1839856
	speed: 0.0455s/iter; left time: 4543.7296s
	iters: 400, epoch: 124 | loss: 0.1530323
	speed: 0.0448s/iter; left time: 4474.7483s
	iters: 500, epoch: 124 | loss: 0.1484753
	speed: 0.0446s/iter; left time: 4443.5693s
Epoch: 124 cost time: 26.139113426208496
[2025-05-28 06:15:30] [32mIntermediate result: 0.1661862  (Index 123)[0m
Epoch: 124, Steps: 566 | Train Loss: 0.1556174 Vali Loss: 0.1421840 Test Loss: 0.1661862
EarlyStopping counter: 15 out of 20
Updating learning rate to 8.345573714505576e-05
	iters: 100, epoch: 125 | loss: 0.1918692
	speed: 0.2316s/iter; left time: 23045.8612s
	iters: 200, epoch: 125 | loss: 0.1565502
	speed: 0.0740s/iter; left time: 7358.9522s
	iters: 300, epoch: 125 | loss: 0.1594676
	speed: 0.0733s/iter; left time: 7278.9247s
	iters: 400, epoch: 125 | loss: 0.1499614
	speed: 0.0734s/iter; left time: 7287.2857s
	iters: 500, epoch: 125 | loss: 0.1433615
	speed: 0.0743s/iter; left time: 7364.2091s
Epoch: 125 cost time: 42.69765090942383
[2025-05-28 06:16:25] [32mIntermediate result: 0.16603157  (Index 124)[0m
Epoch: 125, Steps: 566 | Train Loss: 0.1554918 Vali Loss: 0.1409900 Test Loss: 0.1660316
EarlyStopping counter: 16 out of 20
Updating learning rate to 8.296648948473605e-05
	iters: 100, epoch: 126 | loss: 0.1619297
	speed: 0.2193s/iter; left time: 21703.7802s
	iters: 200, epoch: 126 | loss: 0.1529670
	speed: 0.0442s/iter; left time: 4372.3066s
	iters: 300, epoch: 126 | loss: 0.1551696
	speed: 0.0450s/iter; left time: 4447.7344s
	iters: 400, epoch: 126 | loss: 0.1475278
	speed: 0.0445s/iter; left time: 4391.4499s
	iters: 500, epoch: 126 | loss: 0.1492807
	speed: 0.0449s/iter; left time: 4425.4333s
Epoch: 126 cost time: 26.08520245552063
[2025-05-28 06:17:01] [32mIntermediate result: 0.1651824  (Index 125)[0m
Epoch: 126, Steps: 566 | Train Loss: 0.1552783 Vali Loss: 0.1406050 Test Loss: 0.1651824
EarlyStopping counter: 17 out of 20
Updating learning rate to 8.247159322042404e-05
	iters: 100, epoch: 127 | loss: 0.1546829
	speed: 0.2098s/iter; left time: 20643.0524s
	iters: 200, epoch: 127 | loss: 0.1445483
	speed: 0.0748s/iter; left time: 7346.9895s
	iters: 300, epoch: 127 | loss: 0.1536923
	speed: 0.0743s/iter; left time: 7296.9553s
	iters: 400, epoch: 127 | loss: 0.1488637
	speed: 0.0748s/iter; left time: 7335.3804s
	iters: 500, epoch: 127 | loss: 0.1518050
	speed: 0.0742s/iter; left time: 7269.4571s
Epoch: 127 cost time: 43.100008964538574
[2025-05-28 06:17:56] [32mIntermediate result: 0.16798998  (Index 126)[0m
Epoch: 127, Steps: 566 | Train Loss: 0.1552820 Vali Loss: 0.1432307 Test Loss: 0.1679900
EarlyStopping counter: 18 out of 20
Updating learning rate to 8.197113315004689e-05
	iters: 100, epoch: 128 | loss: 0.1428701
	speed: 0.2247s/iter; left time: 21981.4963s
	iters: 200, epoch: 128 | loss: 0.1531862
	speed: 0.0435s/iter; left time: 4247.1645s
	iters: 300, epoch: 128 | loss: 0.1648524
	speed: 0.0448s/iter; left time: 4368.9599s
	iters: 400, epoch: 128 | loss: 0.1510957
	speed: 0.0450s/iter; left time: 4383.9732s
	iters: 500, epoch: 128 | loss: 0.1650799
	speed: 0.0443s/iter; left time: 4311.9732s
Epoch: 128 cost time: 25.962114572525024
[2025-05-28 06:18:33] [32mIntermediate result: 0.16587833  (Index 127)[0m
Epoch: 128, Steps: 566 | Train Loss: 0.1551203 Vali Loss: 0.1415267 Test Loss: 0.1658783
EarlyStopping counter: 19 out of 20
Updating learning rate to 8.146519502486131e-05
	iters: 100, epoch: 129 | loss: 0.1662869
	speed: 0.2163s/iter; left time: 21036.4433s
	iters: 200, epoch: 129 | loss: 0.1583308
	speed: 0.0748s/iter; left time: 7267.7078s
	iters: 300, epoch: 129 | loss: 0.1548337
	speed: 0.0752s/iter; left time: 7297.9219s
	iters: 400, epoch: 129 | loss: 0.1407274
	speed: 0.0746s/iter; left time: 7237.0368s
	iters: 500, epoch: 129 | loss: 0.1434041
	speed: 0.0754s/iter; left time: 7305.2597s
Epoch: 129 cost time: 42.98125338554382
[2025-05-28 06:19:28] [32mIntermediate result: 0.16647747  (Index 128)[0m
Epoch: 129, Steps: 566 | Train Loss: 0.1549888 Vali Loss: 0.1411975 Test Loss: 0.1664775
EarlyStopping counter: 20 out of 20
Early stopping
>>>>>>>testing : 96_192_PRNN_TST_custom_ftM_sl96_ll18_pl192_dm128_nh16_el3_dl1_df256_fc1_ebtimeF_dtTrue_Exp_0<<<<<<<<<<<<<<<<<<<<<<<<<<<<<<<<<
test 5069
mse:0.16588282585144043, mae:0.25764426589012146, rse:0.4051269590854645
[2025-05-28 06:19:56] [32mFinal result: 0.16588283[0m
