Args in experiment:
Namespace(activation='gelu', affine=1, batch_size=32, c_out=7, checkpoints='./checkpoints/', d_ff=256, d_layers=1, d_model=128, data='custom', data_path='weather.csv', dec_in=7, decomposition=0, des='Exp', device_ids=[0, 1], devices='0,1', dis=10, distil=True, do_predict=False, dropout=0.2, dvices='0,1', e_layers=3, embed='timeF', embed_type=0, enc_in=21, factor=1, fc_dropout=0.2, features='M', freq='h', gpu=0, head_dropout=0.0, hidden_size=512, individual=0, is_training=1, itr=1, k=20, kernel_size=25, label_len=18, learning_rate=0.0001, loss='mse', lradj='TST', model='PRNN_TST', model_id='96_192', moving_avg=25, n_heads=16, num_layers=1, num_workers=10, output_attention=False, padding_patch='end', patch_len=16, patience=20, pct_start=0.3, pred_len=192, random_seed=2021, revin=1, rnn_inp=96, root_path='./dataset/', seq_len=96, stride=8, subtract_last=0, target='OT', test_flop=False, top_k=3, train_epochs=300, use_amp=False, use_gpu=True, use_multi_gpu=True)
Use GPU: cuda:0
>>>>>>>start training : 96_192_PRNN_TST_custom_ftM_sl96_ll18_pl192_dm128_nh16_el3_dl1_df256_fc1_ebtimeF_dtTrue_Exp_0>>>>>>>>>>>>>>>>>>>>>>>>>>
module.model.revin_layer.affine_weight: 21
module.model.revin_layer.affine_bias: 21
module.model.rnn.weight_ih_l0: 262144
module.model.rnn.weight_hh_l0: 262144
module.model.rnn.bias_ih_l0: 512
module.model.rnn.bias_hh_l0: 512
module.model.embed.weight: 8192
module.model.embed.bias: 512
module.model.fc.weight: 1081344
module.model.fc.bias: 192
Total trainable parameters: 1615594
train 36600
val 5079
test 10348
	iters: 100, epoch: 1 | loss: 0.5761974
	speed: 0.0448s/iter; left time: 15372.0909s
	iters: 200, epoch: 1 | loss: 0.4955145
	speed: 0.0243s/iter; left time: 8320.4574s
	iters: 300, epoch: 1 | loss: 0.4221669
	speed: 0.0233s/iter; left time: 7987.4150s
	iters: 400, epoch: 1 | loss: 1.1039279
	speed: 0.0257s/iter; left time: 8797.8765s
	iters: 500, epoch: 1 | loss: 0.4981161
	speed: 0.0235s/iter; left time: 8050.5367s
	iters: 600, epoch: 1 | loss: 0.4492160
	speed: 0.0252s/iter; left time: 8632.8617s
	iters: 700, epoch: 1 | loss: 0.5650843
	speed: 0.0251s/iter; left time: 8605.8994s
	iters: 800, epoch: 1 | loss: 0.4429445
	speed: 0.0212s/iter; left time: 7259.5593s
	iters: 900, epoch: 1 | loss: 0.5113199
	speed: 0.0249s/iter; left time: 8503.4358s
	iters: 1000, epoch: 1 | loss: 0.4432931
	speed: 0.0207s/iter; left time: 7065.9195s
	iters: 1100, epoch: 1 | loss: 0.5833989
	speed: 0.0243s/iter; left time: 8293.8570s
Epoch: 1 cost time: 28.647248029708862
[2025-05-28 17:34:33] [32mIntermediate result: 0.24462318  (Index 0)[0m
Epoch: 1, Steps: 1143 | Train Loss: 0.6030295 Vali Loss: 0.5587828 Test Loss: 0.2446232
Validation loss decreased (inf --> 0.558783).  Saving model ...
Updating learning rate to 4.0292408715243575e-06
	iters: 100, epoch: 2 | loss: 1.1053673
	speed: 0.1181s/iter; left time: 40335.7745s
	iters: 200, epoch: 2 | loss: 0.8818260
	speed: 0.0239s/iter; left time: 8180.1552s
	iters: 300, epoch: 2 | loss: 1.3497869
	speed: 0.0228s/iter; left time: 7774.4921s
	iters: 400, epoch: 2 | loss: 0.4137767
	speed: 0.0240s/iter; left time: 8204.1809s
	iters: 500, epoch: 2 | loss: 0.9155726
	speed: 0.0237s/iter; left time: 8086.7711s
	iters: 600, epoch: 2 | loss: 0.9215502
	speed: 0.0234s/iter; left time: 7992.1897s
	iters: 700, epoch: 2 | loss: 0.8463991
	speed: 0.0194s/iter; left time: 6614.8129s
	iters: 800, epoch: 2 | loss: 0.5466025
	speed: 0.0261s/iter; left time: 8903.5338s
	iters: 900, epoch: 2 | loss: 0.5629401
	speed: 0.0224s/iter; left time: 7637.0014s
	iters: 1000, epoch: 2 | loss: 0.4570719
	speed: 0.0275s/iter; left time: 9365.1442s
	iters: 1100, epoch: 2 | loss: 0.7538105
	speed: 0.0224s/iter; left time: 7614.0990s
Epoch: 2 cost time: 27.561960220336914
[2025-05-28 17:35:11] [32mIntermediate result: 0.23866834  (Index 1)[0m
Epoch: 2, Steps: 1143 | Train Loss: 0.5610630 Vali Loss: 0.5432057 Test Loss: 0.2386683
Validation loss decreased (0.558783 --> 0.543206).  Saving model ...
Updating learning rate to 4.116927859907111e-06
	iters: 100, epoch: 3 | loss: 0.4957559
	speed: 0.1417s/iter; left time: 48242.2151s
	iters: 200, epoch: 3 | loss: 1.2063046
	speed: 0.0266s/iter; left time: 9055.4630s
	iters: 300, epoch: 3 | loss: 0.8431244
	speed: 0.0259s/iter; left time: 8797.1997s
	iters: 400, epoch: 3 | loss: 0.4819833
	speed: 0.0202s/iter; left time: 6876.8447s
	iters: 500, epoch: 3 | loss: 0.5076912
	speed: 0.0264s/iter; left time: 8975.4717s
	iters: 600, epoch: 3 | loss: 0.3774119
	speed: 0.0200s/iter; left time: 6807.7548s
	iters: 700, epoch: 3 | loss: 0.4128352
	speed: 0.0268s/iter; left time: 9114.4964s
	iters: 800, epoch: 3 | loss: 0.4971966
	speed: 0.0235s/iter; left time: 7994.6979s
	iters: 900, epoch: 3 | loss: 0.4438344
	speed: 0.0208s/iter; left time: 7052.9401s
	iters: 1000, epoch: 3 | loss: 0.4321280
	speed: 0.0253s/iter; left time: 8589.1534s
	iters: 1100, epoch: 3 | loss: 0.4745754
	speed: 0.0259s/iter; left time: 8787.7379s
Epoch: 3 cost time: 28.229429244995117
[2025-05-28 17:35:47] [32mIntermediate result: 0.23788013  (Index 2)[0m
Epoch: 3, Steps: 1143 | Train Loss: 0.5486229 Vali Loss: 0.5375541 Test Loss: 0.2378801
Validation loss decreased (0.543206 --> 0.537554).  Saving model ...
Updating learning rate to 4.2629541299832e-06
	iters: 100, epoch: 4 | loss: 0.4553336
	speed: 0.1201s/iter; left time: 40753.7143s
	iters: 200, epoch: 4 | loss: 0.3897179
	speed: 0.0244s/iter; left time: 8269.3853s
	iters: 300, epoch: 4 | loss: 0.4356612
	speed: 0.0233s/iter; left time: 7889.7083s
	iters: 400, epoch: 4 | loss: 0.4504059
	speed: 0.0221s/iter; left time: 7494.7387s
	iters: 500, epoch: 4 | loss: 0.4124562
	speed: 0.0234s/iter; left time: 7917.2374s
	iters: 600, epoch: 4 | loss: 0.5523288
	speed: 0.0250s/iter; left time: 8486.4785s
	iters: 700, epoch: 4 | loss: 0.4424675
	speed: 0.0208s/iter; left time: 7036.1221s
	iters: 800, epoch: 4 | loss: 0.3982900
	speed: 0.0246s/iter; left time: 8331.6180s
	iters: 900, epoch: 4 | loss: 0.4613968
	speed: 0.0235s/iter; left time: 7969.6962s
	iters: 1000, epoch: 4 | loss: 0.4875374
	speed: 0.0243s/iter; left time: 8238.2536s
	iters: 1100, epoch: 4 | loss: 0.4174465
	speed: 0.0227s/iter; left time: 7672.6671s
Epoch: 4 cost time: 27.317935943603516
[2025-05-28 17:36:23] [32mIntermediate result: 0.23488908  (Index 3)[0m
Epoch: 4, Steps: 1143 | Train Loss: 0.5418280 Vali Loss: 0.5317321 Test Loss: 0.2348891
Validation loss decreased (0.537554 --> 0.531732).  Saving model ...
Updating learning rate to 4.4671417677774996e-06
	iters: 100, epoch: 5 | loss: 0.4209227
	speed: 0.1220s/iter; left time: 41278.5937s
	iters: 200, epoch: 5 | loss: 0.4562645
	speed: 0.0214s/iter; left time: 7245.9904s
	iters: 300, epoch: 5 | loss: 0.4315054
	speed: 0.0236s/iter; left time: 7987.8434s
	iters: 400, epoch: 5 | loss: 0.3863044
	speed: 0.0253s/iter; left time: 8557.2375s
	iters: 500, epoch: 5 | loss: 0.4086943
	speed: 0.0228s/iter; left time: 7713.7065s
	iters: 600, epoch: 5 | loss: 0.4371293
	speed: 0.0241s/iter; left time: 8133.0771s
	iters: 700, epoch: 5 | loss: 0.4042672
	speed: 0.0267s/iter; left time: 8999.2633s
	iters: 800, epoch: 5 | loss: 0.5209924
	speed: 0.0251s/iter; left time: 8480.2964s
	iters: 900, epoch: 5 | loss: 0.3964616
	speed: 0.0243s/iter; left time: 8189.4141s
	iters: 1000, epoch: 5 | loss: 0.4535135
	speed: 0.0244s/iter; left time: 8230.4168s
	iters: 1100, epoch: 5 | loss: 0.3728158
	speed: 0.0251s/iter; left time: 8458.4242s
Epoch: 5 cost time: 27.63630199432373
[2025-05-28 17:36:59] [32mIntermediate result: 0.23349571  (Index 4)[0m
Epoch: 5, Steps: 1143 | Train Loss: 0.5367205 Vali Loss: 0.5283041 Test Loss: 0.2334957
Validation loss decreased (0.531732 --> 0.528304).  Saving model ...
Updating learning rate to 4.729241997269867e-06
	iters: 100, epoch: 6 | loss: 0.4750476
	speed: 0.1159s/iter; left time: 39076.5385s
	iters: 200, epoch: 6 | loss: 0.4108053
	speed: 0.0235s/iter; left time: 7905.8698s
	iters: 300, epoch: 6 | loss: 0.5052310
	speed: 0.0237s/iter; left time: 7970.0663s
	iters: 400, epoch: 6 | loss: 0.4168037
	speed: 0.0212s/iter; left time: 7147.5415s
	iters: 500, epoch: 6 | loss: 0.6765920
	speed: 0.0249s/iter; left time: 8368.5789s
	iters: 600, epoch: 6 | loss: 0.4767021
	speed: 0.0224s/iter; left time: 7532.2078s
	iters: 700, epoch: 6 | loss: 0.4277001
	speed: 0.0228s/iter; left time: 7674.2433s
	iters: 800, epoch: 6 | loss: 0.3620476
	speed: 0.0242s/iter; left time: 8148.2247s
	iters: 900, epoch: 6 | loss: 0.5000130
	speed: 0.0213s/iter; left time: 7178.9845s
	iters: 1000, epoch: 6 | loss: 0.4642013
	speed: 0.0236s/iter; left time: 7921.9126s
	iters: 1100, epoch: 6 | loss: 0.4831451
	speed: 0.0241s/iter; left time: 8092.2866s
Epoch: 6 cost time: 26.71819233894348
[2025-05-28 17:37:34] [32mIntermediate result: 0.23326413  (Index 5)[0m
Epoch: 6, Steps: 1143 | Train Loss: 0.5324917 Vali Loss: 0.5252891 Test Loss: 0.2332641
Validation loss decreased (0.528304 --> 0.525289).  Saving model ...
Updating learning rate to 5.048935483496287e-06
	iters: 100, epoch: 7 | loss: 0.9220159
	speed: 0.1239s/iter; left time: 41623.2716s
	iters: 200, epoch: 7 | loss: 0.4174585
	speed: 0.0199s/iter; left time: 6674.7465s
	iters: 300, epoch: 7 | loss: 0.5002638
	speed: 0.0259s/iter; left time: 8707.9939s
	iters: 400, epoch: 7 | loss: 0.3709177
	speed: 0.0241s/iter; left time: 8104.5348s
	iters: 500, epoch: 7 | loss: 0.3694541
	speed: 0.0253s/iter; left time: 8503.7449s
	iters: 600, epoch: 7 | loss: 0.5449657
	speed: 0.0242s/iter; left time: 8132.2149s
	iters: 700, epoch: 7 | loss: 0.5403138
	speed: 0.0240s/iter; left time: 8045.4428s
	iters: 800, epoch: 7 | loss: 0.5179416
	speed: 0.0245s/iter; left time: 8203.1621s
	iters: 900, epoch: 7 | loss: 0.4733442
	speed: 0.0249s/iter; left time: 8340.7627s
	iters: 1000, epoch: 7 | loss: 0.9902627
	speed: 0.0240s/iter; left time: 8034.9223s
	iters: 1100, epoch: 7 | loss: 0.4719098
	speed: 0.0204s/iter; left time: 6829.6220s
Epoch: 7 cost time: 28.08197808265686
[2025-05-28 17:38:11] [32mIntermediate result: 0.23281316  (Index 6)[0m
Epoch: 7, Steps: 1143 | Train Loss: 0.5296501 Vali Loss: 0.5245939 Test Loss: 0.2328132
Validation loss decreased (0.525289 --> 0.524594).  Saving model ...
Updating learning rate to 5.42583272161681e-06
	iters: 100, epoch: 8 | loss: 0.8894652
	speed: 0.1234s/iter; left time: 41319.4579s
	iters: 200, epoch: 8 | loss: 0.3626757
	speed: 0.0244s/iter; left time: 8152.2981s
	iters: 300, epoch: 8 | loss: 0.4130092
	speed: 0.0220s/iter; left time: 7354.5605s
	iters: 400, epoch: 8 | loss: 0.9438360
	speed: 0.0231s/iter; left time: 7727.0981s
	iters: 500, epoch: 8 | loss: 0.5243148
	speed: 0.0223s/iter; left time: 7449.3618s
	iters: 600, epoch: 8 | loss: 0.3833601
	speed: 0.0244s/iter; left time: 8153.7886s
	iters: 700, epoch: 8 | loss: 0.4051914
	speed: 0.0243s/iter; left time: 8137.2033s
	iters: 800, epoch: 8 | loss: 0.4266336
	speed: 0.0237s/iter; left time: 7916.7741s
	iters: 900, epoch: 8 | loss: 0.4262298
	speed: 0.0236s/iter; left time: 7871.8030s
	iters: 1000, epoch: 8 | loss: 0.9531904
	speed: 0.0195s/iter; left time: 6507.7353s
	iters: 1100, epoch: 8 | loss: 0.4295256
	speed: 0.0255s/iter; left time: 8502.6355s
Epoch: 8 cost time: 26.60380983352661
[2025-05-28 17:38:46] [32mIntermediate result: 0.23093903  (Index 7)[0m
Epoch: 8, Steps: 1143 | Train Loss: 0.5266248 Vali Loss: 0.5218095 Test Loss: 0.2309390
Validation loss decreased (0.524594 --> 0.521810).  Saving model ...
Updating learning rate to 5.859474511476538e-06
	iters: 100, epoch: 9 | loss: 0.3601774
	speed: 0.1189s/iter; left time: 39664.2938s
	iters: 200, epoch: 9 | loss: 0.5235436
	speed: 0.0248s/iter; left time: 8256.8587s
	iters: 300, epoch: 9 | loss: 0.3928242
	speed: 0.0241s/iter; left time: 8050.3851s
	iters: 400, epoch: 9 | loss: 0.4371423
	speed: 0.0236s/iter; left time: 7874.9335s
	iters: 500, epoch: 9 | loss: 0.3397810
	speed: 0.0258s/iter; left time: 8604.6982s
	iters: 600, epoch: 9 | loss: 0.5027307
	speed: 0.0233s/iter; left time: 7755.3980s
	iters: 700, epoch: 9 | loss: 0.4521357
	speed: 0.0228s/iter; left time: 7583.0566s
	iters: 800, epoch: 9 | loss: 0.4423261
	speed: 0.0237s/iter; left time: 7902.5466s
	iters: 900, epoch: 9 | loss: 0.9664358
	speed: 0.0210s/iter; left time: 6991.9235s
	iters: 1000, epoch: 9 | loss: 0.4921586
	speed: 0.0213s/iter; left time: 7102.9180s
	iters: 1100, epoch: 9 | loss: 0.5202420
	speed: 0.0264s/iter; left time: 8767.1156s
Epoch: 9 cost time: 27.316378355026245
[2025-05-28 17:39:21] [32mIntermediate result: 0.2296161  (Index 8)[0m
Epoch: 9, Steps: 1143 | Train Loss: 0.5227634 Vali Loss: 0.5211691 Test Loss: 0.2296161
Validation loss decreased (0.521810 --> 0.521169).  Saving model ...
Updating learning rate to 6.34933251708112e-06
	iters: 100, epoch: 10 | loss: 0.4014224
	speed: 0.1211s/iter; left time: 40277.3096s
	iters: 200, epoch: 10 | loss: 0.4327011
	speed: 0.0225s/iter; left time: 7463.4104s
	iters: 300, epoch: 10 | loss: 0.5173007
	speed: 0.0232s/iter; left time: 7711.9664s
	iters: 400, epoch: 10 | loss: 0.4816894
	speed: 0.0236s/iter; left time: 7854.3012s
	iters: 500, epoch: 10 | loss: 0.4707037
	speed: 0.0223s/iter; left time: 7407.9587s
	iters: 600, epoch: 10 | loss: 0.3837442
	speed: 0.0242s/iter; left time: 8034.5285s
	iters: 700, epoch: 10 | loss: 0.4426627
	speed: 0.0195s/iter; left time: 6476.1082s
	iters: 800, epoch: 10 | loss: 0.3617415
	speed: 0.0243s/iter; left time: 8059.6431s
	iters: 900, epoch: 10 | loss: 0.4870373
	speed: 0.0196s/iter; left time: 6515.5510s
	iters: 1000, epoch: 10 | loss: 0.3194303
	speed: 0.0240s/iter; left time: 7965.7761s
	iters: 1100, epoch: 10 | loss: 0.5971483
	speed: 0.0255s/iter; left time: 8449.0811s
Epoch: 10 cost time: 26.53037452697754
[2025-05-28 17:39:56] [32mIntermediate result: 0.22909437  (Index 9)[0m
Epoch: 10, Steps: 1143 | Train Loss: 0.5211010 Vali Loss: 0.5174493 Test Loss: 0.2290944
Validation loss decreased (0.521169 --> 0.517449).  Saving model ...
Updating learning rate to 6.894809910305236e-06
	iters: 100, epoch: 11 | loss: 0.4340257
	speed: 0.1138s/iter; left time: 37704.3018s
	iters: 200, epoch: 11 | loss: 0.4202468
	speed: 0.0226s/iter; left time: 7473.5229s
	iters: 300, epoch: 11 | loss: 0.3849321
	speed: 0.0230s/iter; left time: 7621.7927s
	iters: 400, epoch: 11 | loss: 0.3993268
	speed: 0.0237s/iter; left time: 7861.8722s
	iters: 500, epoch: 11 | loss: 0.3730561
	speed: 0.0244s/iter; left time: 8067.0938s
	iters: 600, epoch: 11 | loss: 0.3675610
	speed: 0.0203s/iter; left time: 6716.7128s
	iters: 700, epoch: 11 | loss: 0.4444009
	speed: 0.0256s/iter; left time: 8458.3946s
	iters: 800, epoch: 11 | loss: 0.8247257
	speed: 0.0209s/iter; left time: 6904.0425s
	iters: 900, epoch: 11 | loss: 0.8735652
	speed: 0.0245s/iter; left time: 8106.6205s
	iters: 1000, epoch: 11 | loss: 0.4316005
	speed: 0.0245s/iter; left time: 8106.5563s
	iters: 1100, epoch: 11 | loss: 0.4102054
	speed: 0.0189s/iter; left time: 6241.7824s
Epoch: 11 cost time: 26.724583387374878
[2025-05-28 17:40:31] [32mIntermediate result: 0.22911228  (Index 10)[0m
Epoch: 11, Steps: 1143 | Train Loss: 0.5184251 Vali Loss: 0.5163535 Test Loss: 0.2291123
Validation loss decreased (0.517449 --> 0.516354).  Saving model ...
Updating learning rate to 7.495242098049949e-06
	iters: 100, epoch: 12 | loss: 0.5239316
	speed: 0.1251s/iter; left time: 41318.7803s
	iters: 200, epoch: 12 | loss: 0.3474141
	speed: 0.0230s/iter; left time: 7601.7600s
	iters: 300, epoch: 12 | loss: 0.4886807
	speed: 0.0242s/iter; left time: 7992.6839s
	iters: 400, epoch: 12 | loss: 0.4614781
	speed: 0.0262s/iter; left time: 8656.9452s
	iters: 500, epoch: 12 | loss: 0.3973347
	speed: 0.0191s/iter; left time: 6290.6356s
	iters: 600, epoch: 12 | loss: 0.3920814
	speed: 0.0236s/iter; left time: 7780.4437s
	iters: 700, epoch: 12 | loss: 0.4461764
	speed: 0.0238s/iter; left time: 7842.5714s
	iters: 800, epoch: 12 | loss: 0.5631358
	speed: 0.0241s/iter; left time: 7936.3093s
	iters: 900, epoch: 12 | loss: 0.4866405
	speed: 0.0205s/iter; left time: 6739.4144s
	iters: 1000, epoch: 12 | loss: 0.4655704
	speed: 0.0249s/iter; left time: 8196.3021s
	iters: 1100, epoch: 12 | loss: 0.3794751
	speed: 0.0237s/iter; left time: 7797.7440s
Epoch: 12 cost time: 27.42690920829773
[2025-05-28 17:41:05] [32mIntermediate result: 0.22864923  (Index 11)[0m
Epoch: 12, Steps: 1143 | Train Loss: 0.5157258 Vali Loss: 0.5156692 Test Loss: 0.2286492
Validation loss decreased (0.516354 --> 0.515669).  Saving model ...
Updating learning rate to 8.149897531962725e-06
	iters: 100, epoch: 13 | loss: 0.3420923
	speed: 0.1092s/iter; left time: 35925.4376s
	iters: 200, epoch: 13 | loss: 0.4145777
	speed: 0.0237s/iter; left time: 7796.1409s
	iters: 300, epoch: 13 | loss: 0.3999739
	speed: 0.0249s/iter; left time: 8182.5715s
	iters: 400, epoch: 13 | loss: 0.4337831
	speed: 0.0205s/iter; left time: 6749.0255s
	iters: 500, epoch: 13 | loss: 0.4750985
	speed: 0.0268s/iter; left time: 8810.2276s
	iters: 600, epoch: 13 | loss: 0.4408924
	speed: 0.0216s/iter; left time: 7091.9869s
	iters: 700, epoch: 13 | loss: 1.3545241
	speed: 0.0260s/iter; left time: 8525.0066s
	iters: 800, epoch: 13 | loss: 0.3488428
	speed: 0.0215s/iter; left time: 7063.5669s
	iters: 900, epoch: 13 | loss: 0.3938900
	speed: 0.0241s/iter; left time: 7902.2178s
	iters: 1000, epoch: 13 | loss: 0.3769387
	speed: 0.0230s/iter; left time: 7554.1311s
	iters: 1100, epoch: 13 | loss: 0.4733975
	speed: 0.0233s/iter; left time: 7643.3923s
Epoch: 13 cost time: 27.355790615081787
[2025-05-28 17:41:40] [32mIntermediate result: 0.2263587  (Index 12)[0m
Epoch: 13, Steps: 1143 | Train Loss: 0.5127095 Vali Loss: 0.5120046 Test Loss: 0.2263587
Validation loss decreased (0.515669 --> 0.512005).  Saving model ...
Updating learning rate to 8.857978599733745e-06
	iters: 100, epoch: 14 | loss: 0.4621899
	speed: 0.1128s/iter; left time: 36976.5351s
	iters: 200, epoch: 14 | loss: 0.4222826
	speed: 0.0244s/iter; left time: 8002.5614s
	iters: 300, epoch: 14 | loss: 0.3912617
	speed: 0.0198s/iter; left time: 6490.8310s
	iters: 400, epoch: 14 | loss: 0.5443760
	speed: 0.0248s/iter; left time: 8116.7821s
	iters: 500, epoch: 14 | loss: 0.5559116
	speed: 0.0222s/iter; left time: 7275.6182s
	iters: 600, epoch: 14 | loss: 0.9729571
	speed: 0.0249s/iter; left time: 8166.9209s
	iters: 700, epoch: 14 | loss: 0.4550401
	speed: 0.0222s/iter; left time: 7281.7702s
	iters: 800, epoch: 14 | loss: 0.4068886
	speed: 0.0243s/iter; left time: 7967.7207s
	iters: 900, epoch: 14 | loss: 0.3411328
	speed: 0.0262s/iter; left time: 8567.8832s
	iters: 1000, epoch: 14 | loss: 0.8614761
	speed: 0.0261s/iter; left time: 8543.4933s
	iters: 1100, epoch: 14 | loss: 0.4811835
	speed: 0.0230s/iter; left time: 7523.8260s
Epoch: 14 cost time: 27.475285530090332
[2025-05-28 17:42:15] [32mIntermediate result: 0.22588623  (Index 13)[0m
Epoch: 14, Steps: 1143 | Train Loss: 0.5103276 Vali Loss: 0.5086972 Test Loss: 0.2258862
Validation loss decreased (0.512005 --> 0.508697).  Saving model ...
Updating learning rate to 9.618622596882512e-06
	iters: 100, epoch: 15 | loss: 0.3764678
	speed: 0.1141s/iter; left time: 37292.5463s
	iters: 200, epoch: 15 | loss: 0.4138251
	speed: 0.0195s/iter; left time: 6374.6646s
	iters: 300, epoch: 15 | loss: 0.4663207
	speed: 0.0211s/iter; left time: 6883.3849s
	iters: 400, epoch: 15 | loss: 0.3923546
	speed: 0.0225s/iter; left time: 7341.6417s
	iters: 500, epoch: 15 | loss: 0.4037358
	speed: 0.0263s/iter; left time: 8578.4996s
	iters: 600, epoch: 15 | loss: 0.4293190
	speed: 0.0260s/iter; left time: 8468.1648s
	iters: 700, epoch: 15 | loss: 0.4357623
	speed: 0.0204s/iter; left time: 6647.1512s
	iters: 800, epoch: 15 | loss: 0.4232003
	speed: 0.0242s/iter; left time: 7885.7509s
	iters: 900, epoch: 15 | loss: 0.5312220
	speed: 0.0248s/iter; left time: 8087.9915s
	iters: 1000, epoch: 15 | loss: 0.3283680
	speed: 0.0251s/iter; left time: 8170.4261s
	iters: 1100, epoch: 15 | loss: 0.4985582
	speed: 0.0238s/iter; left time: 7752.0312s
Epoch: 15 cost time: 27.252710342407227
[2025-05-28 17:42:50] [32mIntermediate result: 0.22623484  (Index 14)[0m
Epoch: 15, Steps: 1143 | Train Loss: 0.5075117 Vali Loss: 0.5075990 Test Loss: 0.2262348
Validation loss decreased (0.508697 --> 0.507599).  Saving model ...
Updating learning rate to 1.0430902777850855e-05
	iters: 100, epoch: 16 | loss: 0.4127080
	speed: 0.1140s/iter; left time: 37110.5928s
	iters: 200, epoch: 16 | loss: 0.2837420
	speed: 0.0252s/iter; left time: 8210.0173s
	iters: 300, epoch: 16 | loss: 0.4032124
	speed: 0.0200s/iter; left time: 6515.3834s
	iters: 400, epoch: 16 | loss: 0.4726912
	speed: 0.0238s/iter; left time: 7742.4803s
	iters: 500, epoch: 16 | loss: 0.3213793
	speed: 0.0260s/iter; left time: 8440.7469s
	iters: 600, epoch: 16 | loss: 0.7909169
	speed: 0.0196s/iter; left time: 6385.1622s
	iters: 700, epoch: 16 | loss: 0.8983971
	speed: 0.0225s/iter; left time: 7311.9388s
	iters: 800, epoch: 16 | loss: 0.5795570
	speed: 0.0222s/iter; left time: 7219.0127s
	iters: 900, epoch: 16 | loss: 0.3408581
	speed: 0.0254s/iter; left time: 8249.3355s
	iters: 1000, epoch: 16 | loss: 0.4830363
	speed: 0.0242s/iter; left time: 7868.6841s
	iters: 1100, epoch: 16 | loss: 0.3487983
	speed: 0.0215s/iter; left time: 6966.7258s
Epoch: 16 cost time: 26.520915985107422
[2025-05-28 17:43:26] [32mIntermediate result: 0.22289531  (Index 15)[0m
Epoch: 16, Steps: 1143 | Train Loss: 0.5048780 Vali Loss: 0.5041656 Test Loss: 0.2228953
Validation loss decreased (0.507599 --> 0.504166).  Saving model ...
Updating learning rate to 1.1293829485121542e-05
	iters: 100, epoch: 17 | loss: 0.3990526
	speed: 0.1238s/iter; left time: 40177.9493s
	iters: 200, epoch: 17 | loss: 0.3298860
	speed: 0.0255s/iter; left time: 8275.4341s
	iters: 300, epoch: 17 | loss: 0.3725966
	speed: 0.0254s/iter; left time: 8240.8069s
	iters: 400, epoch: 17 | loss: 0.3433630
	speed: 0.0192s/iter; left time: 6221.0187s
	iters: 500, epoch: 17 | loss: 0.3209945
	speed: 0.0240s/iter; left time: 7788.3229s
	iters: 600, epoch: 17 | loss: 0.3982563
	speed: 0.0248s/iter; left time: 8039.9196s
	iters: 700, epoch: 17 | loss: 0.3803164
	speed: 0.0261s/iter; left time: 8443.6006s
	iters: 800, epoch: 17 | loss: 0.4001304
	speed: 0.0218s/iter; left time: 7048.8734s
	iters: 900, epoch: 17 | loss: 0.3614928
	speed: 0.0258s/iter; left time: 8351.9549s
	iters: 1000, epoch: 17 | loss: 0.3579389
	speed: 0.0243s/iter; left time: 7874.4019s
	iters: 1100, epoch: 17 | loss: 0.4828113
	speed: 0.0233s/iter; left time: 7532.9455s
Epoch: 17 cost time: 27.776288986206055
[2025-05-28 17:44:01] [32mIntermediate result: 0.22394328  (Index 16)[0m
Epoch: 17, Steps: 1143 | Train Loss: 0.5025449 Vali Loss: 0.4993162 Test Loss: 0.2239433
Validation loss decreased (0.504166 --> 0.499316).  Saving model ...
Updating learning rate to 1.2206351354986987e-05
	iters: 100, epoch: 18 | loss: 0.4374460
	speed: 0.1102s/iter; left time: 35648.2808s
	iters: 200, epoch: 18 | loss: 0.3670609
	speed: 0.0275s/iter; left time: 8902.4687s
	iters: 300, epoch: 18 | loss: 0.8924819
	speed: 0.0216s/iter; left time: 6986.0145s
	iters: 400, epoch: 18 | loss: 0.3684168
	speed: 0.0218s/iter; left time: 7050.6689s
	iters: 500, epoch: 18 | loss: 1.4119495
	speed: 0.0252s/iter; left time: 8135.3442s
	iters: 600, epoch: 18 | loss: 0.5616034
	speed: 0.0232s/iter; left time: 7489.1120s
	iters: 700, epoch: 18 | loss: 0.3237138
	speed: 0.0215s/iter; left time: 6946.1403s
	iters: 800, epoch: 18 | loss: 0.4436627
	speed: 0.0225s/iter; left time: 7254.7930s
	iters: 900, epoch: 18 | loss: 0.3584874
	speed: 0.0257s/iter; left time: 8286.5549s
	iters: 1000, epoch: 18 | loss: 0.9064044
	speed: 0.0218s/iter; left time: 7039.9509s
	iters: 1100, epoch: 18 | loss: 0.4601406
	speed: 0.0237s/iter; left time: 7629.5229s
Epoch: 18 cost time: 26.949620723724365
[2025-05-28 17:44:36] [32mIntermediate result: 0.2206318  (Index 17)[0m
Epoch: 18, Steps: 1143 | Train Loss: 0.5004757 Vali Loss: 0.4932024 Test Loss: 0.2206318
Validation loss decreased (0.499316 --> 0.493202).  Saving model ...
Updating learning rate to 1.3167356598498835e-05
	iters: 100, epoch: 19 | loss: 0.3593055
	speed: 0.1183s/iter; left time: 38128.4570s
	iters: 200, epoch: 19 | loss: 0.4154591
	speed: 0.0249s/iter; left time: 8024.8884s
	iters: 300, epoch: 19 | loss: 0.4373772
	speed: 0.0197s/iter; left time: 6334.7909s
	iters: 400, epoch: 19 | loss: 0.3194804
	speed: 0.0251s/iter; left time: 8095.9517s
	iters: 500, epoch: 19 | loss: 0.4091503
	speed: 0.0234s/iter; left time: 7542.9692s
	iters: 600, epoch: 19 | loss: 0.3761204
	speed: 0.0233s/iter; left time: 7507.9050s
	iters: 700, epoch: 19 | loss: 0.3962102
	speed: 0.0227s/iter; left time: 7309.6324s
	iters: 800, epoch: 19 | loss: 0.6993763
	speed: 0.0227s/iter; left time: 7304.9979s
	iters: 900, epoch: 19 | loss: 0.4059872
	speed: 0.0234s/iter; left time: 7533.3541s
	iters: 1000, epoch: 19 | loss: 0.5716801
	speed: 0.0271s/iter; left time: 8703.5246s
	iters: 1100, epoch: 19 | loss: 0.4101927
	speed: 0.0234s/iter; left time: 7514.7547s
Epoch: 19 cost time: 27.663951635360718
[2025-05-28 17:45:11] [32mIntermediate result: 0.2227954  (Index 18)[0m
Epoch: 19, Steps: 1143 | Train Loss: 0.4980774 Vali Loss: 0.4952528 Test Loss: 0.2227954
EarlyStopping counter: 1 out of 20
Updating learning rate to 1.4175674356037976e-05
	iters: 100, epoch: 20 | loss: 0.3334442
	speed: 0.1170s/iter; left time: 37566.6176s
	iters: 200, epoch: 20 | loss: 0.4267644
	speed: 0.0237s/iter; left time: 7612.9399s
	iters: 300, epoch: 20 | loss: 0.3614174
	speed: 0.0215s/iter; left time: 6911.8438s
	iters: 400, epoch: 20 | loss: 0.4626220
	speed: 0.0232s/iter; left time: 7428.6415s
	iters: 500, epoch: 20 | loss: 0.7817345
	speed: 0.0226s/iter; left time: 7243.9054s
	iters: 600, epoch: 20 | loss: 0.3968519
	speed: 0.0223s/iter; left time: 7153.1201s
	iters: 700, epoch: 20 | loss: 0.5105284
	speed: 0.0236s/iter; left time: 7572.9885s
	iters: 800, epoch: 20 | loss: 0.3477102
	speed: 0.0228s/iter; left time: 7317.5054s
	iters: 900, epoch: 20 | loss: 0.4641292
	speed: 0.0276s/iter; left time: 8843.3709s
	iters: 1000, epoch: 20 | loss: 0.5047631
	speed: 0.0233s/iter; left time: 7467.9406s
	iters: 1100, epoch: 20 | loss: 0.4625472
	speed: 0.0215s/iter; left time: 6897.4400s
Epoch: 20 cost time: 27.49153208732605
[2025-05-28 17:45:48] [32mIntermediate result: 0.22149137  (Index 19)[0m
Epoch: 20, Steps: 1143 | Train Loss: 0.4966518 Vali Loss: 0.4873817 Test Loss: 0.2214914
Validation loss decreased (0.493202 --> 0.487382).  Saving model ...
Updating learning rate to 1.523007612385421e-05
	iters: 100, epoch: 21 | loss: 0.5056024
	speed: 0.1313s/iter; left time: 42015.0746s
	iters: 200, epoch: 21 | loss: 0.3509762
	speed: 0.0255s/iter; left time: 8144.9355s
	iters: 300, epoch: 21 | loss: 0.9088770
	speed: 0.0256s/iter; left time: 8187.2828s
	iters: 400, epoch: 21 | loss: 0.4877357
	speed: 0.0215s/iter; left time: 6884.0827s
	iters: 500, epoch: 21 | loss: 0.4813363
	speed: 0.0244s/iter; left time: 7781.7488s
	iters: 600, epoch: 21 | loss: 0.3915500
	speed: 0.0216s/iter; left time: 6903.0782s
	iters: 700, epoch: 21 | loss: 0.4328028
	speed: 0.0237s/iter; left time: 7578.0545s
	iters: 800, epoch: 21 | loss: 0.3493720
	speed: 0.0254s/iter; left time: 8112.9410s
	iters: 900, epoch: 21 | loss: 0.3251821
	speed: 0.0226s/iter; left time: 7220.9343s
	iters: 1000, epoch: 21 | loss: 0.6150414
	speed: 0.0186s/iter; left time: 5938.2158s
	iters: 1100, epoch: 21 | loss: 0.3258699
	speed: 0.0223s/iter; left time: 7108.2431s
Epoch: 21 cost time: 26.323129653930664
[2025-05-28 17:46:23] [32mIntermediate result: 0.22012837  (Index 20)[0m
Epoch: 21, Steps: 1143 | Train Loss: 0.4947142 Vali Loss: 0.4901028 Test Loss: 0.2201284
EarlyStopping counter: 1 out of 20
Updating learning rate to 1.6329277250838037e-05
	iters: 100, epoch: 22 | loss: 0.4430381
	speed: 0.1201s/iter; left time: 38293.8161s
	iters: 200, epoch: 22 | loss: 0.4702680
	speed: 0.0227s/iter; left time: 7218.8831s
	iters: 300, epoch: 22 | loss: 0.4202076
	speed: 0.0227s/iter; left time: 7241.0565s
	iters: 400, epoch: 22 | loss: 0.4362380
	speed: 0.0232s/iter; left time: 7383.4726s
	iters: 500, epoch: 22 | loss: 0.5045781
	speed: 0.0235s/iter; left time: 7477.8299s
	iters: 600, epoch: 22 | loss: 0.4379693
	speed: 0.0251s/iter; left time: 7995.3774s
	iters: 700, epoch: 22 | loss: 0.4445861
	speed: 0.0239s/iter; left time: 7600.8890s
	iters: 800, epoch: 22 | loss: 0.2901946
	speed: 0.0263s/iter; left time: 8380.1698s
	iters: 900, epoch: 22 | loss: 0.6103254
	speed: 0.0217s/iter; left time: 6885.3624s
	iters: 1000, epoch: 22 | loss: 0.9215657
	speed: 0.0231s/iter; left time: 7352.8245s
	iters: 1100, epoch: 22 | loss: 0.4704395
	speed: 0.0238s/iter; left time: 7564.4974s
Epoch: 22 cost time: 27.8157958984375
[2025-05-28 17:46:59] [32mIntermediate result: 0.21858975  (Index 21)[0m
Epoch: 22, Steps: 1143 | Train Loss: 0.4928744 Vali Loss: 0.4816315 Test Loss: 0.2185898
Validation loss decreased (0.487382 --> 0.481632).  Saving model ...
Updating learning rate to 1.7471938503700612e-05
	iters: 100, epoch: 23 | loss: 1.3123856
	speed: 0.1281s/iter; left time: 40704.5454s
	iters: 200, epoch: 23 | loss: 0.4325502
	speed: 0.0270s/iter; left time: 8576.1641s
	iters: 300, epoch: 23 | loss: 0.4033032
	speed: 0.0278s/iter; left time: 8827.4575s
	iters: 400, epoch: 23 | loss: 0.3689773
	speed: 0.0248s/iter; left time: 7856.7256s
	iters: 500, epoch: 23 | loss: 1.2745199
	speed: 0.0235s/iter; left time: 7442.8218s
	iters: 600, epoch: 23 | loss: 0.3627958
	speed: 0.0204s/iter; left time: 6458.4577s
	iters: 700, epoch: 23 | loss: 0.5105764
	speed: 0.0240s/iter; left time: 7597.9634s
	iters: 800, epoch: 23 | loss: 0.2958253
	speed: 0.0210s/iter; left time: 6659.2724s
	iters: 900, epoch: 23 | loss: 0.3496807
	speed: 0.0241s/iter; left time: 7625.3388s
	iters: 1000, epoch: 23 | loss: 0.3497718
	speed: 0.0217s/iter; left time: 6885.1096s
	iters: 1100, epoch: 23 | loss: 0.3478207
	speed: 0.0203s/iter; left time: 6419.5381s
Epoch: 23 cost time: 27.69227385520935
[2025-05-28 17:47:35] [32mIntermediate result: 0.21892592  (Index 22)[0m
Epoch: 23, Steps: 1143 | Train Loss: 0.4910666 Vali Loss: 0.4875003 Test Loss: 0.2189259
EarlyStopping counter: 1 out of 20
Updating learning rate to 1.8656667698654754e-05
	iters: 100, epoch: 24 | loss: 0.8074234
	speed: 0.1225s/iter; left time: 38786.5190s
	iters: 200, epoch: 24 | loss: 0.4246933
	speed: 0.0286s/iter; left time: 9045.0965s
	iters: 300, epoch: 24 | loss: 0.4456213
	speed: 0.0227s/iter; left time: 7181.0237s
	iters: 400, epoch: 24 | loss: 0.4244867
	speed: 0.0236s/iter; left time: 7473.8007s
	iters: 500, epoch: 24 | loss: 0.4081897
	speed: 0.0241s/iter; left time: 7605.1969s
	iters: 600, epoch: 24 | loss: 0.4362807
	speed: 0.0219s/iter; left time: 6929.5512s
	iters: 700, epoch: 24 | loss: 0.5145292
	speed: 0.0327s/iter; left time: 10345.4193s
	iters: 800, epoch: 24 | loss: 0.3111381
	speed: 0.0236s/iter; left time: 7450.3950s
	iters: 900, epoch: 24 | loss: 0.3319364
	speed: 0.0291s/iter; left time: 9182.6550s
	iters: 1000, epoch: 24 | loss: 0.4189529
	speed: 0.0298s/iter; left time: 9418.1592s
	iters: 1100, epoch: 24 | loss: 0.4484854
	speed: 0.0259s/iter; left time: 8172.8099s
Epoch: 24 cost time: 30.193181037902832
[2025-05-28 17:48:13] [32mIntermediate result: 0.21779555  (Index 23)[0m
Epoch: 24, Steps: 1143 | Train Loss: 0.4889889 Vali Loss: 0.4804139 Test Loss: 0.2177956
Validation loss decreased (0.481632 --> 0.480414).  Saving model ...
Updating learning rate to 1.9882021397609633e-05
	iters: 100, epoch: 25 | loss: 0.3815735
	speed: 0.1224s/iter; left time: 38606.1417s
	iters: 200, epoch: 25 | loss: 0.4813687
	speed: 0.0235s/iter; left time: 7413.4740s
	iters: 300, epoch: 25 | loss: 0.3542865
	speed: 0.0205s/iter; left time: 6459.4036s
	iters: 400, epoch: 25 | loss: 0.4439829
	speed: 0.0238s/iter; left time: 7486.2353s
	iters: 500, epoch: 25 | loss: 0.3273296
	speed: 0.0238s/iter; left time: 7481.6890s
	iters: 600, epoch: 25 | loss: 0.4192215
	speed: 0.0194s/iter; left time: 6114.4809s
	iters: 700, epoch: 25 | loss: 0.3627626
	speed: 0.0192s/iter; left time: 6055.8067s
	iters: 800, epoch: 25 | loss: 0.8199318
	speed: 0.0216s/iter; left time: 6795.2872s
	iters: 900, epoch: 25 | loss: 0.5310525
	speed: 0.0220s/iter; left time: 6935.2157s
	iters: 1000, epoch: 25 | loss: 0.4403116
	speed: 0.0201s/iter; left time: 6329.5675s
	iters: 1100, epoch: 25 | loss: 0.3407101
	speed: 0.0191s/iter; left time: 6018.5923s
Epoch: 25 cost time: 25.243021488189697
[2025-05-28 17:48:45] [32mIntermediate result: 0.21718973  (Index 24)[0m
Epoch: 25, Steps: 1143 | Train Loss: 0.4878023 Vali Loss: 0.4767767 Test Loss: 0.2171897
Validation loss decreased (0.480414 --> 0.476777).  Saving model ...
Updating learning rate to 2.114650666681178e-05
	iters: 100, epoch: 26 | loss: 0.3817239
	speed: 0.1021s/iter; left time: 32068.7229s
	iters: 200, epoch: 26 | loss: 0.4341163
	speed: 0.0209s/iter; left time: 6559.5240s
	iters: 300, epoch: 26 | loss: 0.3344678
	speed: 0.0155s/iter; left time: 4865.5903s
	iters: 400, epoch: 26 | loss: 0.4602140
	speed: 0.0149s/iter; left time: 4692.4569s
	iters: 500, epoch: 26 | loss: 0.5174025
	speed: 0.0148s/iter; left time: 4636.3690s
	iters: 600, epoch: 26 | loss: 0.4867181
	speed: 0.0146s/iter; left time: 4577.8775s
	iters: 700, epoch: 26 | loss: 0.4898634
	speed: 0.0143s/iter; left time: 4491.5092s
	iters: 800, epoch: 26 | loss: 0.3377241
	speed: 0.0144s/iter; left time: 4515.3150s
	iters: 900, epoch: 26 | loss: 0.4753557
	speed: 0.0126s/iter; left time: 3952.5138s
	iters: 1000, epoch: 26 | loss: 0.3306876
	speed: 0.0128s/iter; left time: 4000.7426s
	iters: 1100, epoch: 26 | loss: 0.4345495
	speed: 0.0125s/iter; left time: 3915.3608s
Epoch: 26 cost time: 17.78464961051941
[2025-05-28 17:49:08] [32mIntermediate result: 0.21739882  (Index 25)[0m
Epoch: 26, Steps: 1143 | Train Loss: 0.4858264 Vali Loss: 0.4775593 Test Loss: 0.2173988
EarlyStopping counter: 1 out of 20
Updating learning rate to 2.2448582895790323e-05
	iters: 100, epoch: 27 | loss: 0.8673562
	speed: 0.0780s/iter; left time: 24420.0827s
	iters: 200, epoch: 27 | loss: 0.3482493
	speed: 0.0137s/iter; left time: 4279.4473s
	iters: 300, epoch: 27 | loss: 0.4102286
	speed: 0.0136s/iter; left time: 4243.5154s
	iters: 400, epoch: 27 | loss: 0.3989496
	speed: 0.0123s/iter; left time: 3842.8170s
	iters: 500, epoch: 27 | loss: 0.3884161
	speed: 0.0122s/iter; left time: 3804.9093s
	iters: 600, epoch: 27 | loss: 0.2887627
	speed: 0.0121s/iter; left time: 3792.9310s
	iters: 700, epoch: 27 | loss: 0.4130508
	speed: 0.0121s/iter; left time: 3791.0582s
	iters: 800, epoch: 27 | loss: 0.4302765
	speed: 0.0122s/iter; left time: 3802.3968s
	iters: 900, epoch: 27 | loss: 0.4971066
	speed: 0.0123s/iter; left time: 3852.2074s
	iters: 1000, epoch: 27 | loss: 0.4552517
	speed: 0.0123s/iter; left time: 3829.8200s
	iters: 1100, epoch: 27 | loss: 0.9112757
	speed: 0.0122s/iter; left time: 3804.5287s
Epoch: 27 cost time: 14.869509935379028
[2025-05-28 17:49:30] [32mIntermediate result: 0.21584408  (Index 26)[0m
Epoch: 27, Steps: 1143 | Train Loss: 0.4852334 Vali Loss: 0.4776773 Test Loss: 0.2158441
EarlyStopping counter: 2 out of 20
Updating learning rate to 2.378666367439e-05
	iters: 100, epoch: 28 | loss: 0.3189544
	speed: 0.1070s/iter; left time: 33373.0628s
	iters: 200, epoch: 28 | loss: 0.3331248
	speed: 0.0248s/iter; left time: 7726.3578s
	iters: 300, epoch: 28 | loss: 0.4435945
	speed: 0.0241s/iter; left time: 7522.1089s
	iters: 400, epoch: 28 | loss: 0.5413797
	speed: 0.0232s/iter; left time: 7221.3598s
	iters: 500, epoch: 28 | loss: 0.5526158
	speed: 0.0235s/iter; left time: 7313.2852s
	iters: 600, epoch: 28 | loss: 0.3749429
	speed: 0.0215s/iter; left time: 6684.8001s
	iters: 700, epoch: 28 | loss: 0.4155081
	speed: 0.0253s/iter; left time: 7882.3036s
	iters: 800, epoch: 28 | loss: 0.3047805
	speed: 0.0320s/iter; left time: 9944.7753s
	iters: 900, epoch: 28 | loss: 0.3969962
	speed: 0.0234s/iter; left time: 7269.2184s
	iters: 1000, epoch: 28 | loss: 0.3696121
	speed: 0.0230s/iter; left time: 7158.3982s
	iters: 1100, epoch: 28 | loss: 0.4146473
	speed: 0.0221s/iter; left time: 6865.8671s
Epoch: 28 cost time: 28.239702701568604
[2025-05-28 17:50:06] [32mIntermediate result: 0.21469904  (Index 27)[0m
Epoch: 28, Steps: 1143 | Train Loss: 0.4831458 Vali Loss: 0.4749016 Test Loss: 0.2146990
Validation loss decreased (0.476777 --> 0.474902).  Saving model ...
Updating learning rate to 2.515911872560508e-05
	iters: 100, epoch: 29 | loss: 0.3935077
	speed: 0.1104s/iter; left time: 34303.8051s
	iters: 200, epoch: 29 | loss: 0.4129393
	speed: 0.0250s/iter; left time: 7766.2798s
	iters: 300, epoch: 29 | loss: 0.4205331
	speed: 0.0212s/iter; left time: 6580.5869s
	iters: 400, epoch: 29 | loss: 0.7453488
	speed: 0.0248s/iter; left time: 7698.7666s
	iters: 500, epoch: 29 | loss: 0.4066194
	speed: 0.0309s/iter; left time: 9585.3903s
	iters: 600, epoch: 29 | loss: 0.3713900
	speed: 0.0259s/iter; left time: 8036.6750s
	iters: 700, epoch: 29 | loss: 0.4171152
	speed: 0.0186s/iter; left time: 5757.8182s
	iters: 800, epoch: 29 | loss: 0.4529929
	speed: 0.0220s/iter; left time: 6834.2843s
	iters: 900, epoch: 29 | loss: 0.4218871
	speed: 0.0230s/iter; left time: 7145.1384s
	iters: 1000, epoch: 29 | loss: 0.4398187
	speed: 0.0233s/iter; left time: 7227.3146s
	iters: 1100, epoch: 29 | loss: 0.5121533
	speed: 0.0249s/iter; left time: 7701.6216s
Epoch: 29 cost time: 27.749300003051758
[2025-05-28 17:50:41] [32mIntermediate result: 0.2176808  (Index 28)[0m
Epoch: 29, Steps: 1143 | Train Loss: 0.4818217 Vali Loss: 0.4745364 Test Loss: 0.2176808
Validation loss decreased (0.474902 --> 0.474536).  Saving model ...
Updating learning rate to 2.6564275891859568e-05
	iters: 100, epoch: 30 | loss: 0.4040663
	speed: 0.1174s/iter; left time: 36342.1911s
	iters: 200, epoch: 30 | loss: 0.8169410
	speed: 0.0281s/iter; left time: 8709.9680s
	iters: 300, epoch: 30 | loss: 0.9792276
	speed: 0.0308s/iter; left time: 9530.9764s
	iters: 400, epoch: 30 | loss: 0.4564593
	speed: 0.0187s/iter; left time: 5795.6981s
	iters: 500, epoch: 30 | loss: 0.9875121
	speed: 0.0226s/iter; left time: 6982.7545s
	iters: 600, epoch: 30 | loss: 0.3553246
	speed: 0.0240s/iter; left time: 7433.2343s
	iters: 700, epoch: 30 | loss: 0.3957977
	speed: 0.0238s/iter; left time: 7342.3270s
	iters: 800, epoch: 30 | loss: 0.3731584
	speed: 0.0221s/iter; left time: 6823.9353s
	iters: 900, epoch: 30 | loss: 0.4691811
	speed: 0.0216s/iter; left time: 6677.2267s
	iters: 1000, epoch: 30 | loss: 0.5094156
	speed: 0.0223s/iter; left time: 6887.7355s
	iters: 1100, epoch: 30 | loss: 0.4452613
	speed: 0.0216s/iter; left time: 6655.7095s
Epoch: 30 cost time: 27.770949840545654
[2025-05-28 17:51:17] [32mIntermediate result: 0.21383893  (Index 29)[0m
Epoch: 30, Steps: 1143 | Train Loss: 0.4821213 Vali Loss: 0.4731152 Test Loss: 0.2138389
Validation loss decreased (0.474536 --> 0.473115).  Saving model ...
Updating learning rate to 2.8000423172313003e-05
	iters: 100, epoch: 31 | loss: 0.3809267
	speed: 0.1184s/iter; left time: 36531.2887s
	iters: 200, epoch: 31 | loss: 0.7551185
	speed: 0.0187s/iter; left time: 5755.7270s
	iters: 300, epoch: 31 | loss: 0.4365170
	speed: 0.0231s/iter; left time: 7126.9589s
	iters: 400, epoch: 31 | loss: 0.3888894
	speed: 0.0228s/iter; left time: 7036.8716s
	iters: 500, epoch: 31 | loss: 0.4221476
	speed: 0.0234s/iter; left time: 7218.7908s
	iters: 600, epoch: 31 | loss: 0.4500392
	speed: 0.0232s/iter; left time: 7137.1830s
	iters: 700, epoch: 31 | loss: 1.1891273
	speed: 0.0233s/iter; left time: 7187.3596s
	iters: 800, epoch: 31 | loss: 0.5885468
	speed: 0.0219s/iter; left time: 6753.7983s
	iters: 900, epoch: 31 | loss: 0.3803029
	speed: 0.0229s/iter; left time: 7057.8835s
	iters: 1000, epoch: 31 | loss: 0.3599783
	speed: 0.0202s/iter; left time: 6219.2911s
	iters: 1100, epoch: 31 | loss: 0.4253837
	speed: 0.0292s/iter; left time: 8990.1723s
Epoch: 31 cost time: 26.332101106643677
[2025-05-28 17:51:52] [32mIntermediate result: 0.21480182  (Index 30)[0m
Epoch: 31, Steps: 1143 | Train Loss: 0.4803307 Vali Loss: 0.4704911 Test Loss: 0.2148018
Validation loss decreased (0.473115 --> 0.470491).  Saving model ...
Updating learning rate to 2.9465810808710486e-05
	iters: 100, epoch: 32 | loss: 0.9194803
	speed: 0.1194s/iter; left time: 36696.3647s
	iters: 200, epoch: 32 | loss: 0.4567126
	speed: 0.0248s/iter; left time: 7626.3862s
	iters: 300, epoch: 32 | loss: 0.8338324
	speed: 0.0240s/iter; left time: 7360.0987s
	iters: 400, epoch: 32 | loss: 0.8151582
	speed: 0.0253s/iter; left time: 7780.8137s
	iters: 500, epoch: 32 | loss: 0.4362736
	speed: 0.0237s/iter; left time: 7272.9193s
	iters: 600, epoch: 32 | loss: 1.1332043
	speed: 0.0222s/iter; left time: 6826.0612s
	iters: 700, epoch: 32 | loss: 0.8305265
	speed: 0.0210s/iter; left time: 6443.7653s
	iters: 800, epoch: 32 | loss: 0.3968652
	speed: 0.0207s/iter; left time: 6347.0944s
	iters: 900, epoch: 32 | loss: 0.8132358
	speed: 0.0194s/iter; left time: 5953.6278s
	iters: 1000, epoch: 32 | loss: 0.3084875
	speed: 0.0301s/iter; left time: 9229.5735s
	iters: 1100, epoch: 32 | loss: 0.3382299
	speed: 0.0270s/iter; left time: 8260.1155s
Epoch: 32 cost time: 27.21731925010681
[2025-05-28 17:52:26] [32mIntermediate result: 0.21597503  (Index 31)[0m
Epoch: 32, Steps: 1143 | Train Loss: 0.4792453 Vali Loss: 0.4725326 Test Loss: 0.2159750
EarlyStopping counter: 1 out of 20
Updating learning rate to 3.0958653417234976e-05
	iters: 100, epoch: 33 | loss: 0.8905198
	speed: 0.1073s/iter; left time: 32865.5619s
	iters: 200, epoch: 33 | loss: 0.5033339
	speed: 0.0214s/iter; left time: 6562.4983s
	iters: 300, epoch: 33 | loss: 0.4697604
	speed: 0.0233s/iter; left time: 7130.6354s
	iters: 400, epoch: 33 | loss: 1.3141471
	speed: 0.0214s/iter; left time: 6537.0632s
	iters: 500, epoch: 33 | loss: 0.3772308
	speed: 0.0216s/iter; left time: 6598.8876s
	iters: 600, epoch: 33 | loss: 0.3299593
	speed: 0.0257s/iter; left time: 7844.1264s
	iters: 700, epoch: 33 | loss: 0.2966349
	speed: 0.0189s/iter; left time: 5776.8863s
	iters: 800, epoch: 33 | loss: 0.3405868
	speed: 0.0303s/iter; left time: 9251.8517s
	iters: 900, epoch: 33 | loss: 0.3019443
	speed: 0.0234s/iter; left time: 7144.0669s
	iters: 1000, epoch: 33 | loss: 0.9113163
	speed: 0.0200s/iter; left time: 6095.7707s
	iters: 1100, epoch: 33 | loss: 0.3757087
	speed: 0.0221s/iter; left time: 6731.0457s
Epoch: 33 cost time: 26.508140563964844
[2025-05-28 17:53:00] [32mIntermediate result: 0.21454443  (Index 32)[0m
Epoch: 33, Steps: 1143 | Train Loss: 0.4777024 Vali Loss: 0.4714164 Test Loss: 0.2145444
EarlyStopping counter: 2 out of 20
Updating learning rate to 3.247713216376472e-05
	iters: 100, epoch: 34 | loss: 0.8324594
	speed: 0.1100s/iter; left time: 33569.0650s
	iters: 200, epoch: 34 | loss: 0.9063147
	speed: 0.0224s/iter; left time: 6844.4758s
	iters: 300, epoch: 34 | loss: 0.4179958
	speed: 0.0207s/iter; left time: 6325.4243s
	iters: 400, epoch: 34 | loss: 0.4216775
	speed: 0.0246s/iter; left time: 7510.5609s
	iters: 500, epoch: 34 | loss: 0.4486943
	speed: 0.0190s/iter; left time: 5802.1319s
	iters: 600, epoch: 34 | loss: 1.0570983
	speed: 0.0280s/iter; left time: 8521.6208s
	iters: 700, epoch: 34 | loss: 0.8500593
	speed: 0.0273s/iter; left time: 8313.1572s
	iters: 800, epoch: 34 | loss: 0.3746030
	speed: 0.0187s/iter; left time: 5682.5452s
	iters: 900, epoch: 34 | loss: 0.2922291
	speed: 0.0225s/iter; left time: 6833.5195s
	iters: 1000, epoch: 34 | loss: 0.8010655
	speed: 0.0215s/iter; left time: 6551.3827s
	iters: 1100, epoch: 34 | loss: 0.3722677
	speed: 0.0233s/iter; left time: 7076.5069s
Epoch: 34 cost time: 26.466144323349
[2025-05-28 17:53:34] [32mIntermediate result: 0.21428196  (Index 33)[0m
Epoch: 34, Steps: 1143 | Train Loss: 0.4770212 Vali Loss: 0.4695813 Test Loss: 0.2142820
Validation loss decreased (0.470491 --> 0.469581).  Saving model ...
Updating learning rate to 3.401939697988557e-05
	iters: 100, epoch: 35 | loss: 0.3912025
	speed: 0.1036s/iter; left time: 31475.3017s
	iters: 200, epoch: 35 | loss: 0.4135032
	speed: 0.0178s/iter; left time: 5396.1575s
	iters: 300, epoch: 35 | loss: 0.3317025
	speed: 0.0258s/iter; left time: 7845.1647s
	iters: 400, epoch: 35 | loss: 0.4497886
	speed: 0.0286s/iter; left time: 8687.1540s
	iters: 500, epoch: 35 | loss: 0.9168569
	speed: 0.0295s/iter; left time: 8969.5172s
	iters: 600, epoch: 35 | loss: 0.8826312
	speed: 0.0187s/iter; left time: 5659.9889s
	iters: 700, epoch: 35 | loss: 0.3097061
	speed: 0.0235s/iter; left time: 7116.4066s
	iters: 800, epoch: 35 | loss: 0.8950958
	speed: 0.0230s/iter; left time: 6977.5261s
	iters: 900, epoch: 35 | loss: 0.2820018
	speed: 0.0232s/iter; left time: 7020.4332s
	iters: 1000, epoch: 35 | loss: 0.9188869
	speed: 0.0231s/iter; left time: 6988.3553s
	iters: 1100, epoch: 35 | loss: 0.3356169
	speed: 0.0266s/iter; left time: 8055.9531s
Epoch: 35 cost time: 27.563749074935913
[2025-05-28 17:54:09] [32mIntermediate result: 0.21478307  (Index 34)[0m
Epoch: 35, Steps: 1143 | Train Loss: 0.4756937 Vali Loss: 0.4759721 Test Loss: 0.2147831
EarlyStopping counter: 1 out of 20
Updating learning rate to 3.5583568816958136e-05
	iters: 100, epoch: 36 | loss: 0.3594445
	speed: 0.1232s/iter; left time: 37319.0960s
	iters: 200, epoch: 36 | loss: 0.4246315
	speed: 0.0293s/iter; left time: 8855.5798s
	iters: 300, epoch: 36 | loss: 0.5420245
	speed: 0.0169s/iter; left time: 5125.3868s
	iters: 400, epoch: 36 | loss: 0.3899091
	speed: 0.0235s/iter; left time: 7094.6405s
	iters: 500, epoch: 36 | loss: 0.3168325
	speed: 0.0247s/iter; left time: 7478.1494s
	iters: 600, epoch: 36 | loss: 0.3256481
	speed: 0.0239s/iter; left time: 7229.6870s
	iters: 700, epoch: 36 | loss: 0.4040839
	speed: 0.0248s/iter; left time: 7481.2787s
	iters: 800, epoch: 36 | loss: 0.3806856
	speed: 0.0251s/iter; left time: 7570.0232s
	iters: 900, epoch: 36 | loss: 0.4776939
	speed: 0.0239s/iter; left time: 7227.9700s
	iters: 1000, epoch: 36 | loss: 0.4023776
	speed: 0.0237s/iter; left time: 7139.9829s
	iters: 1100, epoch: 36 | loss: 0.8029330
	speed: 0.0199s/iter; left time: 6020.6269s
Epoch: 36 cost time: 28.090458393096924
[2025-05-28 17:54:45] [32mIntermediate result: 0.21561782  (Index 35)[0m
Epoch: 36, Steps: 1143 | Train Loss: 0.4752968 Vali Loss: 0.4704996 Test Loss: 0.2156178
EarlyStopping counter: 2 out of 20
Updating learning rate to 3.716774193549369e-05
	iters: 100, epoch: 37 | loss: 0.3381517
	speed: 0.1252s/iter; left time: 37755.4326s
	iters: 200, epoch: 37 | loss: 0.3317920
	speed: 0.0235s/iter; left time: 7075.8755s
	iters: 300, epoch: 37 | loss: 0.3227193
	speed: 0.0255s/iter; left time: 7674.3480s
	iters: 400, epoch: 37 | loss: 0.3896112
	speed: 0.0244s/iter; left time: 7342.2642s
	iters: 500, epoch: 37 | loss: 0.4004786
	speed: 0.0242s/iter; left time: 7285.3598s
	iters: 600, epoch: 37 | loss: 0.3477615
	speed: 0.0246s/iter; left time: 7411.8060s
	iters: 700, epoch: 37 | loss: 0.5732526
	speed: 0.0244s/iter; left time: 7347.2107s
	iters: 800, epoch: 37 | loss: 0.4012177
	speed: 0.0193s/iter; left time: 5815.4428s
	iters: 900, epoch: 37 | loss: 0.4556083
	speed: 0.0235s/iter; left time: 7064.8843s
	iters: 1000, epoch: 37 | loss: 0.4178786
	speed: 0.0262s/iter; left time: 7873.1730s
	iters: 1100, epoch: 37 | loss: 0.4326645
	speed: 0.0267s/iter; left time: 8036.2098s
Epoch: 37 cost time: 28.04953622817993
[2025-05-28 17:55:21] [32mIntermediate result: 0.21626496  (Index 36)[0m
Epoch: 37, Steps: 1143 | Train Loss: 0.4749854 Vali Loss: 0.4734190 Test Loss: 0.2162650
EarlyStopping counter: 3 out of 20
Updating learning rate to 3.876998622704927e-05
	iters: 100, epoch: 38 | loss: 0.3717926
	speed: 0.1063s/iter; left time: 31949.3483s
	iters: 200, epoch: 38 | loss: 0.4860861
	speed: 0.0226s/iter; left time: 6776.6495s
	iters: 300, epoch: 38 | loss: 0.8591710
	speed: 0.0210s/iter; left time: 6302.2102s
	iters: 400, epoch: 38 | loss: 0.2469608
	speed: 0.0250s/iter; left time: 7515.9999s
	iters: 500, epoch: 38 | loss: 0.4119575
	speed: 0.0225s/iter; left time: 6756.3231s
	iters: 600, epoch: 38 | loss: 0.3995904
	speed: 0.0174s/iter; left time: 5217.4245s
	iters: 700, epoch: 38 | loss: 0.4764940
	speed: 0.0251s/iter; left time: 7521.2598s
	iters: 800, epoch: 38 | loss: 0.4584997
	speed: 0.0264s/iter; left time: 7905.3588s
	iters: 900, epoch: 38 | loss: 0.3866956
	speed: 0.0311s/iter; left time: 9316.7076s
	iters: 1000, epoch: 38 | loss: 0.4666962
	speed: 0.0180s/iter; left time: 5381.9421s
	iters: 1100, epoch: 38 | loss: 0.4280571
	speed: 0.0201s/iter; left time: 6033.1302s
Epoch: 38 cost time: 26.28562092781067
[2025-05-28 17:55:54] [32mIntermediate result: 0.21521157  (Index 37)[0m
Epoch: 38, Steps: 1143 | Train Loss: 0.4735183 Vali Loss: 0.4768941 Test Loss: 0.2152116
EarlyStopping counter: 4 out of 20
Updating learning rate to 4.038834956581319e-05
	iters: 100, epoch: 39 | loss: 0.2814900
	speed: 0.1086s/iter; left time: 32522.6744s
	iters: 200, epoch: 39 | loss: 0.4631746
	speed: 0.0240s/iter; left time: 7197.1230s
	iters: 300, epoch: 39 | loss: 0.3403943
	speed: 0.0235s/iter; left time: 7035.0705s
	iters: 400, epoch: 39 | loss: 0.3519057
	speed: 0.0186s/iter; left time: 5571.3213s
	iters: 500, epoch: 39 | loss: 0.4271435
	speed: 0.0236s/iter; left time: 7064.1402s
	iters: 600, epoch: 39 | loss: 0.2964039
	speed: 0.0263s/iter; left time: 7858.5087s
	iters: 700, epoch: 39 | loss: 0.3882553
	speed: 0.0303s/iter; left time: 9060.6536s
	iters: 800, epoch: 39 | loss: 0.5428140
	speed: 0.0169s/iter; left time: 5055.7625s
	iters: 900, epoch: 39 | loss: 0.8711961
	speed: 0.0227s/iter; left time: 6775.1979s
	iters: 1000, epoch: 39 | loss: 0.8778455
	speed: 0.0210s/iter; left time: 6265.7730s
	iters: 1100, epoch: 39 | loss: 0.4532353
	speed: 0.0204s/iter; left time: 6075.8014s
Epoch: 39 cost time: 26.4432475566864
[2025-05-28 17:56:27] [32mIntermediate result: 0.21314341  (Index 38)[0m
Epoch: 39, Steps: 1143 | Train Loss: 0.4729978 Vali Loss: 0.4717576 Test Loss: 0.2131434
EarlyStopping counter: 5 out of 20
Updating learning rate to 4.202086018701593e-05
	iters: 100, epoch: 40 | loss: 0.3910352
	speed: 0.1016s/iter; left time: 30287.1435s
	iters: 200, epoch: 40 | loss: 0.3178137
	speed: 0.0202s/iter; left time: 6023.0160s
	iters: 300, epoch: 40 | loss: 0.4036059
	speed: 0.0250s/iter; left time: 7464.4563s
	iters: 400, epoch: 40 | loss: 0.5099320
	speed: 0.0190s/iter; left time: 5648.0918s
	iters: 500, epoch: 40 | loss: 0.5300587
	speed: 0.0298s/iter; left time: 8869.3292s
	iters: 600, epoch: 40 | loss: 0.3374687
	speed: 0.0252s/iter; left time: 7499.6443s
	iters: 700, epoch: 40 | loss: 0.3027677
	speed: 0.0221s/iter; left time: 6572.0245s
	iters: 800, epoch: 40 | loss: 0.4565732
	speed: 0.0245s/iter; left time: 7275.3901s
	iters: 900, epoch: 40 | loss: 0.3521741
	speed: 0.0228s/iter; left time: 6776.2778s
	iters: 1000, epoch: 40 | loss: 0.8592235
	speed: 0.0235s/iter; left time: 6996.0009s
	iters: 1100, epoch: 40 | loss: 0.3539360
	speed: 0.0238s/iter; left time: 7088.5025s
Epoch: 40 cost time: 27.092090606689453
[2025-05-28 17:57:02] [32mIntermediate result: 0.21704884  (Index 39)[0m
Epoch: 40, Steps: 1143 | Train Loss: 0.4713151 Vali Loss: 0.4726586 Test Loss: 0.2170488
EarlyStopping counter: 6 out of 20
Updating learning rate to 4.366552908926846e-05
	iters: 100, epoch: 41 | loss: 0.8799794
	speed: 0.1112s/iter; left time: 33038.0616s
	iters: 200, epoch: 41 | loss: 0.3959787
	speed: 0.0267s/iter; left time: 7924.4698s
	iters: 300, epoch: 41 | loss: 0.4193641
	speed: 0.0296s/iter; left time: 8788.8576s
	iters: 400, epoch: 41 | loss: 1.2551684
	speed: 0.0185s/iter; left time: 5498.1283s
	iters: 500, epoch: 41 | loss: 0.4136332
	speed: 0.0231s/iter; left time: 6857.5828s
	iters: 600, epoch: 41 | loss: 0.4548421
	speed: 0.0238s/iter; left time: 7056.0953s
	iters: 700, epoch: 41 | loss: 0.3186674
	speed: 0.0227s/iter; left time: 6733.8191s
	iters: 800, epoch: 41 | loss: 0.4709067
	speed: 0.0223s/iter; left time: 6617.1632s
	iters: 900, epoch: 41 | loss: 0.3840732
	speed: 0.0229s/iter; left time: 6798.0471s
	iters: 1000, epoch: 41 | loss: 0.3714851
	speed: 0.0231s/iter; left time: 6829.1006s
	iters: 1100, epoch: 41 | loss: 0.9163029
	speed: 0.0241s/iter; left time: 7124.1561s
Epoch: 41 cost time: 27.730191230773926
[2025-05-28 17:57:37] [32mIntermediate result: 0.21425419  (Index 40)[0m
Epoch: 41, Steps: 1143 | Train Loss: 0.4721108 Vali Loss: 0.4745700 Test Loss: 0.2142542
EarlyStopping counter: 7 out of 20
Updating learning rate to 4.5320352457901176e-05
	iters: 100, epoch: 42 | loss: 0.6116338
	speed: 0.1203s/iter; left time: 35589.4912s
	iters: 200, epoch: 42 | loss: 0.3302490
	speed: 0.0169s/iter; left time: 5007.9543s
	iters: 300, epoch: 42 | loss: 0.4126166
	speed: 0.0234s/iter; left time: 6929.7334s
	iters: 400, epoch: 42 | loss: 0.3329062
	speed: 0.0235s/iter; left time: 6933.5323s
	iters: 500, epoch: 42 | loss: 0.3721836
	speed: 0.0217s/iter; left time: 6419.2902s
	iters: 600, epoch: 42 | loss: 0.7971138
	speed: 0.0233s/iter; left time: 6872.8634s
	iters: 700, epoch: 42 | loss: 0.3810145
	speed: 0.0241s/iter; left time: 7107.6135s
	iters: 800, epoch: 42 | loss: 0.9226320
	speed: 0.0247s/iter; left time: 7307.0142s
	iters: 900, epoch: 42 | loss: 0.3339159
	speed: 0.0251s/iter; left time: 7420.0203s
	iters: 1000, epoch: 42 | loss: 0.9283148
	speed: 0.0193s/iter; left time: 5689.8710s
	iters: 1100, epoch: 42 | loss: 0.4097879
	speed: 0.0273s/iter; left time: 8055.3086s
Epoch: 42 cost time: 27.318976640701294
[2025-05-28 17:58:13] [32mIntermediate result: 0.21583056  (Index 41)[0m
Epoch: 42, Steps: 1143 | Train Loss: 0.4709920 Vali Loss: 0.4711544 Test Loss: 0.2158306
EarlyStopping counter: 8 out of 20
Updating learning rate to 4.698331410635082e-05
	iters: 100, epoch: 43 | loss: 0.3429091
	speed: 0.1253s/iter; left time: 36941.9715s
	iters: 200, epoch: 43 | loss: 0.3962837
	speed: 0.0246s/iter; left time: 7241.1080s
	iters: 300, epoch: 43 | loss: 0.5360767
	speed: 0.0245s/iter; left time: 7217.5657s
	iters: 400, epoch: 43 | loss: 0.3421264
	speed: 0.0237s/iter; left time: 6971.6329s
	iters: 500, epoch: 43 | loss: 0.8937490
	speed: 0.0245s/iter; left time: 7225.9939s
	iters: 600, epoch: 43 | loss: 0.2719793
	speed: 0.0248s/iter; left time: 7305.0000s
	iters: 700, epoch: 43 | loss: 0.5097783
	speed: 0.0199s/iter; left time: 5862.4269s
	iters: 800, epoch: 43 | loss: 0.3320966
	speed: 0.0263s/iter; left time: 7743.4509s
	iters: 900, epoch: 43 | loss: 0.5444937
	speed: 0.0226s/iter; left time: 6638.3907s
	iters: 1000, epoch: 43 | loss: 0.9622709
	speed: 0.0311s/iter; left time: 9130.4905s
	iters: 1100, epoch: 43 | loss: 0.8765650
	speed: 0.0197s/iter; left time: 5776.3230s
Epoch: 43 cost time: 27.695054531097412
[2025-05-28 17:58:48] [32mIntermediate result: 0.21386597  (Index 42)[0m
Epoch: 43, Steps: 1143 | Train Loss: 0.4683230 Vali Loss: 0.4720165 Test Loss: 0.2138660
EarlyStopping counter: 9 out of 20
Updating learning rate to 4.865238793262106e-05
	iters: 100, epoch: 44 | loss: 0.4453818
	speed: 0.1101s/iter; left time: 32323.9075s
	iters: 200, epoch: 44 | loss: 0.8689252
	speed: 0.0214s/iter; left time: 6274.3515s
	iters: 300, epoch: 44 | loss: 1.0030087
	speed: 0.0223s/iter; left time: 6531.3091s
	iters: 400, epoch: 44 | loss: 0.3531138
	speed: 0.0256s/iter; left time: 7524.3160s
	iters: 500, epoch: 44 | loss: 0.4281105
	speed: 0.0214s/iter; left time: 6264.5484s
	iters: 600, epoch: 44 | loss: 0.8368075
	speed: 0.0243s/iter; left time: 7113.7207s
	iters: 700, epoch: 44 | loss: 0.4061725
	speed: 0.0265s/iter; left time: 7760.1064s
	iters: 800, epoch: 44 | loss: 0.3251305
	speed: 0.0314s/iter; left time: 9204.6921s
	iters: 900, epoch: 44 | loss: 0.6414014
	speed: 0.0175s/iter; left time: 5124.4192s
	iters: 1000, epoch: 44 | loss: 0.3266144
	speed: 0.0207s/iter; left time: 6046.0458s
	iters: 1100, epoch: 44 | loss: 0.4485935
	speed: 0.0211s/iter; left time: 6180.5646s
Epoch: 44 cost time: 26.748809337615967
[2025-05-28 17:59:22] [32mIntermediate result: 0.21523717  (Index 43)[0m
Epoch: 44, Steps: 1143 | Train Loss: 0.4682465 Vali Loss: 0.4746785 Test Loss: 0.2152372
EarlyStopping counter: 10 out of 20
Updating learning rate to 5.0325540387823624e-05
	iters: 100, epoch: 45 | loss: 0.3855573
	speed: 0.1077s/iter; left time: 31495.0667s
	iters: 200, epoch: 45 | loss: 0.3973632
	speed: 0.0208s/iter; left time: 6079.4271s
	iters: 300, epoch: 45 | loss: 0.3723474
	speed: 0.0176s/iter; left time: 5158.3307s
	iters: 400, epoch: 45 | loss: 0.5638032
	speed: 0.0250s/iter; left time: 7290.7118s
	iters: 500, epoch: 45 | loss: 0.3115183
	speed: 0.0192s/iter; left time: 5604.6097s
	iters: 600, epoch: 45 | loss: 0.3514482
	speed: 0.0276s/iter; left time: 8049.0018s
	iters: 700, epoch: 45 | loss: 0.4470660
	speed: 0.0241s/iter; left time: 7047.7029s
	iters: 800, epoch: 45 | loss: 0.3092842
	speed: 0.0169s/iter; left time: 4927.5600s
	iters: 900, epoch: 45 | loss: 0.4133136
	speed: 0.0227s/iter; left time: 6628.6566s
	iters: 1000, epoch: 45 | loss: 0.3117622
	speed: 0.0236s/iter; left time: 6880.1491s
	iters: 1100, epoch: 45 | loss: 0.3555669
	speed: 0.0243s/iter; left time: 7082.5006s
Epoch: 45 cost time: 25.62551259994507
[2025-05-28 17:59:56] [32mIntermediate result: 0.21408586  (Index 44)[0m
Epoch: 45, Steps: 1143 | Train Loss: 0.4689817 Vali Loss: 0.4716246 Test Loss: 0.2140859
EarlyStopping counter: 11 out of 20
Updating learning rate to 5.200073295379252e-05
	iters: 100, epoch: 46 | loss: 0.3234064
	speed: 0.1092s/iter; left time: 31829.9195s
	iters: 200, epoch: 46 | loss: 0.5410809
	speed: 0.0270s/iter; left time: 7878.2229s
	iters: 300, epoch: 46 | loss: 0.3063596
	speed: 0.0193s/iter; left time: 5608.4670s
	iters: 400, epoch: 46 | loss: 0.8861920
	speed: 0.0275s/iter; left time: 8011.3635s
	iters: 500, epoch: 46 | loss: 0.4775397
	speed: 0.0224s/iter; left time: 6526.0636s
	iters: 600, epoch: 46 | loss: 0.3073326
	speed: 0.0233s/iter; left time: 6767.4661s
	iters: 700, epoch: 46 | loss: 0.4015709
	speed: 0.0238s/iter; left time: 6921.3701s
	iters: 800, epoch: 46 | loss: 0.3570880
	speed: 0.0220s/iter; left time: 6398.8503s
	iters: 900, epoch: 46 | loss: 0.3391468
	speed: 0.0260s/iter; left time: 7547.1902s
	iters: 1000, epoch: 46 | loss: 0.3066711
	speed: 0.0241s/iter; left time: 6991.0023s
	iters: 1100, epoch: 46 | loss: 0.3854165
	speed: 0.0244s/iter; left time: 7082.6647s
Epoch: 46 cost time: 27.440170764923096
[2025-05-28 18:00:31] [32mIntermediate result: 0.21432585  (Index 45)[0m
Epoch: 46, Steps: 1143 | Train Loss: 0.4678487 Vali Loss: 0.4723491 Test Loss: 0.2143258
EarlyStopping counter: 12 out of 20
Updating learning rate to 5.3675924626752764e-05
	iters: 100, epoch: 47 | loss: 0.4243811
	speed: 0.1216s/iter; left time: 35288.2579s
	iters: 200, epoch: 47 | loss: 0.3333849
	speed: 0.0230s/iter; left time: 6678.5292s
	iters: 300, epoch: 47 | loss: 0.4291196
	speed: 0.0212s/iter; left time: 6135.5195s
	iters: 400, epoch: 47 | loss: 0.3258073
	speed: 0.0246s/iter; left time: 7117.8285s
	iters: 500, epoch: 47 | loss: 0.3298050
	speed: 0.0248s/iter; left time: 7197.1164s
	iters: 600, epoch: 47 | loss: 0.4150231
	speed: 0.0228s/iter; left time: 6593.9325s
	iters: 700, epoch: 47 | loss: 0.4072226
	speed: 0.0238s/iter; left time: 6893.2135s
	iters: 800, epoch: 47 | loss: 0.4910146
	speed: 0.0232s/iter; left time: 6724.4795s
	iters: 900, epoch: 47 | loss: 0.8105663
	speed: 0.0264s/iter; left time: 7640.8020s
	iters: 1000, epoch: 47 | loss: 0.4268566
	speed: 0.0220s/iter; left time: 6358.5572s
	iters: 1100, epoch: 47 | loss: 0.4099622
	speed: 0.0249s/iter; left time: 7213.6394s
Epoch: 47 cost time: 27.974792957305908
[2025-05-28 18:01:07] [32mIntermediate result: 0.21525058  (Index 46)[0m
Epoch: 47, Steps: 1143 | Train Loss: 0.4657864 Vali Loss: 0.4708689 Test Loss: 0.2152506
EarlyStopping counter: 13 out of 20
Updating learning rate to 5.534907440401739e-05
	iters: 100, epoch: 48 | loss: 0.5471621
	speed: 0.1219s/iter; left time: 35251.1410s
	iters: 200, epoch: 48 | loss: 0.3261839
	speed: 0.0226s/iter; left time: 6525.0227s
	iters: 300, epoch: 48 | loss: 0.3864083
	speed: 0.0237s/iter; left time: 6837.5488s
	iters: 400, epoch: 48 | loss: 0.4637128
	speed: 0.0238s/iter; left time: 6858.5711s
	iters: 500, epoch: 48 | loss: 0.4703591
	speed: 0.0222s/iter; left time: 6397.2302s
	iters: 600, epoch: 48 | loss: 0.5115250
	speed: 0.0242s/iter; left time: 6982.9757s
	iters: 700, epoch: 48 | loss: 0.5220370
	speed: 0.0224s/iter; left time: 6458.1575s
	iters: 800, epoch: 48 | loss: 0.4631616
	speed: 0.0202s/iter; left time: 5835.5500s
	iters: 900, epoch: 48 | loss: 0.4060069
	speed: 0.0232s/iter; left time: 6686.7418s
	iters: 1000, epoch: 48 | loss: 0.2984045
	speed: 0.0263s/iter; left time: 7592.1152s
	iters: 1100, epoch: 48 | loss: 0.4348298
	speed: 0.0297s/iter; left time: 8561.5140s
Epoch: 48 cost time: 27.37695622444153
[2025-05-28 18:01:42] [32mIntermediate result: 0.21544848  (Index 47)[0m
Epoch: 48, Steps: 1143 | Train Loss: 0.4638261 Vali Loss: 0.4755996 Test Loss: 0.2154485
EarlyStopping counter: 14 out of 20
Updating learning rate to 5.7018143770683105e-05
	iters: 100, epoch: 49 | loss: 0.3345976
	speed: 0.1070s/iter; left time: 30821.9058s
	iters: 200, epoch: 49 | loss: 0.3627529
	speed: 0.0245s/iter; left time: 7041.4280s
	iters: 300, epoch: 49 | loss: 0.4166849
	speed: 0.0240s/iter; left time: 6891.7203s
	iters: 400, epoch: 49 | loss: 0.5351984
	speed: 0.0243s/iter; left time: 6984.6266s
	iters: 500, epoch: 49 | loss: 0.7403208
	speed: 0.0198s/iter; left time: 5699.6994s
	iters: 600, epoch: 49 | loss: 0.3312246
	speed: 0.0271s/iter; left time: 7802.1695s
	iters: 700, epoch: 49 | loss: 0.3317058
	speed: 0.0222s/iter; left time: 6376.7941s
	iters: 800, epoch: 49 | loss: 0.3918493
	speed: 0.0267s/iter; left time: 7660.4877s
	iters: 900, epoch: 49 | loss: 0.3391185
	speed: 0.0218s/iter; left time: 6265.9918s
	iters: 1000, epoch: 49 | loss: 1.3270735
	speed: 0.0232s/iter; left time: 6650.7374s
	iters: 1100, epoch: 49 | loss: 0.3321128
	speed: 0.0233s/iter; left time: 6693.3507s
Epoch: 49 cost time: 27.588917016983032
[2025-05-28 18:02:16] [32mIntermediate result: 0.21794456  (Index 48)[0m
Epoch: 49, Steps: 1143 | Train Loss: 0.4631854 Vali Loss: 0.4835840 Test Loss: 0.2179446
EarlyStopping counter: 15 out of 20
Updating learning rate to 5.868109918329512e-05
	iters: 100, epoch: 50 | loss: 0.3160286
	speed: 0.1063s/iter; left time: 30472.9517s
	iters: 200, epoch: 50 | loss: 0.4240038
	speed: 0.0233s/iter; left time: 6666.8045s
	iters: 300, epoch: 50 | loss: 0.4408283
	speed: 0.0199s/iter; left time: 5714.3412s
	iters: 400, epoch: 50 | loss: 0.3763813
	speed: 0.0224s/iter; left time: 6429.6752s
	iters: 500, epoch: 50 | loss: 0.8459687
	speed: 0.0196s/iter; left time: 5610.5298s
	iters: 600, epoch: 50 | loss: 0.8129051
	speed: 0.0303s/iter; left time: 8672.6474s
	iters: 700, epoch: 50 | loss: 0.2743390
	speed: 0.0250s/iter; left time: 7166.7759s
	iters: 800, epoch: 50 | loss: 0.2753294
	speed: 0.0200s/iter; left time: 5708.4337s
	iters: 900, epoch: 50 | loss: 0.7950736
	speed: 0.0237s/iter; left time: 6764.4734s
	iters: 1000, epoch: 50 | loss: 0.4147305
	speed: 0.0239s/iter; left time: 6846.7339s
	iters: 1100, epoch: 50 | loss: 0.3668486
	speed: 0.0225s/iter; left time: 6430.4876s
Epoch: 50 cost time: 26.606999158859253
[2025-05-28 18:02:50] [32mIntermediate result: 0.2213704  (Index 49)[0m
Epoch: 50, Steps: 1143 | Train Loss: 0.4641432 Vali Loss: 0.4850111 Test Loss: 0.2213704
EarlyStopping counter: 16 out of 20
Updating learning rate to 6.03359145474546e-05
	iters: 100, epoch: 51 | loss: 0.2690364
	speed: 0.1085s/iter; left time: 30988.4299s
	iters: 200, epoch: 51 | loss: 0.3155742
	speed: 0.0275s/iter; left time: 7851.7389s
	iters: 300, epoch: 51 | loss: 0.3831528
	speed: 0.0233s/iter; left time: 6652.7027s
	iters: 400, epoch: 51 | loss: 0.3919744
	speed: 0.0318s/iter; left time: 9086.4746s
	iters: 500, epoch: 51 | loss: 0.4893043
	speed: 0.0171s/iter; left time: 4872.4052s
	iters: 600, epoch: 51 | loss: 0.3957769
	speed: 0.0234s/iter; left time: 6658.6614s
	iters: 700, epoch: 51 | loss: 0.3041157
	speed: 0.0268s/iter; left time: 7629.2455s
	iters: 800, epoch: 51 | loss: 0.3037690
	speed: 0.0239s/iter; left time: 6799.0495s
	iters: 900, epoch: 51 | loss: 0.3721889
	speed: 0.0225s/iter; left time: 6422.4342s
	iters: 1000, epoch: 51 | loss: 0.6429009
	speed: 0.0239s/iter; left time: 6806.0455s
	iters: 1100, epoch: 51 | loss: 0.3431731
	speed: 0.0255s/iter; left time: 7246.2922s
Epoch: 51 cost time: 27.928680658340454
[2025-05-28 18:03:27] [32mIntermediate result: 0.21545003  (Index 50)[0m
Epoch: 51, Steps: 1143 | Train Loss: 0.4622315 Vali Loss: 0.4778909 Test Loss: 0.2154500
EarlyStopping counter: 17 out of 20
Updating learning rate to 6.198057368635076e-05
	iters: 100, epoch: 52 | loss: 0.3826757
	speed: 0.1297s/iter; left time: 36898.6961s
	iters: 200, epoch: 52 | loss: 0.3548221
	speed: 0.0197s/iter; left time: 5590.5088s
	iters: 300, epoch: 52 | loss: 0.3569089
	speed: 0.0242s/iter; left time: 6877.9871s
	iters: 400, epoch: 52 | loss: 0.3875237
	speed: 0.0237s/iter; left time: 6725.0292s
	iters: 500, epoch: 52 | loss: 0.4811029
	speed: 0.0228s/iter; left time: 6475.8402s
	iters: 600, epoch: 52 | loss: 0.2708954
	speed: 0.0246s/iter; left time: 6985.4295s
	iters: 700, epoch: 52 | loss: 0.5578728
	speed: 0.0254s/iter; left time: 7203.4965s
	iters: 800, epoch: 52 | loss: 0.3994834
	speed: 0.0229s/iter; left time: 6495.2224s
	iters: 900, epoch: 52 | loss: 0.4612623
	speed: 0.0232s/iter; left time: 6595.9784s
	iters: 1000, epoch: 52 | loss: 0.3597079
	speed: 0.0183s/iter; left time: 5183.3327s
	iters: 1100, epoch: 52 | loss: 0.4957565
	speed: 0.0269s/iter; left time: 7619.9426s
Epoch: 52 cost time: 27.70502209663391
[2025-05-28 18:04:04] [32mIntermediate result: 0.21607734  (Index 51)[0m
Epoch: 52, Steps: 1143 | Train Loss: 0.4599454 Vali Loss: 0.4757031 Test Loss: 0.2160773
EarlyStopping counter: 18 out of 20
Updating learning rate to 6.361307279720933e-05
	iters: 100, epoch: 53 | loss: 0.6793491
	speed: 0.1311s/iter; left time: 37144.5646s
	iters: 200, epoch: 53 | loss: 0.3458987
	speed: 0.0188s/iter; left time: 5314.8285s
	iters: 300, epoch: 53 | loss: 0.3337975
	speed: 0.0246s/iter; left time: 6970.6754s
	iters: 400, epoch: 53 | loss: 0.9139200
	speed: 0.0257s/iter; left time: 7274.4362s
	iters: 500, epoch: 53 | loss: 0.3411728
	speed: 0.0233s/iter; left time: 6585.7961s
	iters: 600, epoch: 53 | loss: 0.8954127
	speed: 0.0218s/iter; left time: 6172.7662s
	iters: 700, epoch: 53 | loss: 0.3806019
	speed: 0.0224s/iter; left time: 6345.3961s
	iters: 800, epoch: 53 | loss: 0.4551536
	speed: 0.0243s/iter; left time: 6881.1619s
	iters: 900, epoch: 53 | loss: 0.4008101
	speed: 0.0217s/iter; left time: 6129.7825s
	iters: 1000, epoch: 53 | loss: 0.4747819
	speed: 0.0318s/iter; left time: 8969.5614s
	iters: 1100, epoch: 53 | loss: 0.4071516
	speed: 0.0237s/iter; left time: 6701.5983s
Epoch: 53 cost time: 27.406772136688232
[2025-05-28 18:04:38] [32mIntermediate result: 0.2153205  (Index 52)[0m
Epoch: 53, Steps: 1143 | Train Loss: 0.4618728 Vali Loss: 0.4794288 Test Loss: 0.2153205
EarlyStopping counter: 19 out of 20
Updating learning rate to 6.523142289266515e-05
	iters: 100, epoch: 54 | loss: 0.3438525
	speed: 0.1047s/iter; left time: 29534.6471s
	iters: 200, epoch: 54 | loss: 0.4061176
	speed: 0.0251s/iter; left time: 7086.9230s
	iters: 300, epoch: 54 | loss: 0.3186918
	speed: 0.0236s/iter; left time: 6660.1258s
	iters: 400, epoch: 54 | loss: 0.4719687
	speed: 0.0241s/iter; left time: 6784.7019s
	iters: 500, epoch: 54 | loss: 0.3570514
	speed: 0.0194s/iter; left time: 5464.8172s
	iters: 600, epoch: 54 | loss: 0.4365985
	speed: 0.0267s/iter; left time: 7526.9830s
	iters: 700, epoch: 54 | loss: 0.3929037
	speed: 0.0223s/iter; left time: 6284.4303s
	iters: 800, epoch: 54 | loss: 0.3749448
	speed: 0.0290s/iter; left time: 8160.2782s
	iters: 900, epoch: 54 | loss: 0.4322375
	speed: 0.0202s/iter; left time: 5696.9714s
	iters: 1000, epoch: 54 | loss: 0.3382601
	speed: 0.0243s/iter; left time: 6836.3850s
	iters: 1100, epoch: 54 | loss: 0.3060050
	speed: 0.0248s/iter; left time: 6961.1494s
Epoch: 54 cost time: 27.51816177368164
[2025-05-28 18:05:13] [32mIntermediate result: 0.21655028  (Index 53)[0m
Epoch: 54, Steps: 1143 | Train Loss: 0.4617090 Vali Loss: 0.4787113 Test Loss: 0.2165503
EarlyStopping counter: 20 out of 20
Early stopping
>>>>>>>testing : 96_192_PRNN_TST_custom_ftM_sl96_ll18_pl192_dm128_nh16_el3_dl1_df256_fc1_ebtimeF_dtTrue_Exp_0<<<<<<<<<<<<<<<<<<<<<<<<<<<<<<<<<
test 10348
mse:0.21428197622299194, mae:0.25629475712776184, rse:0.6092896461486816
[2025-05-28 18:05:25] [32mFinal result: 0.21428198[0m
